Command line invocation:
    /Applications/Xcode.app/Contents/Developer/usr/bin/xcodebuild build -project Cloudyyy_App.xcodeproj -scheme Cloudyyy_App -destination id=0BE0FDDB-98C4-4156-B9A1-3B75D8FDA654 -disablePackageRepositoryCache

Resolve Package Graph


Resolved source packages:
  swift-crypto: https://github.com/apple/swift-crypto.git @ 4.1.0
  Supabase: https://github.com/supabase-community/supabase-swift @ 2.37.0
  swift-concurrency-extras: https://github.com/pointfreeco/swift-concurrency-extras @ 1.3.2
  Lottie: https://github.com/airbnb/lottie-ios.git @ 4.5.2
  xctest-dynamic-overlay: https://github.com/pointfreeco/xctest-dynamic-overlay @ 1.7.0
  swift-clocks: https://github.com/pointfreeco/swift-clocks @ 1.0.6
  swift-asn1: https://github.com/apple/swift-asn1.git @ 1.5.0
  swift-http-types: https://github.com/apple/swift-http-types.git @ 1.5.1

2026-03-30 13:43:59.447 xcodebuild[65699:48036255] [MT] IDERunDestination: Supported platforms for the buildables in the current scheme is empty.
ComputePackagePrebuildTargetDependencyGraph

Prepare packages

CreateBuildRequest

SendProjectDescription

CreateBuildOperation

ComputeTargetDependencyGraph
note: Building targets in dependency order
note: Target dependency graph (31 targets)
    Target 'Cloudyyy_App' in project 'Cloudyyy_App'
        ➜ Explicit dependency on target 'Supabase' in project 'Supabase'
        ➜ Explicit dependency on target 'Storage' in project 'Supabase'
        ➜ Explicit dependency on target 'PostgREST' in project 'Supabase'
        ➜ Explicit dependency on target 'Functions' in project 'Supabase'
        ➜ Explicit dependency on target 'Auth' in project 'Supabase'
        ➜ Explicit dependency on target 'Realtime' in project 'Supabase'
        ➜ Explicit dependency on target 'Lottie' in project 'Lottie'
    Target 'Lottie' in project 'Lottie'
        ➜ Explicit dependency on target 'Lottie' in project 'Lottie'
        ➜ Explicit dependency on target 'Lottie_Lottie' in project 'Lottie'
    Target 'Lottie' in project 'Lottie'
        ➜ Explicit dependency on target 'Lottie_Lottie' in project 'Lottie'
    Target 'Lottie_Lottie' in project 'Lottie' (no dependencies)
    Target 'Realtime' in project 'Supabase'
        ➜ Explicit dependency on target 'Realtime' in project 'Supabase'
        ➜ Explicit dependency on target 'Helpers' in project 'Supabase'
        ➜ Explicit dependency on target 'ConcurrencyExtras' in project 'swift-concurrency-extras'
        ➜ Explicit dependency on target 'HTTPTypes' in project 'swift-http-types'
        ➜ Explicit dependency on target 'Clocks' in project 'swift-clocks'
        ➜ Explicit dependency on target 'XCTestDynamicOverlay' in project 'xctest-dynamic-overlay'
        ➜ Explicit dependency on target 'IssueReporting' in project 'xctest-dynamic-overlay'
    Target 'Auth' in project 'Supabase'
        ➜ Explicit dependency on target 'Auth' in project 'Supabase'
        ➜ Explicit dependency on target 'Helpers' in project 'Supabase'
        ➜ Explicit dependency on target 'ConcurrencyExtras' in project 'swift-concurrency-extras'
        ➜ Explicit dependency on target 'HTTPTypes' in project 'swift-http-types'
        ➜ Explicit dependency on target 'Clocks' in project 'swift-clocks'
        ➜ Explicit dependency on target 'XCTestDynamicOverlay' in project 'xctest-dynamic-overlay'
        ➜ Explicit dependency on target 'Crypto' in project 'swift-crypto'
    Target 'Functions' in project 'Supabase'
        ➜ Explicit dependency on target 'Functions' in project 'Supabase'
        ➜ Explicit dependency on target 'Helpers' in project 'Supabase'
        ➜ Explicit dependency on target 'ConcurrencyExtras' in project 'swift-concurrency-extras'
        ➜ Explicit dependency on target 'HTTPTypes' in project 'swift-http-types'
        ➜ Explicit dependency on target 'Clocks' in project 'swift-clocks'
        ➜ Explicit dependency on target 'XCTestDynamicOverlay' in project 'xctest-dynamic-overlay'
    Target 'PostgREST' in project 'Supabase'
        ➜ Explicit dependency on target 'PostgREST' in project 'Supabase'
        ➜ Explicit dependency on target 'Helpers' in project 'Supabase'
        ➜ Explicit dependency on target 'ConcurrencyExtras' in project 'swift-concurrency-extras'
        ➜ Explicit dependency on target 'HTTPTypes' in project 'swift-http-types'
        ➜ Explicit dependency on target 'Clocks' in project 'swift-clocks'
        ➜ Explicit dependency on target 'XCTestDynamicOverlay' in project 'xctest-dynamic-overlay'
    Target 'Storage' in project 'Supabase'
        ➜ Explicit dependency on target 'Storage' in project 'Supabase'
        ➜ Explicit dependency on target 'Helpers' in project 'Supabase'
        ➜ Explicit dependency on target 'ConcurrencyExtras' in project 'swift-concurrency-extras'
        ➜ Explicit dependency on target 'HTTPTypes' in project 'swift-http-types'
        ➜ Explicit dependency on target 'Clocks' in project 'swift-clocks'
        ➜ Explicit dependency on target 'XCTestDynamicOverlay' in project 'xctest-dynamic-overlay'
    Target 'Supabase' in project 'Supabase'
        ➜ Explicit dependency on target 'Supabase' in project 'Supabase'
        ➜ Explicit dependency on target 'Functions' in project 'Supabase'
        ➜ Explicit dependency on target 'PostgREST' in project 'Supabase'
        ➜ Explicit dependency on target 'Auth' in project 'Supabase'
        ➜ Explicit dependency on target 'Realtime' in project 'Supabase'
        ➜ Explicit dependency on target 'Storage' in project 'Supabase'
        ➜ Explicit dependency on target 'Helpers' in project 'Supabase'
        ➜ Explicit dependency on target 'ConcurrencyExtras' in project 'swift-concurrency-extras'
        ➜ Explicit dependency on target 'HTTPTypes' in project 'swift-http-types'
        ➜ Explicit dependency on target 'Clocks' in project 'swift-clocks'
        ➜ Explicit dependency on target 'XCTestDynamicOverlay' in project 'xctest-dynamic-overlay'
        ➜ Explicit dependency on target 'Crypto' in project 'swift-crypto'
        ➜ Explicit dependency on target 'IssueReporting' in project 'xctest-dynamic-overlay'
    Target 'Supabase' in project 'Supabase'
        ➜ Explicit dependency on target 'Helpers' in project 'Supabase'
        ➜ Explicit dependency on target 'Auth' in project 'Supabase'
        ➜ Explicit dependency on target 'Functions' in project 'Supabase'
        ➜ Explicit dependency on target 'PostgREST' in project 'Supabase'
        ➜ Explicit dependency on target 'Realtime' in project 'Supabase'
        ➜ Explicit dependency on target 'Storage' in project 'Supabase'
        ➜ Explicit dependency on target 'ConcurrencyExtras' in project 'swift-concurrency-extras'
        ➜ Explicit dependency on target 'HTTPTypes' in project 'swift-http-types'
        ➜ Explicit dependency on target 'Clocks' in project 'swift-clocks'
        ➜ Explicit dependency on target 'XCTestDynamicOverlay' in project 'xctest-dynamic-overlay'
        ➜ Explicit dependency on target 'Crypto' in project 'swift-crypto'
        ➜ Explicit dependency on target 'IssueReporting' in project 'xctest-dynamic-overlay'
    Target 'Storage' in project 'Supabase'
        ➜ Explicit dependency on target 'Helpers' in project 'Supabase'
        ➜ Explicit dependency on target 'ConcurrencyExtras' in project 'swift-concurrency-extras'
        ➜ Explicit dependency on target 'HTTPTypes' in project 'swift-http-types'
        ➜ Explicit dependency on target 'Clocks' in project 'swift-clocks'
        ➜ Explicit dependency on target 'XCTestDynamicOverlay' in project 'xctest-dynamic-overlay'
    Target 'Realtime' in project 'Supabase'
        ➜ Explicit dependency on target 'Helpers' in project 'Supabase'
        ➜ Explicit dependency on target 'ConcurrencyExtras' in project 'swift-concurrency-extras'
        ➜ Explicit dependency on target 'HTTPTypes' in project 'swift-http-types'
        ➜ Explicit dependency on target 'Clocks' in project 'swift-clocks'
        ➜ Explicit dependency on target 'XCTestDynamicOverlay' in project 'xctest-dynamic-overlay'
        ➜ Explicit dependency on target 'IssueReporting' in project 'xctest-dynamic-overlay'
    Target 'PostgREST' in project 'Supabase'
        ➜ Explicit dependency on target 'Helpers' in project 'Supabase'
        ➜ Explicit dependency on target 'ConcurrencyExtras' in project 'swift-concurrency-extras'
        ➜ Explicit dependency on target 'HTTPTypes' in project 'swift-http-types'
        ➜ Explicit dependency on target 'Clocks' in project 'swift-clocks'
        ➜ Explicit dependency on target 'XCTestDynamicOverlay' in project 'xctest-dynamic-overlay'
    Target 'Functions' in project 'Supabase'
        ➜ Explicit dependency on target 'Helpers' in project 'Supabase'
        ➜ Explicit dependency on target 'ConcurrencyExtras' in project 'swift-concurrency-extras'
        ➜ Explicit dependency on target 'HTTPTypes' in project 'swift-http-types'
        ➜ Explicit dependency on target 'Clocks' in project 'swift-clocks'
        ➜ Explicit dependency on target 'XCTestDynamicOverlay' in project 'xctest-dynamic-overlay'
    Target 'Auth' in project 'Supabase'
        ➜ Explicit dependency on target 'Helpers' in project 'Supabase'
        ➜ Explicit dependency on target 'ConcurrencyExtras' in project 'swift-concurrency-extras'
        ➜ Explicit dependency on target 'HTTPTypes' in project 'swift-http-types'
        ➜ Explicit dependency on target 'Clocks' in project 'swift-clocks'
        ➜ Explicit dependency on target 'XCTestDynamicOverlay' in project 'xctest-dynamic-overlay'
        ➜ Explicit dependency on target 'Crypto' in project 'swift-crypto'
    Target 'Crypto' in project 'swift-crypto'
        ➜ Explicit dependency on target 'Crypto' in project 'swift-crypto'
        ➜ Explicit dependency on target 'swift-crypto_Crypto' in project 'swift-crypto'
    Target 'Crypto' in project 'swift-crypto'
        ➜ Explicit dependency on target 'swift-crypto_Crypto' in project 'swift-crypto'
    Target 'swift-crypto_Crypto' in project 'swift-crypto' (no dependencies)
    Target 'Helpers' in project 'Supabase'
        ➜ Explicit dependency on target 'ConcurrencyExtras' in project 'swift-concurrency-extras'
        ➜ Explicit dependency on target 'HTTPTypes' in project 'swift-http-types'
        ➜ Explicit dependency on target 'Clocks' in project 'swift-clocks'
        ➜ Explicit dependency on target 'XCTestDynamicOverlay' in project 'xctest-dynamic-overlay'
    Target 'XCTestDynamicOverlay' in project 'xctest-dynamic-overlay'
        ➜ Explicit dependency on target 'XCTestDynamicOverlay' in project 'xctest-dynamic-overlay'
        ➜ Explicit dependency on target 'IssueReportingPackageSupport' in project 'xctest-dynamic-overlay'
        ➜ Explicit dependency on target 'IssueReporting' in project 'xctest-dynamic-overlay'
    Target 'XCTestDynamicOverlay' in project 'xctest-dynamic-overlay'
        ➜ Explicit dependency on target 'IssueReportingPackageSupport' in project 'xctest-dynamic-overlay'
        ➜ Explicit dependency on target 'IssueReporting' in project 'xctest-dynamic-overlay'
    Target 'Clocks' in project 'swift-clocks'
        ➜ Explicit dependency on target 'Clocks' in project 'swift-clocks'
        ➜ Explicit dependency on target 'ConcurrencyExtras' in project 'swift-concurrency-extras'
        ➜ Explicit dependency on target 'IssueReporting' in project 'xctest-dynamic-overlay'
    Target 'Clocks' in project 'swift-clocks'
        ➜ Explicit dependency on target 'ConcurrencyExtras' in project 'swift-concurrency-extras'
        ➜ Explicit dependency on target 'IssueReporting' in project 'xctest-dynamic-overlay'
    Target 'IssueReporting' in project 'xctest-dynamic-overlay'
        ➜ Explicit dependency on target 'IssueReporting' in project 'xctest-dynamic-overlay'
        ➜ Explicit dependency on target 'IssueReportingPackageSupport' in project 'xctest-dynamic-overlay'
    Target 'IssueReporting' in project 'xctest-dynamic-overlay'
        ➜ Explicit dependency on target 'IssueReportingPackageSupport' in project 'xctest-dynamic-overlay'
    Target 'IssueReportingPackageSupport' in project 'xctest-dynamic-overlay' (no dependencies)
    Target 'HTTPTypes' in project 'swift-http-types'
        ➜ Explicit dependency on target 'HTTPTypes' in project 'swift-http-types'
    Target 'HTTPTypes' in project 'swift-http-types' (no dependencies)
    Target 'ConcurrencyExtras' in project 'swift-concurrency-extras'
        ➜ Explicit dependency on target 'ConcurrencyExtras' in project 'swift-concurrency-extras'
    Target 'ConcurrencyExtras' in project 'swift-concurrency-extras' (no dependencies)

GatherProvisioningInputs

CreateBuildDescription

ExecuteExternalTool /Applications/Xcode.app/Contents/Developer/Toolchains/XcodeDefault.xctoolchain/usr/bin/swiftc --version

ExecuteExternalTool /Applications/Xcode.app/Contents/Developer/Toolchains/XcodeDefault.xctoolchain/usr/bin/clang -v -E -dM -isysroot /Applications/Xcode.app/Contents/Developer/Platforms/iPhoneSimulator.platform/Developer/SDKs/iPhoneSimulator26.2.sdk -x c -c /dev/null

ExecuteExternalTool /Applications/Xcode.app/Contents/Developer/usr/bin/ibtool --version --output-format xml1

ExecuteExternalTool /Applications/Xcode.app/Contents/Developer/usr/bin/actool --print-asset-tag-combinations --output-format xml1 /Users/admin15/Documents/cloudy_23march/Cloudyyy_App/Assets.xcassets

ExecuteExternalTool /Applications/Xcode.app/Contents/Developer/Toolchains/XcodeDefault.xctoolchain/usr/bin/ld -version_details

ReadFileContents /Applications/Xcode.app/Contents/Developer/Toolchains/XcodeDefault.xctoolchain/usr/share/docc/features.json

ExecuteExternalTool /Applications/Xcode.app/Contents/Developer/usr/bin/actool --version --output-format xml1

Build description signature: f6ae2fcd22897c6a9701a182a198f45d
Build description path: /Users/admin15/Library/Developer/Xcode/DerivedData/Cloudyyy_App-givuluqnjhnfsleknoohwwvjeazc/Build/Intermediates.noindex/XCBuildData/f6ae2fcd22897c6a9701a182a198f45d.xcbuilddata
ClangStatCache /Applications/Xcode.app/Contents/Developer/Toolchains/XcodeDefault.xctoolchain/usr/bin/clang-stat-cache /Applications/Xcode.app/Contents/Developer/Platforms/iPhoneSimulator.platform/Developer/SDKs/iPhoneSimulator26.2.sdk /Users/admin15/Library/Developer/Xcode/DerivedData/SDKStatCaches.noindex/iphonesimulator26.2-23C53-3885c01c3e6b6a337905948deab2002e7d00a8b37fbd7999ea79df8ebc024bf0.sdkstatcache
    cd /Users/admin15/Documents/cloudy_23march/Cloudyyy_App.xcodeproj
    /Applications/Xcode.app/Contents/Developer/Toolchains/XcodeDefault.xctoolchain/usr/bin/clang-stat-cache /Applications/Xcode.app/Contents/Developer/Platforms/iPhoneSimulator.platform/Developer/SDKs/iPhoneSimulator26.2.sdk -o /Users/admin15/Library/Developer/Xcode/DerivedData/SDKStatCaches.noindex/iphonesimulator26.2-23C53-3885c01c3e6b6a337905948deab2002e7d00a8b37fbd7999ea79df8ebc024bf0.sdkstatcache

Ld /Users/admin15/Library/Developer/Xcode/DerivedData/Cloudyyy_App-givuluqnjhnfsleknoohwwvjeazc/Build/Products/Debug-iphonesimulator/ConcurrencyExtras.o normal (in target 'ConcurrencyExtras' from project 'swift-concurrency-extras')
    cd /Users/admin15/Library/Developer/Xcode/DerivedData/Cloudyyy_App-givuluqnjhnfsleknoohwwvjeazc/SourcePackages/checkouts/swift-concurrency-extras
    /Applications/Xcode.app/Contents/Developer/Toolchains/XcodeDefault.xctoolchain/usr/bin/clang -Xlinker -reproducible -target arm64-apple-ios13.0-simulator -r -isysroot /Applications/Xcode.app/Contents/Developer/Platforms/iPhoneSimulator.platform/Developer/SDKs/iPhoneSimulator26.2.sdk -O0 -w -L/Users/admin15/Library/Developer/Xcode/DerivedData/Cloudyyy_App-givuluqnjhnfsleknoohwwvjeazc/Build/Intermediates.noindex/EagerLinkingTBDs/Debug-iphonesimulator -L/Users/admin15/Library/Developer/Xcode/DerivedData/Cloudyyy_App-givuluqnjhnfsleknoohwwvjeazc/Build/Products/Debug-iphonesimulator -L/Applications/Xcode.app/Contents/Developer/Platforms/iPhoneSimulator.platform/Developer/usr/lib -F/Users/admin15/Library/Developer/Xcode/DerivedData/Cloudyyy_App-givuluqnjhnfsleknoohwwvjeazc/Build/Intermediates.noindex/EagerLinkingTBDs/Debug-iphonesimulator -F/Users/admin15/Library/Developer/Xcode/DerivedData/Cloudyyy_App-givuluqnjhnfsleknoohwwvjeazc/Build/Products/Debug-iphonesimulator -iframework /Applications/Xcode.app/Contents/Developer/Platforms/iPhoneSimulator.platform/Developer/Library/Frameworks -iframework /Applications/Xcode.app/Contents/Developer/Platforms/iPhoneSimulator.platform/Developer/SDKs/iPhoneSimulator26.2.sdk/Developer/Library/Frameworks -filelist /Users/admin15/Library/Developer/Xcode/DerivedData/Cloudyyy_App-givuluqnjhnfsleknoohwwvjeazc/Build/Intermediates.noindex/swift-concurrency-extras.build/Debug-iphonesimulator/ConcurrencyExtras.build/Objects-normal/arm64/ConcurrencyExtras.LinkFileList -nostdlib -Xlinker -object_path_lto -Xlinker /Users/admin15/Library/Developer/Xcode/DerivedData/Cloudyyy_App-givuluqnjhnfsleknoohwwvjeazc/Build/Intermediates.noindex/swift-concurrency-extras.build/Debug-iphonesimulator/ConcurrencyExtras.build/Objects-normal/arm64/ConcurrencyExtras_lto.o -rdynamic -Xlinker -no_deduplicate -Xlinker -objc_abi_version -Xlinker 2 -Xlinker -debug_variant -Xlinker -dependency_info -Xlinker /Users/admin15/Library/Developer/Xcode/DerivedData/Cloudyyy_App-givuluqnjhnfsleknoohwwvjeazc/Build/Intermediates.noindex/swift-concurrency-extras.build/Debug-iphonesimulator/ConcurrencyExtras.build/Objects-normal/arm64/ConcurrencyExtras_dependency_info.dat -fobjc-link-runtime -L/Applications/Xcode.app/Contents/Developer/Toolchains/XcodeDefault.xctoolchain/usr/lib/swift/iphonesimulator -L/usr/lib/swift -Xlinker -add_ast_path -Xlinker /Users/admin15/Library/Developer/Xcode/DerivedData/Cloudyyy_App-givuluqnjhnfsleknoohwwvjeazc/Build/Intermediates.noindex/swift-concurrency-extras.build/Debug-iphonesimulator/ConcurrencyExtras.build/Objects-normal/arm64/ConcurrencyExtras.swiftmodule @/Users/admin15/Library/Developer/Xcode/DerivedData/Cloudyyy_App-givuluqnjhnfsleknoohwwvjeazc/Build/Intermediates.noindex/swift-concurrency-extras.build/Debug-iphonesimulator/ConcurrencyExtras.build/Objects-normal/arm64/ConcurrencyExtras-linker-args.resp -o /Users/admin15/Library/Developer/Xcode/DerivedData/Cloudyyy_App-givuluqnjhnfsleknoohwwvjeazc/Build/Products/Debug-iphonesimulator/ConcurrencyExtras.o

Ld /Users/admin15/Library/Developer/Xcode/DerivedData/Cloudyyy_App-givuluqnjhnfsleknoohwwvjeazc/Build/Products/Debug-iphonesimulator/IssueReportingPackageSupport.o normal (in target 'IssueReportingPackageSupport' from project 'xctest-dynamic-overlay')
    cd /Users/admin15/Library/Developer/Xcode/DerivedData/Cloudyyy_App-givuluqnjhnfsleknoohwwvjeazc/SourcePackages/checkouts/xctest-dynamic-overlay
    /Applications/Xcode.app/Contents/Developer/Toolchains/XcodeDefault.xctoolchain/usr/bin/clang -Xlinker -reproducible -target arm64-apple-ios13.0-simulator -r -isysroot /Applications/Xcode.app/Contents/Developer/Platforms/iPhoneSimulator.platform/Developer/SDKs/iPhoneSimulator26.2.sdk -O0 -w -L/Users/admin15/Library/Developer/Xcode/DerivedData/Cloudyyy_App-givuluqnjhnfsleknoohwwvjeazc/Build/Intermediates.noindex/EagerLinkingTBDs/Debug-iphonesimulator -L/Users/admin15/Library/Developer/Xcode/DerivedData/Cloudyyy_App-givuluqnjhnfsleknoohwwvjeazc/Build/Products/Debug-iphonesimulator -L/Applications/Xcode.app/Contents/Developer/Platforms/iPhoneSimulator.platform/Developer/usr/lib -F/Users/admin15/Library/Developer/Xcode/DerivedData/Cloudyyy_App-givuluqnjhnfsleknoohwwvjeazc/Build/Intermediates.noindex/EagerLinkingTBDs/Debug-iphonesimulator -F/Users/admin15/Library/Developer/Xcode/DerivedData/Cloudyyy_App-givuluqnjhnfsleknoohwwvjeazc/Build/Products/Debug-iphonesimulator -iframework /Applications/Xcode.app/Contents/Developer/Platforms/iPhoneSimulator.platform/Developer/Library/Frameworks -iframework /Applications/Xcode.app/Contents/Developer/Platforms/iPhoneSimulator.platform/Developer/SDKs/iPhoneSimulator26.2.sdk/Developer/Library/Frameworks -filelist /Users/admin15/Library/Developer/Xcode/DerivedData/Cloudyyy_App-givuluqnjhnfsleknoohwwvjeazc/Build/Intermediates.noindex/xctest-dynamic-overlay.build/Debug-iphonesimulator/IssueReportingPackageSupport.build/Objects-normal/arm64/IssueReportingPackageSupport.LinkFileList -nostdlib -Xlinker -object_path_lto -Xlinker /Users/admin15/Library/Developer/Xcode/DerivedData/Cloudyyy_App-givuluqnjhnfsleknoohwwvjeazc/Build/Intermediates.noindex/xctest-dynamic-overlay.build/Debug-iphonesimulator/IssueReportingPackageSupport.build/Objects-normal/arm64/IssueReportingPackageSupport_lto.o -rdynamic -Xlinker -no_deduplicate -Xlinker -objc_abi_version -Xlinker 2 -Xlinker -debug_variant -Xlinker -dependency_info -Xlinker /Users/admin15/Library/Developer/Xcode/DerivedData/Cloudyyy_App-givuluqnjhnfsleknoohwwvjeazc/Build/Intermediates.noindex/xctest-dynamic-overlay.build/Debug-iphonesimulator/IssueReportingPackageSupport.build/Objects-normal/arm64/IssueReportingPackageSupport_dependency_info.dat -fobjc-link-runtime -L/Applications/Xcode.app/Contents/Developer/Toolchains/XcodeDefault.xctoolchain/usr/lib/swift/iphonesimulator -L/usr/lib/swift -Xlinker -add_ast_path -Xlinker /Users/admin15/Library/Developer/Xcode/DerivedData/Cloudyyy_App-givuluqnjhnfsleknoohwwvjeazc/Build/Intermediates.noindex/xctest-dynamic-overlay.build/Debug-iphonesimulator/IssueReportingPackageSupport.build/Objects-normal/arm64/IssueReportingPackageSupport.swiftmodule @/Users/admin15/Library/Developer/Xcode/DerivedData/Cloudyyy_App-givuluqnjhnfsleknoohwwvjeazc/Build/Intermediates.noindex/xctest-dynamic-overlay.build/Debug-iphonesimulator/IssueReportingPackageSupport.build/Objects-normal/arm64/IssueReportingPackageSupport-linker-args.resp -o /Users/admin15/Library/Developer/Xcode/DerivedData/Cloudyyy_App-givuluqnjhnfsleknoohwwvjeazc/Build/Products/Debug-iphonesimulator/IssueReportingPackageSupport.o

ProcessInfoPlistFile /Users/admin15/Library/Developer/Xcode/DerivedData/Cloudyyy_App-givuluqnjhnfsleknoohwwvjeazc/Build/Products/Debug-iphonesimulator/swift-crypto_Crypto.bundle/Info.plist /Users/admin15/Library/Developer/Xcode/DerivedData/Cloudyyy_App-givuluqnjhnfsleknoohwwvjeazc/Build/Intermediates.noindex/swift-crypto.build/Debug-iphonesimulator/swift-crypto_Crypto.build/empty-swift-crypto_Crypto.plist (in target 'swift-crypto_Crypto' from project 'swift-crypto')
    cd /Users/admin15/Library/Developer/Xcode/DerivedData/Cloudyyy_App-givuluqnjhnfsleknoohwwvjeazc/SourcePackages/checkouts/swift-crypto
    builtin-infoPlistUtility /Users/admin15/Library/Developer/Xcode/DerivedData/Cloudyyy_App-givuluqnjhnfsleknoohwwvjeazc/Build/Intermediates.noindex/swift-crypto.build/Debug-iphonesimulator/swift-crypto_Crypto.build/empty-swift-crypto_Crypto.plist -producttype com.apple.product-type.bundle -expandbuildsettings -format binary -platform iphonesimulator -o /Users/admin15/Library/Developer/Xcode/DerivedData/Cloudyyy_App-givuluqnjhnfsleknoohwwvjeazc/Build/Products/Debug-iphonesimulator/swift-crypto_Crypto.bundle/Info.plist

ProcessInfoPlistFile /Users/admin15/Library/Developer/Xcode/DerivedData/Cloudyyy_App-givuluqnjhnfsleknoohwwvjeazc/Build/Products/Debug-iphonesimulator/Lottie_Lottie.bundle/Info.plist /Users/admin15/Library/Developer/Xcode/DerivedData/Cloudyyy_App-givuluqnjhnfsleknoohwwvjeazc/Build/Intermediates.noindex/Lottie.build/Debug-iphonesimulator/Lottie_Lottie.build/empty-Lottie_Lottie.plist (in target 'Lottie_Lottie' from project 'Lottie')
    cd /Users/admin15/Library/Developer/Xcode/DerivedData/Cloudyyy_App-givuluqnjhnfsleknoohwwvjeazc/SourcePackages/checkouts/lottie-ios
    builtin-infoPlistUtility /Users/admin15/Library/Developer/Xcode/DerivedData/Cloudyyy_App-givuluqnjhnfsleknoohwwvjeazc/Build/Intermediates.noindex/Lottie.build/Debug-iphonesimulator/Lottie_Lottie.build/empty-Lottie_Lottie.plist -producttype com.apple.product-type.bundle -expandbuildsettings -format binary -platform iphonesimulator -o /Users/admin15/Library/Developer/Xcode/DerivedData/Cloudyyy_App-givuluqnjhnfsleknoohwwvjeazc/Build/Products/Debug-iphonesimulator/Lottie_Lottie.bundle/Info.plist

Ld /Users/admin15/Library/Developer/Xcode/DerivedData/Cloudyyy_App-givuluqnjhnfsleknoohwwvjeazc/Build/Products/Debug-iphonesimulator/HTTPTypes.o normal (in target 'HTTPTypes' from project 'swift-http-types')
    cd /Users/admin15/Library/Developer/Xcode/DerivedData/Cloudyyy_App-givuluqnjhnfsleknoohwwvjeazc/SourcePackages/checkouts/swift-http-types
    /Applications/Xcode.app/Contents/Developer/Toolchains/XcodeDefault.xctoolchain/usr/bin/clang -Xlinker -reproducible -target arm64-apple-ios12.0-simulator -r -isysroot /Applications/Xcode.app/Contents/Developer/Platforms/iPhoneSimulator.platform/Developer/SDKs/iPhoneSimulator26.2.sdk -O0 -w -L/Users/admin15/Library/Developer/Xcode/DerivedData/Cloudyyy_App-givuluqnjhnfsleknoohwwvjeazc/Build/Intermediates.noindex/EagerLinkingTBDs/Debug-iphonesimulator -L/Users/admin15/Library/Developer/Xcode/DerivedData/Cloudyyy_App-givuluqnjhnfsleknoohwwvjeazc/Build/Products/Debug-iphonesimulator -L/Applications/Xcode.app/Contents/Developer/Platforms/iPhoneSimulator.platform/Developer/usr/lib -F/Users/admin15/Library/Developer/Xcode/DerivedData/Cloudyyy_App-givuluqnjhnfsleknoohwwvjeazc/Build/Intermediates.noindex/EagerLinkingTBDs/Debug-iphonesimulator -F/Users/admin15/Library/Developer/Xcode/DerivedData/Cloudyyy_App-givuluqnjhnfsleknoohwwvjeazc/Build/Products/Debug-iphonesimulator -iframework /Applications/Xcode.app/Contents/Developer/Platforms/iPhoneSimulator.platform/Developer/Library/Frameworks -iframework /Applications/Xcode.app/Contents/Developer/Platforms/iPhoneSimulator.platform/Developer/SDKs/iPhoneSimulator26.2.sdk/Developer/Library/Frameworks -filelist /Users/admin15/Library/Developer/Xcode/DerivedData/Cloudyyy_App-givuluqnjhnfsleknoohwwvjeazc/Build/Intermediates.noindex/swift-http-types.build/Debug-iphonesimulator/HTTPTypes.build/Objects-normal/arm64/HTTPTypes.LinkFileList -nostdlib -Xlinker -object_path_lto -Xlinker /Users/admin15/Library/Developer/Xcode/DerivedData/Cloudyyy_App-givuluqnjhnfsleknoohwwvjeazc/Build/Intermediates.noindex/swift-http-types.build/Debug-iphonesimulator/HTTPTypes.build/Objects-normal/arm64/HTTPTypes_lto.o -rdynamic -Xlinker -no_deduplicate -Xlinker -objc_abi_version -Xlinker 2 -Xlinker -debug_variant -Xlinker -dependency_info -Xlinker /Users/admin15/Library/Developer/Xcode/DerivedData/Cloudyyy_App-givuluqnjhnfsleknoohwwvjeazc/Build/Intermediates.noindex/swift-http-types.build/Debug-iphonesimulator/HTTPTypes.build/Objects-normal/arm64/HTTPTypes_dependency_info.dat -fobjc-link-runtime -L/Applications/Xcode.app/Contents/Developer/Toolchains/XcodeDefault.xctoolchain/usr/lib/swift/iphonesimulator -L/usr/lib/swift -Xlinker -add_ast_path -Xlinker /Users/admin15/Library/Developer/Xcode/DerivedData/Cloudyyy_App-givuluqnjhnfsleknoohwwvjeazc/Build/Intermediates.noindex/swift-http-types.build/Debug-iphonesimulator/HTTPTypes.build/Objects-normal/arm64/HTTPTypes.swiftmodule @/Users/admin15/Library/Developer/Xcode/DerivedData/Cloudyyy_App-givuluqnjhnfsleknoohwwvjeazc/Build/Intermediates.noindex/swift-http-types.build/Debug-iphonesimulator/HTTPTypes.build/Objects-normal/arm64/HTTPTypes-linker-args.resp -o /Users/admin15/Library/Developer/Xcode/DerivedData/Cloudyyy_App-givuluqnjhnfsleknoohwwvjeazc/Build/Products/Debug-iphonesimulator/HTTPTypes.o

WriteAuxiliaryFile /Users/admin15/Library/Developer/Xcode/DerivedData/Cloudyyy_App-givuluqnjhnfsleknoohwwvjeazc/Build/Intermediates.noindex/Cloudyyy_App.build/Debug-iphonesimulator/Cloudyyy_App.build/Objects-normal/arm64/Cloudyyy_App.SwiftFileList (in target 'Cloudyyy_App' from project 'Cloudyyy_App')
    cd /Users/admin15/Documents/cloudy_23march
    write-file /Users/admin15/Library/Developer/Xcode/DerivedData/Cloudyyy_App-givuluqnjhnfsleknoohwwvjeazc/Build/Intermediates.noindex/Cloudyyy_App.build/Debug-iphonesimulator/Cloudyyy_App.build/Objects-normal/arm64/Cloudyyy_App.SwiftFileList

WriteAuxiliaryFile /Users/admin15/Library/Developer/Xcode/DerivedData/Cloudyyy_App-givuluqnjhnfsleknoohwwvjeazc/Build/Intermediates.noindex/Cloudyyy_App.build/Debug-iphonesimulator/Cloudyyy_App.build/Objects-normal/arm64/Cloudyyy_App.LinkFileList (in target 'Cloudyyy_App' from project 'Cloudyyy_App')
    cd /Users/admin15/Documents/cloudy_23march
    write-file /Users/admin15/Library/Developer/Xcode/DerivedData/Cloudyyy_App-givuluqnjhnfsleknoohwwvjeazc/Build/Intermediates.noindex/Cloudyyy_App.build/Debug-iphonesimulator/Cloudyyy_App.build/Objects-normal/arm64/Cloudyyy_App.LinkFileList

WriteAuxiliaryFile /Users/admin15/Library/Developer/Xcode/DerivedData/Cloudyyy_App-givuluqnjhnfsleknoohwwvjeazc/Build/Intermediates.noindex/Cloudyyy_App.build/Debug-iphonesimulator/Cloudyyy_App.build/Objects-normal/arm64/Cloudyyy_App.SwiftConstValuesFileList (in target 'Cloudyyy_App' from project 'Cloudyyy_App')
    cd /Users/admin15/Documents/cloudy_23march
    write-file /Users/admin15/Library/Developer/Xcode/DerivedData/Cloudyyy_App-givuluqnjhnfsleknoohwwvjeazc/Build/Intermediates.noindex/Cloudyyy_App.build/Debug-iphonesimulator/Cloudyyy_App.build/Objects-normal/arm64/Cloudyyy_App.SwiftConstValuesFileList

Ld /Users/admin15/Library/Developer/Xcode/DerivedData/Cloudyyy_App-givuluqnjhnfsleknoohwwvjeazc/Build/Products/Debug-iphonesimulator/Crypto.o normal (in target 'Crypto' from project 'swift-crypto')
    cd /Users/admin15/Library/Developer/Xcode/DerivedData/Cloudyyy_App-givuluqnjhnfsleknoohwwvjeazc/SourcePackages/checkouts/swift-crypto
    /Applications/Xcode.app/Contents/Developer/Toolchains/XcodeDefault.xctoolchain/usr/bin/clang -Xlinker -reproducible -target arm64-apple-ios12.0-simulator -r -isysroot /Applications/Xcode.app/Contents/Developer/Platforms/iPhoneSimulator.platform/Developer/SDKs/iPhoneSimulator26.2.sdk -O0 -w -L/Users/admin15/Library/Developer/Xcode/DerivedData/Cloudyyy_App-givuluqnjhnfsleknoohwwvjeazc/Build/Intermediates.noindex/EagerLinkingTBDs/Debug-iphonesimulator -L/Users/admin15/Library/Developer/Xcode/DerivedData/Cloudyyy_App-givuluqnjhnfsleknoohwwvjeazc/Build/Products/Debug-iphonesimulator -L/Applications/Xcode.app/Contents/Developer/Platforms/iPhoneSimulator.platform/Developer/usr/lib -F/Users/admin15/Library/Developer/Xcode/DerivedData/Cloudyyy_App-givuluqnjhnfsleknoohwwvjeazc/Build/Intermediates.noindex/EagerLinkingTBDs/Debug-iphonesimulator -F/Users/admin15/Library/Developer/Xcode/DerivedData/Cloudyyy_App-givuluqnjhnfsleknoohwwvjeazc/Build/Products/Debug-iphonesimulator -iframework /Applications/Xcode.app/Contents/Developer/Platforms/iPhoneSimulator.platform/Developer/Library/Frameworks -iframework /Applications/Xcode.app/Contents/Developer/Platforms/iPhoneSimulator.platform/Developer/SDKs/iPhoneSimulator26.2.sdk/Developer/Library/Frameworks -filelist /Users/admin15/Library/Developer/Xcode/DerivedData/Cloudyyy_App-givuluqnjhnfsleknoohwwvjeazc/Build/Intermediates.noindex/swift-crypto.build/Debug-iphonesimulator/Crypto.build/Objects-normal/arm64/Crypto.LinkFileList -nostdlib -Xlinker -object_path_lto -Xlinker /Users/admin15/Library/Developer/Xcode/DerivedData/Cloudyyy_App-givuluqnjhnfsleknoohwwvjeazc/Build/Intermediates.noindex/swift-crypto.build/Debug-iphonesimulator/Crypto.build/Objects-normal/arm64/Crypto_lto.o -rdynamic -Xlinker -no_deduplicate -Xlinker -objc_abi_version -Xlinker 2 -Xlinker -debug_variant -Xlinker -dependency_info -Xlinker /Users/admin15/Library/Developer/Xcode/DerivedData/Cloudyyy_App-givuluqnjhnfsleknoohwwvjeazc/Build/Intermediates.noindex/swift-crypto.build/Debug-iphonesimulator/Crypto.build/Objects-normal/arm64/Crypto_dependency_info.dat -fobjc-link-runtime -L/Applications/Xcode.app/Contents/Developer/Toolchains/XcodeDefault.xctoolchain/usr/lib/swift/iphonesimulator -L/usr/lib/swift -Xlinker -add_ast_path -Xlinker /Users/admin15/Library/Developer/Xcode/DerivedData/Cloudyyy_App-givuluqnjhnfsleknoohwwvjeazc/Build/Intermediates.noindex/swift-crypto.build/Debug-iphonesimulator/Crypto.build/Objects-normal/arm64/Crypto.swiftmodule @/Users/admin15/Library/Developer/Xcode/DerivedData/Cloudyyy_App-givuluqnjhnfsleknoohwwvjeazc/Build/Intermediates.noindex/swift-crypto.build/Debug-iphonesimulator/Crypto.build/Objects-normal/arm64/Crypto-linker-args.resp -o /Users/admin15/Library/Developer/Xcode/DerivedData/Cloudyyy_App-givuluqnjhnfsleknoohwwvjeazc/Build/Products/Debug-iphonesimulator/Crypto.o

ProcessProductPackaging "" /Users/admin15/Library/Developer/Xcode/DerivedData/Cloudyyy_App-givuluqnjhnfsleknoohwwvjeazc/Build/Intermediates.noindex/Cloudyyy_App.build/Debug-iphonesimulator/Cloudyyy_App.build/Cloudyyy_App.app-Simulated.xcent (in target 'Cloudyyy_App' from project 'Cloudyyy_App')
    cd /Users/admin15/Documents/cloudy_23march
    
    Entitlements:
    
    {
    "application-identifier" = "2468R7GSCN.com.srmist.cloudyyy";
}
    
    builtin-productPackagingUtility -entitlements -format xml -o /Users/admin15/Library/Developer/Xcode/DerivedData/Cloudyyy_App-givuluqnjhnfsleknoohwwvjeazc/Build/Intermediates.noindex/Cloudyyy_App.build/Debug-iphonesimulator/Cloudyyy_App.build/Cloudyyy_App.app-Simulated.xcent

Ld /Users/admin15/Library/Developer/Xcode/DerivedData/Cloudyyy_App-givuluqnjhnfsleknoohwwvjeazc/Build/Products/Debug-iphonesimulator/Lottie.o normal (in target 'Lottie' from project 'Lottie')
    cd /Users/admin15/Library/Developer/Xcode/DerivedData/Cloudyyy_App-givuluqnjhnfsleknoohwwvjeazc/SourcePackages/checkouts/lottie-ios
    /Applications/Xcode.app/Contents/Developer/Toolchains/XcodeDefault.xctoolchain/usr/bin/clang -Xlinker -reproducible -target arm64-apple-ios13.0-simulator -r -isysroot /Applications/Xcode.app/Contents/Developer/Platforms/iPhoneSimulator.platform/Developer/SDKs/iPhoneSimulator26.2.sdk -O0 -w -L/Users/admin15/Library/Developer/Xcode/DerivedData/Cloudyyy_App-givuluqnjhnfsleknoohwwvjeazc/Build/Intermediates.noindex/EagerLinkingTBDs/Debug-iphonesimulator -L/Users/admin15/Library/Developer/Xcode/DerivedData/Cloudyyy_App-givuluqnjhnfsleknoohwwvjeazc/Build/Products/Debug-iphonesimulator -L/Applications/Xcode.app/Contents/Developer/Platforms/iPhoneSimulator.platform/Developer/usr/lib -F/Users/admin15/Library/Developer/Xcode/DerivedData/Cloudyyy_App-givuluqnjhnfsleknoohwwvjeazc/Build/Intermediates.noindex/EagerLinkingTBDs/Debug-iphonesimulator -F/Users/admin15/Library/Developer/Xcode/DerivedData/Cloudyyy_App-givuluqnjhnfsleknoohwwvjeazc/Build/Products/Debug-iphonesimulator -iframework /Applications/Xcode.app/Contents/Developer/Platforms/iPhoneSimulator.platform/Developer/Library/Frameworks -iframework /Applications/Xcode.app/Contents/Developer/Platforms/iPhoneSimulator.platform/Developer/SDKs/iPhoneSimulator26.2.sdk/Developer/Library/Frameworks -filelist /Users/admin15/Library/Developer/Xcode/DerivedData/Cloudyyy_App-givuluqnjhnfsleknoohwwvjeazc/Build/Intermediates.noindex/Lottie.build/Debug-iphonesimulator/Lottie.build/Objects-normal/arm64/Lottie.LinkFileList -nostdlib -Xlinker -object_path_lto -Xlinker /Users/admin15/Library/Developer/Xcode/DerivedData/Cloudyyy_App-givuluqnjhnfsleknoohwwvjeazc/Build/Intermediates.noindex/Lottie.build/Debug-iphonesimulator/Lottie.build/Objects-normal/arm64/Lottie_lto.o -rdynamic -Xlinker -no_deduplicate -Xlinker -objc_abi_version -Xlinker 2 -Xlinker -debug_variant -Xlinker -dependency_info -Xlinker /Users/admin15/Library/Developer/Xcode/DerivedData/Cloudyyy_App-givuluqnjhnfsleknoohwwvjeazc/Build/Intermediates.noindex/Lottie.build/Debug-iphonesimulator/Lottie.build/Objects-normal/arm64/Lottie_dependency_info.dat -fobjc-link-runtime -L/Applications/Xcode.app/Contents/Developer/Toolchains/XcodeDefault.xctoolchain/usr/lib/swift/iphonesimulator -L/usr/lib/swift -Xlinker -add_ast_path -Xlinker /Users/admin15/Library/Developer/Xcode/DerivedData/Cloudyyy_App-givuluqnjhnfsleknoohwwvjeazc/Build/Intermediates.noindex/Lottie.build/Debug-iphonesimulator/Lottie.build/Objects-normal/arm64/Lottie.swiftmodule @/Users/admin15/Library/Developer/Xcode/DerivedData/Cloudyyy_App-givuluqnjhnfsleknoohwwvjeazc/Build/Intermediates.noindex/Lottie.build/Debug-iphonesimulator/Lottie.build/Objects-normal/arm64/Lottie-linker-args.resp -o /Users/admin15/Library/Developer/Xcode/DerivedData/Cloudyyy_App-givuluqnjhnfsleknoohwwvjeazc/Build/Products/Debug-iphonesimulator/Lottie.o

ProcessProductPackagingDER /Users/admin15/Library/Developer/Xcode/DerivedData/Cloudyyy_App-givuluqnjhnfsleknoohwwvjeazc/Build/Intermediates.noindex/Cloudyyy_App.build/Debug-iphonesimulator/Cloudyyy_App.build/Cloudyyy_App.app-Simulated.xcent /Users/admin15/Library/Developer/Xcode/DerivedData/Cloudyyy_App-givuluqnjhnfsleknoohwwvjeazc/Build/Intermediates.noindex/Cloudyyy_App.build/Debug-iphonesimulator/Cloudyyy_App.build/Cloudyyy_App.app-Simulated.xcent.der (in target 'Cloudyyy_App' from project 'Cloudyyy_App')
    cd /Users/admin15/Documents/cloudy_23march
    /usr/bin/derq query -f xml -i /Users/admin15/Library/Developer/Xcode/DerivedData/Cloudyyy_App-givuluqnjhnfsleknoohwwvjeazc/Build/Intermediates.noindex/Cloudyyy_App.build/Debug-iphonesimulator/Cloudyyy_App.build/Cloudyyy_App.app-Simulated.xcent -o /Users/admin15/Library/Developer/Xcode/DerivedData/Cloudyyy_App-givuluqnjhnfsleknoohwwvjeazc/Build/Intermediates.noindex/Cloudyyy_App.build/Debug-iphonesimulator/Cloudyyy_App.build/Cloudyyy_App.app-Simulated.xcent.der --raw

ExtractAppIntentsMetadata (in target 'IssueReportingPackageSupport' from project 'xctest-dynamic-overlay')
    cd /Users/admin15/Library/Developer/Xcode/DerivedData/Cloudyyy_App-givuluqnjhnfsleknoohwwvjeazc/SourcePackages/checkouts/xctest-dynamic-overlay
    /Applications/Xcode.app/Contents/Developer/Toolchains/XcodeDefault.xctoolchain/usr/bin/appintentsmetadataprocessor --toolchain-dir /var/run/com.apple.security.cryptexd/mnt/com.apple.MobileAsset.MetalToolchain-v17.3.48.0.3JfHBy/Metal.xctoolchain --module-name IssueReportingPackageSupport --sdk-root /Applications/Xcode.app/Contents/Developer/Platforms/iPhoneSimulator.platform/Developer/SDKs/iPhoneSimulator26.2.sdk --xcode-version 17C52 --platform-family iOS --deployment-target 13.0 --bundle-identifier xctest-dynamic-overlay.IssueReportingPackageSupport --output /Users/admin15/Library/Developer/Xcode/DerivedData/Cloudyyy_App-givuluqnjhnfsleknoohwwvjeazc/Build/Products/Debug-iphonesimulator/IssueReportingPackageSupport.appintents --target-triple arm64-apple-ios13.0-simulator --binary-file /Users/admin15/Library/Developer/Xcode/DerivedData/Cloudyyy_App-givuluqnjhnfsleknoohwwvjeazc/Build/Products/Debug-iphonesimulator/IssueReportingPackageSupport.o --dependency-file /Users/admin15/Library/Developer/Xcode/DerivedData/Cloudyyy_App-givuluqnjhnfsleknoohwwvjeazc/Build/Intermediates.noindex/xctest-dynamic-overlay.build/Debug-iphonesimulator/IssueReportingPackageSupport.build/Objects-normal/arm64/IssueReportingPackageSupport_dependency_info.dat --stringsdata-file /Users/admin15/Library/Developer/Xcode/DerivedData/Cloudyyy_App-givuluqnjhnfsleknoohwwvjeazc/Build/Intermediates.noindex/xctest-dynamic-overlay.build/Debug-iphonesimulator/IssueReportingPackageSupport.build/Objects-normal/arm64/ExtractedAppShortcutsMetadata.stringsdata --source-file-list /Users/admin15/Library/Developer/Xcode/DerivedData/Cloudyyy_App-givuluqnjhnfsleknoohwwvjeazc/Build/Intermediates.noindex/xctest-dynamic-overlay.build/Debug-iphonesimulator/IssueReportingPackageSupport.build/Objects-normal/arm64/IssueReportingPackageSupport.SwiftFileList --metadata-file-list /Users/admin15/Library/Developer/Xcode/DerivedData/Cloudyyy_App-givuluqnjhnfsleknoohwwvjeazc/Build/Intermediates.noindex/xctest-dynamic-overlay.build/Debug-iphonesimulator/IssueReportingPackageSupport.build/IssueReportingPackageSupport.DependencyMetadataFileList --static-metadata-file-list /Users/admin15/Library/Developer/Xcode/DerivedData/Cloudyyy_App-givuluqnjhnfsleknoohwwvjeazc/Build/Intermediates.noindex/xctest-dynamic-overlay.build/Debug-iphonesimulator/IssueReportingPackageSupport.build/IssueReportingPackageSupport.DependencyStaticMetadataFileList --swift-const-vals-list /Users/admin15/Library/Developer/Xcode/DerivedData/Cloudyyy_App-givuluqnjhnfsleknoohwwvjeazc/Build/Intermediates.noindex/xctest-dynamic-overlay.build/Debug-iphonesimulator/IssueReportingPackageSupport.build/Objects-normal/arm64/IssueReportingPackageSupport.SwiftConstValuesFileList --force --compile-time-extraction --deployment-aware-processing --validate-assistant-intents --no-app-shortcuts-localization
2026-03-30 13:44:03.114 appintentsmetadataprocessor[65775:48036763] Starting appintentsmetadataprocessor export
2026-03-30 13:44:03.245 appintentsmetadataprocessor[65775:48036763] Extracted no relevant App Intents symbols, skipping writing output

ExtractAppIntentsMetadata (in target 'ConcurrencyExtras' from project 'swift-concurrency-extras')
    cd /Users/admin15/Library/Developer/Xcode/DerivedData/Cloudyyy_App-givuluqnjhnfsleknoohwwvjeazc/SourcePackages/checkouts/swift-concurrency-extras
    /Applications/Xcode.app/Contents/Developer/Toolchains/XcodeDefault.xctoolchain/usr/bin/appintentsmetadataprocessor --toolchain-dir /var/run/com.apple.security.cryptexd/mnt/com.apple.MobileAsset.MetalToolchain-v17.3.48.0.3JfHBy/Metal.xctoolchain --module-name ConcurrencyExtras --sdk-root /Applications/Xcode.app/Contents/Developer/Platforms/iPhoneSimulator.platform/Developer/SDKs/iPhoneSimulator26.2.sdk --xcode-version 17C52 --platform-family iOS --deployment-target 13.0 --bundle-identifier swift-concurrency-extras.ConcurrencyExtras --output /Users/admin15/Library/Developer/Xcode/DerivedData/Cloudyyy_App-givuluqnjhnfsleknoohwwvjeazc/Build/Products/Debug-iphonesimulator/ConcurrencyExtras.appintents --target-triple arm64-apple-ios13.0-simulator --binary-file /Users/admin15/Library/Developer/Xcode/DerivedData/Cloudyyy_App-givuluqnjhnfsleknoohwwvjeazc/Build/Products/Debug-iphonesimulator/ConcurrencyExtras.o --dependency-file /Users/admin15/Library/Developer/Xcode/DerivedData/Cloudyyy_App-givuluqnjhnfsleknoohwwvjeazc/Build/Intermediates.noindex/swift-concurrency-extras.build/Debug-iphonesimulator/ConcurrencyExtras.build/Objects-normal/arm64/ConcurrencyExtras_dependency_info.dat --stringsdata-file /Users/admin15/Library/Developer/Xcode/DerivedData/Cloudyyy_App-givuluqnjhnfsleknoohwwvjeazc/Build/Intermediates.noindex/swift-concurrency-extras.build/Debug-iphonesimulator/ConcurrencyExtras.build/Objects-normal/arm64/ExtractedAppShortcutsMetadata.stringsdata --source-file-list /Users/admin15/Library/Developer/Xcode/DerivedData/Cloudyyy_App-givuluqnjhnfsleknoohwwvjeazc/Build/Intermediates.noindex/swift-concurrency-extras.build/Debug-iphonesimulator/ConcurrencyExtras.build/Objects-normal/arm64/ConcurrencyExtras.SwiftFileList --metadata-file-list /Users/admin15/Library/Developer/Xcode/DerivedData/Cloudyyy_App-givuluqnjhnfsleknoohwwvjeazc/Build/Intermediates.noindex/swift-concurrency-extras.build/Debug-iphonesimulator/ConcurrencyExtras.build/ConcurrencyExtras.DependencyMetadataFileList --static-metadata-file-list /Users/admin15/Library/Developer/Xcode/DerivedData/Cloudyyy_App-givuluqnjhnfsleknoohwwvjeazc/Build/Intermediates.noindex/swift-concurrency-extras.build/Debug-iphonesimulator/ConcurrencyExtras.build/ConcurrencyExtras.DependencyStaticMetadataFileList --swift-const-vals-list /Users/admin15/Library/Developer/Xcode/DerivedData/Cloudyyy_App-givuluqnjhnfsleknoohwwvjeazc/Build/Intermediates.noindex/swift-concurrency-extras.build/Debug-iphonesimulator/ConcurrencyExtras.build/Objects-normal/arm64/ConcurrencyExtras.SwiftConstValuesFileList --force --compile-time-extraction --deployment-aware-processing --validate-assistant-intents --no-app-shortcuts-localization
2026-03-30 13:44:03.114 appintentsmetadataprocessor[65777:48036765] Starting appintentsmetadataprocessor export
2026-03-30 13:44:03.245 appintentsmetadataprocessor[65777:48036765] Extracted no relevant App Intents symbols, skipping writing output

SwiftDriver Cloudyyy_App normal arm64 com.apple.xcode.tools.swift.compiler (in target 'Cloudyyy_App' from project 'Cloudyyy_App')
    cd /Users/admin15/Documents/cloudy_23march
    builtin-SwiftDriver -- /Applications/Xcode.app/Contents/Developer/Toolchains/XcodeDefault.xctoolchain/usr/bin/swiftc -module-name Cloudyyy_App -Onone -enforce-exclusivity\=checked @/Users/admin15/Library/Developer/Xcode/DerivedData/Cloudyyy_App-givuluqnjhnfsleknoohwwvjeazc/Build/Intermediates.noindex/Cloudyyy_App.build/Debug-iphonesimulator/Cloudyyy_App.build/Objects-normal/arm64/Cloudyyy_App.SwiftFileList -DDEBUG -default-isolation\=MainActor -enable-bare-slash-regex -enable-upcoming-feature DisableOutwardActorInference -enable-upcoming-feature InferSendableFromCaptures -enable-upcoming-feature GlobalActorIsolatedTypesUsability -enable-upcoming-feature MemberImportVisibility -enable-upcoming-feature InferIsolatedConformances -enable-upcoming-feature NonisolatedNonsendingByDefault -enable-experimental-feature DebugDescriptionMacro -sdk /Applications/Xcode.app/Contents/Developer/Platforms/iPhoneSimulator.platform/Developer/SDKs/iPhoneSimulator26.2.sdk -target arm64-apple-ios26.0-simulator -g -module-cache-path /Users/admin15/Library/Developer/Xcode/DerivedData/ModuleCache.noindex -Xfrontend -serialize-debugging-options -profile-coverage-mapping -profile-generate -enable-testing -index-store-path /Users/admin15/Library/Developer/Xcode/DerivedData/Cloudyyy_App-givuluqnjhnfsleknoohwwvjeazc/Index.noindex/DataStore -Xcc -D_LIBCPP_HARDENING_MODE\=_LIBCPP_HARDENING_MODE_DEBUG -swift-version 5 -I /Users/admin15/Library/Developer/Xcode/DerivedData/Cloudyyy_App-givuluqnjhnfsleknoohwwvjeazc/Build/Products/Debug-iphonesimulator -F /Users/admin15/Library/Developer/Xcode/DerivedData/Cloudyyy_App-givuluqnjhnfsleknoohwwvjeazc/Build/Products/Debug-iphonesimulator/PackageFrameworks -F /Users/admin15/Library/Developer/Xcode/DerivedData/Cloudyyy_App-givuluqnjhnfsleknoohwwvjeazc/Build/Products/Debug-iphonesimulator/PackageFrameworks -F /Users/admin15/Library/Developer/Xcode/DerivedData/Cloudyyy_App-givuluqnjhnfsleknoohwwvjeazc/Build/Products/Debug-iphonesimulator/PackageFrameworks -F /Users/admin15/Library/Developer/Xcode/DerivedData/Cloudyyy_App-givuluqnjhnfsleknoohwwvjeazc/Build/Products/Debug-iphonesimulator/PackageFrameworks -F /Users/admin15/Library/Developer/Xcode/DerivedData/Cloudyyy_App-givuluqnjhnfsleknoohwwvjeazc/Build/Products/Debug-iphonesimulator/PackageFrameworks -F /Users/admin15/Library/Developer/Xcode/DerivedData/Cloudyyy_App-givuluqnjhnfsleknoohwwvjeazc/Build/Products/Debug-iphonesimulator/PackageFrameworks -F /Users/admin15/Library/Developer/Xcode/DerivedData/Cloudyyy_App-givuluqnjhnfsleknoohwwvjeazc/Build/Products/Debug-iphonesimulator/PackageFrameworks -F /Users/admin15/Library/Developer/Xcode/DerivedData/Cloudyyy_App-givuluqnjhnfsleknoohwwvjeazc/Build/Products/Debug-iphonesimulator/PackageFrameworks -F /Users/admin15/Library/Developer/Xcode/DerivedData/Cloudyyy_App-givuluqnjhnfsleknoohwwvjeazc/Build/Products/Debug-iphonesimulator/PackageFrameworks -F /Users/admin15/Library/Developer/Xcode/DerivedData/Cloudyyy_App-givuluqnjhnfsleknoohwwvjeazc/Build/Products/Debug-iphonesimulator/PackageFrameworks -F /Users/admin15/Library/Developer/Xcode/DerivedData/Cloudyyy_App-givuluqnjhnfsleknoohwwvjeazc/Build/Products/Debug-iphonesimulator/PackageFrameworks -F /Users/admin15/Library/Developer/Xcode/DerivedData/Cloudyyy_App-givuluqnjhnfsleknoohwwvjeazc/Build/Products/Debug-iphonesimulator/PackageFrameworks -F /Users/admin15/Library/Developer/Xcode/DerivedData/Cloudyyy_App-givuluqnjhnfsleknoohwwvjeazc/Build/Products/Debug-iphonesimulator/PackageFrameworks -F /Users/admin15/Library/Developer/Xcode/DerivedData/Cloudyyy_App-givuluqnjhnfsleknoohwwvjeazc/Build/Products/Debug-iphonesimulator/PackageFrameworks -F /Users/admin15/Library/Developer/Xcode/DerivedData/Cloudyyy_App-givuluqnjhnfsleknoohwwvjeazc/Build/Products/Debug-iphonesimulator/PackageFrameworks -F /Users/admin15/Library/Developer/Xcode/DerivedData/Cloudyyy_App-givuluqnjhnfsleknoohwwvjeazc/Build/Products/Debug-iphonesimulator -emit-localized-strings -emit-localized-strings-path /Users/admin15/Library/Developer/Xcode/DerivedData/Cloudyyy_App-givuluqnjhnfsleknoohwwvjeazc/Build/Intermediates.noindex/Cloudyyy_App.build/Debug-iphonesimulator/Cloudyyy_App.build/Objects-normal/arm64 -c -j8 -enable-batch-mode -incremental -Xcc -ivfsstatcache -Xcc /Users/admin15/Library/Developer/Xcode/DerivedData/SDKStatCaches.noindex/iphonesimulator26.2-23C53-3885c01c3e6b6a337905948deab2002e7d00a8b37fbd7999ea79df8ebc024bf0.sdkstatcache -output-file-map /Users/admin15/Library/Developer/Xcode/DerivedData/Cloudyyy_App-givuluqnjhnfsleknoohwwvjeazc/Build/Intermediates.noindex/Cloudyyy_App.build/Debug-iphonesimulator/Cloudyyy_App.build/Objects-normal/arm64/Cloudyyy_App-OutputFileMap.json -use-frontend-parseable-output -save-temps -no-color-diagnostics -explicit-module-build -module-cache-path /Users/admin15/Library/Developer/Xcode/DerivedData/Cloudyyy_App-givuluqnjhnfsleknoohwwvjeazc/Build/Intermediates.noindex/SwiftExplicitPrecompiledModules -clang-scanner-module-cache-path /Users/admin15/Library/Developer/Xcode/DerivedData/ModuleCache.noindex -sdk-module-cache-path /Users/admin15/Library/Developer/Xcode/DerivedData/ModuleCache.noindex -serialize-diagnostics -emit-dependencies -emit-module -emit-module-path /Users/admin15/Library/Developer/Xcode/DerivedData/Cloudyyy_App-givuluqnjhnfsleknoohwwvjeazc/Build/Intermediates.noindex/Cloudyyy_App.build/Debug-iphonesimulator/Cloudyyy_App.build/Objects-normal/arm64/Cloudyyy_App.swiftmodule -validate-clang-modules-once -clang-build-session-file /Users/admin15/Library/Developer/Xcode/DerivedData/ModuleCache.noindex/Session.modulevalidation -Xcc -I/Users/admin15/Library/Developer/Xcode/DerivedData/Cloudyyy_App-givuluqnjhnfsleknoohwwvjeazc/Build/Intermediates.noindex/Cloudyyy_App.build/Debug-iphonesimulator/Cloudyyy_App.build/swift-overrides.hmap -emit-const-values -Xfrontend -const-gather-protocols-file -Xfrontend /Users/admin15/Library/Developer/Xcode/DerivedData/Cloudyyy_App-givuluqnjhnfsleknoohwwvjeazc/Build/Intermediates.noindex/Cloudyyy_App.build/Debug-iphonesimulator/Cloudyyy_App.build/Objects-normal/arm64/Cloudyyy_App_const_extract_protocols.json -Xcc -iquote -Xcc /Users/admin15/Library/Developer/Xcode/DerivedData/Cloudyyy_App-givuluqnjhnfsleknoohwwvjeazc/Build/Intermediates.noindex/Cloudyyy_App.build/Debug-iphonesimulator/Cloudyyy_App.build/Cloudyyy_App-generated-files.hmap -Xcc -I/Users/admin15/Library/Developer/Xcode/DerivedData/Cloudyyy_App-givuluqnjhnfsleknoohwwvjeazc/Build/Intermediates.noindex/Cloudyyy_App.build/Debug-iphonesimulator/Cloudyyy_App.build/Cloudyyy_App-own-target-headers.hmap -Xcc -I/Users/admin15/Library/Developer/Xcode/DerivedData/Cloudyyy_App-givuluqnjhnfsleknoohwwvjeazc/Build/Intermediates.noindex/Cloudyyy_App.build/Debug-iphonesimulator/Cloudyyy_App.build/Cloudyyy_App-all-non-framework-target-headers.hmap -Xcc -ivfsoverlay -Xcc /Users/admin15/Library/Developer/Xcode/DerivedData/Cloudyyy_App-givuluqnjhnfsleknoohwwvjeazc/Build/Intermediates.noindex/Cloudyyy_App.build/Debug-iphonesimulator/Cloudyyy_App-67242467e636ec5d3f8977d9e0886eb3-VFS-iphonesimulator/all-product-headers.yaml -Xcc -iquote -Xcc /Users/admin15/Library/Developer/Xcode/DerivedData/Cloudyyy_App-givuluqnjhnfsleknoohwwvjeazc/Build/Intermediates.noindex/Cloudyyy_App.build/Debug-iphonesimulator/Cloudyyy_App.build/Cloudyyy_App-project-headers.hmap -Xcc -I/Users/admin15/Library/Developer/Xcode/DerivedData/Cloudyyy_App-givuluqnjhnfsleknoohwwvjeazc/Build/Products/Debug-iphonesimulator/include -Xcc -I/Users/admin15/Library/Developer/Xcode/DerivedData/Cloudyyy_App-givuluqnjhnfsleknoohwwvjeazc/Build/Intermediates.noindex/Cloudyyy_App.build/Debug-iphonesimulator/Cloudyyy_App.build/DerivedSources-normal/arm64 -Xcc -I/Users/admin15/Library/Developer/Xcode/DerivedData/Cloudyyy_App-givuluqnjhnfsleknoohwwvjeazc/Build/Intermediates.noindex/Cloudyyy_App.build/Debug-iphonesimulator/Cloudyyy_App.build/DerivedSources/arm64 -Xcc -I/Users/admin15/Library/Developer/Xcode/DerivedData/Cloudyyy_App-givuluqnjhnfsleknoohwwvjeazc/Build/Intermediates.noindex/Cloudyyy_App.build/Debug-iphonesimulator/Cloudyyy_App.build/DerivedSources -Xcc -DDEBUG\=1 -emit-objc-header -emit-objc-header-path /Users/admin15/Library/Developer/Xcode/DerivedData/Cloudyyy_App-givuluqnjhnfsleknoohwwvjeazc/Build/Intermediates.noindex/Cloudyyy_App.build/Debug-iphonesimulator/Cloudyyy_App.build/Objects-normal/arm64/Cloudyyy_App-Swift.h -working-directory /Users/admin15/Documents/cloudy_23march -experimental-emit-module-separately -disable-cmo

RegisterExecutionPolicyException /Users/admin15/Library/Developer/Xcode/DerivedData/Cloudyyy_App-givuluqnjhnfsleknoohwwvjeazc/Build/Products/Debug-iphonesimulator/ConcurrencyExtras.o (in target 'ConcurrencyExtras' from project 'swift-concurrency-extras')
    cd /Users/admin15/Library/Developer/Xcode/DerivedData/Cloudyyy_App-givuluqnjhnfsleknoohwwvjeazc/SourcePackages/checkouts/swift-concurrency-extras
    builtin-RegisterExecutionPolicyException /Users/admin15/Library/Developer/Xcode/DerivedData/Cloudyyy_App-givuluqnjhnfsleknoohwwvjeazc/Build/Products/Debug-iphonesimulator/ConcurrencyExtras.o

RegisterExecutionPolicyException /Users/admin15/Library/Developer/Xcode/DerivedData/Cloudyyy_App-givuluqnjhnfsleknoohwwvjeazc/Build/Products/Debug-iphonesimulator/IssueReportingPackageSupport.o (in target 'IssueReportingPackageSupport' from project 'xctest-dynamic-overlay')
    cd /Users/admin15/Library/Developer/Xcode/DerivedData/Cloudyyy_App-givuluqnjhnfsleknoohwwvjeazc/SourcePackages/checkouts/xctest-dynamic-overlay
    builtin-RegisterExecutionPolicyException /Users/admin15/Library/Developer/Xcode/DerivedData/Cloudyyy_App-givuluqnjhnfsleknoohwwvjeazc/Build/Products/Debug-iphonesimulator/IssueReportingPackageSupport.o

Ld /Users/admin15/Library/Developer/Xcode/DerivedData/Cloudyyy_App-givuluqnjhnfsleknoohwwvjeazc/Build/Products/Debug-iphonesimulator/IssueReporting.o normal (in target 'IssueReporting' from project 'xctest-dynamic-overlay')
    cd /Users/admin15/Library/Developer/Xcode/DerivedData/Cloudyyy_App-givuluqnjhnfsleknoohwwvjeazc/SourcePackages/checkouts/xctest-dynamic-overlay
    /Applications/Xcode.app/Contents/Developer/Toolchains/XcodeDefault.xctoolchain/usr/bin/clang -Xlinker -reproducible -target arm64-apple-ios13.0-simulator -r -isysroot /Applications/Xcode.app/Contents/Developer/Platforms/iPhoneSimulator.platform/Developer/SDKs/iPhoneSimulator26.2.sdk -O0 -w -L/Users/admin15/Library/Developer/Xcode/DerivedData/Cloudyyy_App-givuluqnjhnfsleknoohwwvjeazc/Build/Intermediates.noindex/EagerLinkingTBDs/Debug-iphonesimulator -L/Users/admin15/Library/Developer/Xcode/DerivedData/Cloudyyy_App-givuluqnjhnfsleknoohwwvjeazc/Build/Products/Debug-iphonesimulator -L/Applications/Xcode.app/Contents/Developer/Platforms/iPhoneSimulator.platform/Developer/usr/lib -F/Users/admin15/Library/Developer/Xcode/DerivedData/Cloudyyy_App-givuluqnjhnfsleknoohwwvjeazc/Build/Intermediates.noindex/EagerLinkingTBDs/Debug-iphonesimulator -F/Users/admin15/Library/Developer/Xcode/DerivedData/Cloudyyy_App-givuluqnjhnfsleknoohwwvjeazc/Build/Products/Debug-iphonesimulator/PackageFrameworks -F/Users/admin15/Library/Developer/Xcode/DerivedData/Cloudyyy_App-givuluqnjhnfsleknoohwwvjeazc/Build/Products/Debug-iphonesimulator -iframework /Applications/Xcode.app/Contents/Developer/Platforms/iPhoneSimulator.platform/Developer/Library/Frameworks -iframework /Applications/Xcode.app/Contents/Developer/Platforms/iPhoneSimulator.platform/Developer/SDKs/iPhoneSimulator26.2.sdk/Developer/Library/Frameworks -filelist /Users/admin15/Library/Developer/Xcode/DerivedData/Cloudyyy_App-givuluqnjhnfsleknoohwwvjeazc/Build/Intermediates.noindex/xctest-dynamic-overlay.build/Debug-iphonesimulator/IssueReporting.build/Objects-normal/arm64/IssueReporting.LinkFileList -nostdlib -Xlinker -object_path_lto -Xlinker /Users/admin15/Library/Developer/Xcode/DerivedData/Cloudyyy_App-givuluqnjhnfsleknoohwwvjeazc/Build/Intermediates.noindex/xctest-dynamic-overlay.build/Debug-iphonesimulator/IssueReporting.build/Objects-normal/arm64/IssueReporting_lto.o -rdynamic -Xlinker -no_deduplicate -Xlinker -objc_abi_version -Xlinker 2 -Xlinker -debug_variant -Xlinker -dependency_info -Xlinker /Users/admin15/Library/Developer/Xcode/DerivedData/Cloudyyy_App-givuluqnjhnfsleknoohwwvjeazc/Build/Intermediates.noindex/xctest-dynamic-overlay.build/Debug-iphonesimulator/IssueReporting.build/Objects-normal/arm64/IssueReporting_dependency_info.dat -fobjc-link-runtime -L/Applications/Xcode.app/Contents/Developer/Toolchains/XcodeDefault.xctoolchain/usr/lib/swift/iphonesimulator -L/usr/lib/swift -Xlinker -add_ast_path -Xlinker /Users/admin15/Library/Developer/Xcode/DerivedData/Cloudyyy_App-givuluqnjhnfsleknoohwwvjeazc/Build/Intermediates.noindex/xctest-dynamic-overlay.build/Debug-iphonesimulator/IssueReporting.build/Objects-normal/arm64/IssueReporting.swiftmodule @/Users/admin15/Library/Developer/Xcode/DerivedData/Cloudyyy_App-givuluqnjhnfsleknoohwwvjeazc/Build/Intermediates.noindex/xctest-dynamic-overlay.build/Debug-iphonesimulator/IssueReporting.build/Objects-normal/arm64/IssueReporting-linker-args.resp -o /Users/admin15/Library/Developer/Xcode/DerivedData/Cloudyyy_App-givuluqnjhnfsleknoohwwvjeazc/Build/Products/Debug-iphonesimulator/IssueReporting.o

ExtractAppIntentsMetadata (in target 'HTTPTypes' from project 'swift-http-types')
    cd /Users/admin15/Library/Developer/Xcode/DerivedData/Cloudyyy_App-givuluqnjhnfsleknoohwwvjeazc/SourcePackages/checkouts/swift-http-types
    /Applications/Xcode.app/Contents/Developer/Toolchains/XcodeDefault.xctoolchain/usr/bin/appintentsmetadataprocessor --toolchain-dir /var/run/com.apple.security.cryptexd/mnt/com.apple.MobileAsset.MetalToolchain-v17.3.48.0.3JfHBy/Metal.xctoolchain --module-name HTTPTypes --sdk-root /Applications/Xcode.app/Contents/Developer/Platforms/iPhoneSimulator.platform/Developer/SDKs/iPhoneSimulator26.2.sdk --xcode-version 17C52 --platform-family iOS --deployment-target 12.0 --bundle-identifier swift-http-types.HTTPTypes --output /Users/admin15/Library/Developer/Xcode/DerivedData/Cloudyyy_App-givuluqnjhnfsleknoohwwvjeazc/Build/Products/Debug-iphonesimulator/HTTPTypes.appintents --target-triple arm64-apple-ios12.0-simulator --binary-file /Users/admin15/Library/Developer/Xcode/DerivedData/Cloudyyy_App-givuluqnjhnfsleknoohwwvjeazc/Build/Products/Debug-iphonesimulator/HTTPTypes.o --dependency-file /Users/admin15/Library/Developer/Xcode/DerivedData/Cloudyyy_App-givuluqnjhnfsleknoohwwvjeazc/Build/Intermediates.noindex/swift-http-types.build/Debug-iphonesimulator/HTTPTypes.build/Objects-normal/arm64/HTTPTypes_dependency_info.dat --stringsdata-file /Users/admin15/Library/Developer/Xcode/DerivedData/Cloudyyy_App-givuluqnjhnfsleknoohwwvjeazc/Build/Intermediates.noindex/swift-http-types.build/Debug-iphonesimulator/HTTPTypes.build/Objects-normal/arm64/ExtractedAppShortcutsMetadata.stringsdata --source-file-list /Users/admin15/Library/Developer/Xcode/DerivedData/Cloudyyy_App-givuluqnjhnfsleknoohwwvjeazc/Build/Intermediates.noindex/swift-http-types.build/Debug-iphonesimulator/HTTPTypes.build/Objects-normal/arm64/HTTPTypes.SwiftFileList --metadata-file-list /Users/admin15/Library/Developer/Xcode/DerivedData/Cloudyyy_App-givuluqnjhnfsleknoohwwvjeazc/Build/Intermediates.noindex/swift-http-types.build/Debug-iphonesimulator/HTTPTypes.build/HTTPTypes.DependencyMetadataFileList --static-metadata-file-list /Users/admin15/Library/Developer/Xcode/DerivedData/Cloudyyy_App-givuluqnjhnfsleknoohwwvjeazc/Build/Intermediates.noindex/swift-http-types.build/Debug-iphonesimulator/HTTPTypes.build/HTTPTypes.DependencyStaticMetadataFileList --swift-const-vals-list /Users/admin15/Library/Developer/Xcode/DerivedData/Cloudyyy_App-givuluqnjhnfsleknoohwwvjeazc/Build/Intermediates.noindex/swift-http-types.build/Debug-iphonesimulator/HTTPTypes.build/Objects-normal/arm64/HTTPTypes.SwiftConstValuesFileList --force --compile-time-extraction --deployment-aware-processing --validate-assistant-intents --no-app-shortcuts-localization
2026-03-30 13:44:03.290 appintentsmetadataprocessor[65780:48036801] Starting appintentsmetadataprocessor export
2026-03-30 13:44:03.388 appintentsmetadataprocessor[65780:48036801] Extracted no relevant App Intents symbols, skipping writing output

ExtractAppIntentsMetadata (in target 'IssueReporting' from project 'xctest-dynamic-overlay')
    cd /Users/admin15/Library/Developer/Xcode/DerivedData/Cloudyyy_App-givuluqnjhnfsleknoohwwvjeazc/SourcePackages/checkouts/xctest-dynamic-overlay
    /Applications/Xcode.app/Contents/Developer/Toolchains/XcodeDefault.xctoolchain/usr/bin/appintentsmetadataprocessor --toolchain-dir /var/run/com.apple.security.cryptexd/mnt/com.apple.MobileAsset.MetalToolchain-v17.3.48.0.3JfHBy/Metal.xctoolchain --module-name IssueReporting --sdk-root /Applications/Xcode.app/Contents/Developer/Platforms/iPhoneSimulator.platform/Developer/SDKs/iPhoneSimulator26.2.sdk --xcode-version 17C52 --platform-family iOS --deployment-target 13.0 --bundle-identifier xctest-dynamic-overlay.IssueReporting --output /Users/admin15/Library/Developer/Xcode/DerivedData/Cloudyyy_App-givuluqnjhnfsleknoohwwvjeazc/Build/Products/Debug-iphonesimulator/IssueReporting.appintents --target-triple arm64-apple-ios13.0-simulator --binary-file /Users/admin15/Library/Developer/Xcode/DerivedData/Cloudyyy_App-givuluqnjhnfsleknoohwwvjeazc/Build/Products/Debug-iphonesimulator/IssueReporting.o --dependency-file /Users/admin15/Library/Developer/Xcode/DerivedData/Cloudyyy_App-givuluqnjhnfsleknoohwwvjeazc/Build/Intermediates.noindex/xctest-dynamic-overlay.build/Debug-iphonesimulator/IssueReporting.build/Objects-normal/arm64/IssueReporting_dependency_info.dat --stringsdata-file /Users/admin15/Library/Developer/Xcode/DerivedData/Cloudyyy_App-givuluqnjhnfsleknoohwwvjeazc/Build/Intermediates.noindex/xctest-dynamic-overlay.build/Debug-iphonesimulator/IssueReporting.build/Objects-normal/arm64/ExtractedAppShortcutsMetadata.stringsdata --source-file-list /Users/admin15/Library/Developer/Xcode/DerivedData/Cloudyyy_App-givuluqnjhnfsleknoohwwvjeazc/Build/Intermediates.noindex/xctest-dynamic-overlay.build/Debug-iphonesimulator/IssueReporting.build/Objects-normal/arm64/IssueReporting.SwiftFileList --metadata-file-list /Users/admin15/Library/Developer/Xcode/DerivedData/Cloudyyy_App-givuluqnjhnfsleknoohwwvjeazc/Build/Intermediates.noindex/xctest-dynamic-overlay.build/Debug-iphonesimulator/IssueReporting.build/IssueReporting.DependencyMetadataFileList --static-metadata-file-list /Users/admin15/Library/Developer/Xcode/DerivedData/Cloudyyy_App-givuluqnjhnfsleknoohwwvjeazc/Build/Intermediates.noindex/xctest-dynamic-overlay.build/Debug-iphonesimulator/IssueReporting.build/IssueReporting.DependencyStaticMetadataFileList --swift-const-vals-list /Users/admin15/Library/Developer/Xcode/DerivedData/Cloudyyy_App-givuluqnjhnfsleknoohwwvjeazc/Build/Intermediates.noindex/xctest-dynamic-overlay.build/Debug-iphonesimulator/IssueReporting.build/Objects-normal/arm64/IssueReporting.SwiftConstValuesFileList --force --compile-time-extraction --deployment-aware-processing --validate-assistant-intents --no-app-shortcuts-localization
2026-03-30 13:44:03.310 appintentsmetadataprocessor[65781:48036812] Starting appintentsmetadataprocessor export
2026-03-30 13:44:03.411 appintentsmetadataprocessor[65781:48036812] Extracted no relevant App Intents symbols, skipping writing output

RegisterExecutionPolicyException /Users/admin15/Library/Developer/Xcode/DerivedData/Cloudyyy_App-givuluqnjhnfsleknoohwwvjeazc/Build/Products/Debug-iphonesimulator/HTTPTypes.o (in target 'HTTPTypes' from project 'swift-http-types')
    cd /Users/admin15/Library/Developer/Xcode/DerivedData/Cloudyyy_App-givuluqnjhnfsleknoohwwvjeazc/SourcePackages/checkouts/swift-http-types
    builtin-RegisterExecutionPolicyException /Users/admin15/Library/Developer/Xcode/DerivedData/Cloudyyy_App-givuluqnjhnfsleknoohwwvjeazc/Build/Products/Debug-iphonesimulator/HTTPTypes.o

RegisterExecutionPolicyException /Users/admin15/Library/Developer/Xcode/DerivedData/Cloudyyy_App-givuluqnjhnfsleknoohwwvjeazc/Build/Products/Debug-iphonesimulator/IssueReporting.o (in target 'IssueReporting' from project 'xctest-dynamic-overlay')
    cd /Users/admin15/Library/Developer/Xcode/DerivedData/Cloudyyy_App-givuluqnjhnfsleknoohwwvjeazc/SourcePackages/checkouts/xctest-dynamic-overlay
    builtin-RegisterExecutionPolicyException /Users/admin15/Library/Developer/Xcode/DerivedData/Cloudyyy_App-givuluqnjhnfsleknoohwwvjeazc/Build/Products/Debug-iphonesimulator/IssueReporting.o

Ld /Users/admin15/Library/Developer/Xcode/DerivedData/Cloudyyy_App-givuluqnjhnfsleknoohwwvjeazc/Build/Products/Debug-iphonesimulator/XCTestDynamicOverlay.o normal (in target 'XCTestDynamicOverlay' from project 'xctest-dynamic-overlay')
    cd /Users/admin15/Library/Developer/Xcode/DerivedData/Cloudyyy_App-givuluqnjhnfsleknoohwwvjeazc/SourcePackages/checkouts/xctest-dynamic-overlay
    /Applications/Xcode.app/Contents/Developer/Toolchains/XcodeDefault.xctoolchain/usr/bin/clang -Xlinker -reproducible -target arm64-apple-ios13.0-simulator -r -isysroot /Applications/Xcode.app/Contents/Developer/Platforms/iPhoneSimulator.platform/Developer/SDKs/iPhoneSimulator26.2.sdk -O0 -w -L/Users/admin15/Library/Developer/Xcode/DerivedData/Cloudyyy_App-givuluqnjhnfsleknoohwwvjeazc/Build/Intermediates.noindex/EagerLinkingTBDs/Debug-iphonesimulator -L/Users/admin15/Library/Developer/Xcode/DerivedData/Cloudyyy_App-givuluqnjhnfsleknoohwwvjeazc/Build/Products/Debug-iphonesimulator -L/Applications/Xcode.app/Contents/Developer/Platforms/iPhoneSimulator.platform/Developer/usr/lib -F/Users/admin15/Library/Developer/Xcode/DerivedData/Cloudyyy_App-givuluqnjhnfsleknoohwwvjeazc/Build/Intermediates.noindex/EagerLinkingTBDs/Debug-iphonesimulator -F/Users/admin15/Library/Developer/Xcode/DerivedData/Cloudyyy_App-givuluqnjhnfsleknoohwwvjeazc/Build/Products/Debug-iphonesimulator/PackageFrameworks -F/Users/admin15/Library/Developer/Xcode/DerivedData/Cloudyyy_App-givuluqnjhnfsleknoohwwvjeazc/Build/Products/Debug-iphonesimulator/PackageFrameworks -F/Users/admin15/Library/Developer/Xcode/DerivedData/Cloudyyy_App-givuluqnjhnfsleknoohwwvjeazc/Build/Products/Debug-iphonesimulator -iframework /Applications/Xcode.app/Contents/Developer/Platforms/iPhoneSimulator.platform/Developer/Library/Frameworks -iframework /Applications/Xcode.app/Contents/Developer/Platforms/iPhoneSimulator.platform/Developer/SDKs/iPhoneSimulator26.2.sdk/Developer/Library/Frameworks -filelist /Users/admin15/Library/Developer/Xcode/DerivedData/Cloudyyy_App-givuluqnjhnfsleknoohwwvjeazc/Build/Intermediates.noindex/xctest-dynamic-overlay.build/Debug-iphonesimulator/XCTestDynamicOverlay.build/Objects-normal/arm64/XCTestDynamicOverlay.LinkFileList -nostdlib -Xlinker -object_path_lto -Xlinker /Users/admin15/Library/Developer/Xcode/DerivedData/Cloudyyy_App-givuluqnjhnfsleknoohwwvjeazc/Build/Intermediates.noindex/xctest-dynamic-overlay.build/Debug-iphonesimulator/XCTestDynamicOverlay.build/Objects-normal/arm64/XCTestDynamicOverlay_lto.o -rdynamic -Xlinker -no_deduplicate -Xlinker -objc_abi_version -Xlinker 2 -Xlinker -debug_variant -Xlinker -dependency_info -Xlinker /Users/admin15/Library/Developer/Xcode/DerivedData/Cloudyyy_App-givuluqnjhnfsleknoohwwvjeazc/Build/Intermediates.noindex/xctest-dynamic-overlay.build/Debug-iphonesimulator/XCTestDynamicOverlay.build/Objects-normal/arm64/XCTestDynamicOverlay_dependency_info.dat -fobjc-link-runtime -L/Applications/Xcode.app/Contents/Developer/Toolchains/XcodeDefault.xctoolchain/usr/lib/swift/iphonesimulator -L/usr/lib/swift -Xlinker -add_ast_path -Xlinker /Users/admin15/Library/Developer/Xcode/DerivedData/Cloudyyy_App-givuluqnjhnfsleknoohwwvjeazc/Build/Intermediates.noindex/xctest-dynamic-overlay.build/Debug-iphonesimulator/XCTestDynamicOverlay.build/Objects-normal/arm64/XCTestDynamicOverlay.swiftmodule @/Users/admin15/Library/Developer/Xcode/DerivedData/Cloudyyy_App-givuluqnjhnfsleknoohwwvjeazc/Build/Intermediates.noindex/xctest-dynamic-overlay.build/Debug-iphonesimulator/XCTestDynamicOverlay.build/Objects-normal/arm64/XCTestDynamicOverlay-linker-args.resp -o /Users/admin15/Library/Developer/Xcode/DerivedData/Cloudyyy_App-givuluqnjhnfsleknoohwwvjeazc/Build/Products/Debug-iphonesimulator/XCTestDynamicOverlay.o

Ld /Users/admin15/Library/Developer/Xcode/DerivedData/Cloudyyy_App-givuluqnjhnfsleknoohwwvjeazc/Build/Products/Debug-iphonesimulator/Clocks.o normal (in target 'Clocks' from project 'swift-clocks')
    cd /Users/admin15/Library/Developer/Xcode/DerivedData/Cloudyyy_App-givuluqnjhnfsleknoohwwvjeazc/SourcePackages/checkouts/swift-clocks
    /Applications/Xcode.app/Contents/Developer/Toolchains/XcodeDefault.xctoolchain/usr/bin/clang -Xlinker -reproducible -target arm64-apple-ios13.0-simulator -r -isysroot /Applications/Xcode.app/Contents/Developer/Platforms/iPhoneSimulator.platform/Developer/SDKs/iPhoneSimulator26.2.sdk -O0 -w -L/Users/admin15/Library/Developer/Xcode/DerivedData/Cloudyyy_App-givuluqnjhnfsleknoohwwvjeazc/Build/Intermediates.noindex/EagerLinkingTBDs/Debug-iphonesimulator -L/Users/admin15/Library/Developer/Xcode/DerivedData/Cloudyyy_App-givuluqnjhnfsleknoohwwvjeazc/Build/Products/Debug-iphonesimulator -L/Applications/Xcode.app/Contents/Developer/Platforms/iPhoneSimulator.platform/Developer/usr/lib -F/Users/admin15/Library/Developer/Xcode/DerivedData/Cloudyyy_App-givuluqnjhnfsleknoohwwvjeazc/Build/Intermediates.noindex/EagerLinkingTBDs/Debug-iphonesimulator -F/Users/admin15/Library/Developer/Xcode/DerivedData/Cloudyyy_App-givuluqnjhnfsleknoohwwvjeazc/Build/Products/Debug-iphonesimulator/PackageFrameworks -F/Users/admin15/Library/Developer/Xcode/DerivedData/Cloudyyy_App-givuluqnjhnfsleknoohwwvjeazc/Build/Products/Debug-iphonesimulator/PackageFrameworks -F/Users/admin15/Library/Developer/Xcode/DerivedData/Cloudyyy_App-givuluqnjhnfsleknoohwwvjeazc/Build/Products/Debug-iphonesimulator/PackageFrameworks -F/Users/admin15/Library/Developer/Xcode/DerivedData/Cloudyyy_App-givuluqnjhnfsleknoohwwvjeazc/Build/Products/Debug-iphonesimulator -iframework /Applications/Xcode.app/Contents/Developer/Platforms/iPhoneSimulator.platform/Developer/Library/Frameworks -iframework /Applications/Xcode.app/Contents/Developer/Platforms/iPhoneSimulator.platform/Developer/SDKs/iPhoneSimulator26.2.sdk/Developer/Library/Frameworks -filelist /Users/admin15/Library/Developer/Xcode/DerivedData/Cloudyyy_App-givuluqnjhnfsleknoohwwvjeazc/Build/Intermediates.noindex/swift-clocks.build/Debug-iphonesimulator/Clocks.build/Objects-normal/arm64/Clocks.LinkFileList -nostdlib -Xlinker -object_path_lto -Xlinker /Users/admin15/Library/Developer/Xcode/DerivedData/Cloudyyy_App-givuluqnjhnfsleknoohwwvjeazc/Build/Intermediates.noindex/swift-clocks.build/Debug-iphonesimulator/Clocks.build/Objects-normal/arm64/Clocks_lto.o -rdynamic -Xlinker -no_deduplicate -Xlinker -objc_abi_version -Xlinker 2 -Xlinker -debug_variant -Xlinker -dependency_info -Xlinker /Users/admin15/Library/Developer/Xcode/DerivedData/Cloudyyy_App-givuluqnjhnfsleknoohwwvjeazc/Build/Intermediates.noindex/swift-clocks.build/Debug-iphonesimulator/Clocks.build/Objects-normal/arm64/Clocks_dependency_info.dat -fobjc-link-runtime -L/Applications/Xcode.app/Contents/Developer/Toolchains/XcodeDefault.xctoolchain/usr/lib/swift/iphonesimulator -L/usr/lib/swift -Xlinker -add_ast_path -Xlinker /Users/admin15/Library/Developer/Xcode/DerivedData/Cloudyyy_App-givuluqnjhnfsleknoohwwvjeazc/Build/Intermediates.noindex/swift-clocks.build/Debug-iphonesimulator/Clocks.build/Objects-normal/arm64/Clocks.swiftmodule @/Users/admin15/Library/Developer/Xcode/DerivedData/Cloudyyy_App-givuluqnjhnfsleknoohwwvjeazc/Build/Intermediates.noindex/swift-clocks.build/Debug-iphonesimulator/Clocks.build/Objects-normal/arm64/Clocks-linker-args.resp -o /Users/admin15/Library/Developer/Xcode/DerivedData/Cloudyyy_App-givuluqnjhnfsleknoohwwvjeazc/Build/Products/Debug-iphonesimulator/Clocks.o

ExtractAppIntentsMetadata (in target 'Clocks' from project 'swift-clocks')
    cd /Users/admin15/Library/Developer/Xcode/DerivedData/Cloudyyy_App-givuluqnjhnfsleknoohwwvjeazc/SourcePackages/checkouts/swift-clocks
    /Applications/Xcode.app/Contents/Developer/Toolchains/XcodeDefault.xctoolchain/usr/bin/appintentsmetadataprocessor --toolchain-dir /var/run/com.apple.security.cryptexd/mnt/com.apple.MobileAsset.MetalToolchain-v17.3.48.0.3JfHBy/Metal.xctoolchain --module-name Clocks --sdk-root /Applications/Xcode.app/Contents/Developer/Platforms/iPhoneSimulator.platform/Developer/SDKs/iPhoneSimulator26.2.sdk --xcode-version 17C52 --platform-family iOS --deployment-target 13.0 --bundle-identifier swift-clocks.Clocks --output /Users/admin15/Library/Developer/Xcode/DerivedData/Cloudyyy_App-givuluqnjhnfsleknoohwwvjeazc/Build/Products/Debug-iphonesimulator/Clocks.appintents --target-triple arm64-apple-ios13.0-simulator --binary-file /Users/admin15/Library/Developer/Xcode/DerivedData/Cloudyyy_App-givuluqnjhnfsleknoohwwvjeazc/Build/Products/Debug-iphonesimulator/Clocks.o --dependency-file /Users/admin15/Library/Developer/Xcode/DerivedData/Cloudyyy_App-givuluqnjhnfsleknoohwwvjeazc/Build/Intermediates.noindex/swift-clocks.build/Debug-iphonesimulator/Clocks.build/Objects-normal/arm64/Clocks_dependency_info.dat --stringsdata-file /Users/admin15/Library/Developer/Xcode/DerivedData/Cloudyyy_App-givuluqnjhnfsleknoohwwvjeazc/Build/Intermediates.noindex/swift-clocks.build/Debug-iphonesimulator/Clocks.build/Objects-normal/arm64/ExtractedAppShortcutsMetadata.stringsdata --source-file-list /Users/admin15/Library/Developer/Xcode/DerivedData/Cloudyyy_App-givuluqnjhnfsleknoohwwvjeazc/Build/Intermediates.noindex/swift-clocks.build/Debug-iphonesimulator/Clocks.build/Objects-normal/arm64/Clocks.SwiftFileList --metadata-file-list /Users/admin15/Library/Developer/Xcode/DerivedData/Cloudyyy_App-givuluqnjhnfsleknoohwwvjeazc/Build/Intermediates.noindex/swift-clocks.build/Debug-iphonesimulator/Clocks.build/Clocks.DependencyMetadataFileList --static-metadata-file-list /Users/admin15/Library/Developer/Xcode/DerivedData/Cloudyyy_App-givuluqnjhnfsleknoohwwvjeazc/Build/Intermediates.noindex/swift-clocks.build/Debug-iphonesimulator/Clocks.build/Clocks.DependencyStaticMetadataFileList --swift-const-vals-list /Users/admin15/Library/Developer/Xcode/DerivedData/Cloudyyy_App-givuluqnjhnfsleknoohwwvjeazc/Build/Intermediates.noindex/swift-clocks.build/Debug-iphonesimulator/Clocks.build/Objects-normal/arm64/Clocks.SwiftConstValuesFileList --force --compile-time-extraction --deployment-aware-processing --validate-assistant-intents --no-app-shortcuts-localization
2026-03-30 13:44:03.465 appintentsmetadataprocessor[65786:48036839] Starting appintentsmetadataprocessor export
2026-03-30 13:44:03.559 appintentsmetadataprocessor[65786:48036839] Extracted no relevant App Intents symbols, skipping writing output

RegisterExecutionPolicyException /Users/admin15/Library/Developer/Xcode/DerivedData/Cloudyyy_App-givuluqnjhnfsleknoohwwvjeazc/Build/Products/Debug-iphonesimulator/Clocks.o (in target 'Clocks' from project 'swift-clocks')
    cd /Users/admin15/Library/Developer/Xcode/DerivedData/Cloudyyy_App-givuluqnjhnfsleknoohwwvjeazc/SourcePackages/checkouts/swift-clocks
    builtin-RegisterExecutionPolicyException /Users/admin15/Library/Developer/Xcode/DerivedData/Cloudyyy_App-givuluqnjhnfsleknoohwwvjeazc/Build/Products/Debug-iphonesimulator/Clocks.o

ExtractAppIntentsMetadata (in target 'XCTestDynamicOverlay' from project 'xctest-dynamic-overlay')
    cd /Users/admin15/Library/Developer/Xcode/DerivedData/Cloudyyy_App-givuluqnjhnfsleknoohwwvjeazc/SourcePackages/checkouts/xctest-dynamic-overlay
    /Applications/Xcode.app/Contents/Developer/Toolchains/XcodeDefault.xctoolchain/usr/bin/appintentsmetadataprocessor --toolchain-dir /var/run/com.apple.security.cryptexd/mnt/com.apple.MobileAsset.MetalToolchain-v17.3.48.0.3JfHBy/Metal.xctoolchain --module-name XCTestDynamicOverlay --sdk-root /Applications/Xcode.app/Contents/Developer/Platforms/iPhoneSimulator.platform/Developer/SDKs/iPhoneSimulator26.2.sdk --xcode-version 17C52 --platform-family iOS --deployment-target 13.0 --bundle-identifier xctest-dynamic-overlay.XCTestDynamicOverlay --output /Users/admin15/Library/Developer/Xcode/DerivedData/Cloudyyy_App-givuluqnjhnfsleknoohwwvjeazc/Build/Products/Debug-iphonesimulator/XCTestDynamicOverlay.appintents --target-triple arm64-apple-ios13.0-simulator --binary-file /Users/admin15/Library/Developer/Xcode/DerivedData/Cloudyyy_App-givuluqnjhnfsleknoohwwvjeazc/Build/Products/Debug-iphonesimulator/XCTestDynamicOverlay.o --dependency-file /Users/admin15/Library/Developer/Xcode/DerivedData/Cloudyyy_App-givuluqnjhnfsleknoohwwvjeazc/Build/Intermediates.noindex/xctest-dynamic-overlay.build/Debug-iphonesimulator/XCTestDynamicOverlay.build/Objects-normal/arm64/XCTestDynamicOverlay_dependency_info.dat --stringsdata-file /Users/admin15/Library/Developer/Xcode/DerivedData/Cloudyyy_App-givuluqnjhnfsleknoohwwvjeazc/Build/Intermediates.noindex/xctest-dynamic-overlay.build/Debug-iphonesimulator/XCTestDynamicOverlay.build/Objects-normal/arm64/ExtractedAppShortcutsMetadata.stringsdata --source-file-list /Users/admin15/Library/Developer/Xcode/DerivedData/Cloudyyy_App-givuluqnjhnfsleknoohwwvjeazc/Build/Intermediates.noindex/xctest-dynamic-overlay.build/Debug-iphonesimulator/XCTestDynamicOverlay.build/Objects-normal/arm64/XCTestDynamicOverlay.SwiftFileList --metadata-file-list /Users/admin15/Library/Developer/Xcode/DerivedData/Cloudyyy_App-givuluqnjhnfsleknoohwwvjeazc/Build/Intermediates.noindex/xctest-dynamic-overlay.build/Debug-iphonesimulator/XCTestDynamicOverlay.build/XCTestDynamicOverlay.DependencyMetadataFileList --static-metadata-file-list /Users/admin15/Library/Developer/Xcode/DerivedData/Cloudyyy_App-givuluqnjhnfsleknoohwwvjeazc/Build/Intermediates.noindex/xctest-dynamic-overlay.build/Debug-iphonesimulator/XCTestDynamicOverlay.build/XCTestDynamicOverlay.DependencyStaticMetadataFileList --swift-const-vals-list /Users/admin15/Library/Developer/Xcode/DerivedData/Cloudyyy_App-givuluqnjhnfsleknoohwwvjeazc/Build/Intermediates.noindex/xctest-dynamic-overlay.build/Debug-iphonesimulator/XCTestDynamicOverlay.build/Objects-normal/arm64/XCTestDynamicOverlay.SwiftConstValuesFileList --force --compile-time-extraction --deployment-aware-processing --validate-assistant-intents --no-app-shortcuts-localization
2026-03-30 13:44:03.587 appintentsmetadataprocessor[65787:48036842] Starting appintentsmetadataprocessor export
2026-03-30 13:44:03.714 appintentsmetadataprocessor[65787:48036842] Extracted no relevant App Intents symbols, skipping writing output

RegisterExecutionPolicyException /Users/admin15/Library/Developer/Xcode/DerivedData/Cloudyyy_App-givuluqnjhnfsleknoohwwvjeazc/Build/Products/Debug-iphonesimulator/XCTestDynamicOverlay.o (in target 'XCTestDynamicOverlay' from project 'xctest-dynamic-overlay')
    cd /Users/admin15/Library/Developer/Xcode/DerivedData/Cloudyyy_App-givuluqnjhnfsleknoohwwvjeazc/SourcePackages/checkouts/xctest-dynamic-overlay
    builtin-RegisterExecutionPolicyException /Users/admin15/Library/Developer/Xcode/DerivedData/Cloudyyy_App-givuluqnjhnfsleknoohwwvjeazc/Build/Products/Debug-iphonesimulator/XCTestDynamicOverlay.o

Ld /Users/admin15/Library/Developer/Xcode/DerivedData/Cloudyyy_App-givuluqnjhnfsleknoohwwvjeazc/Build/Products/Debug-iphonesimulator/Helpers.o normal (in target 'Helpers' from project 'Supabase')
    cd /Users/admin15/Library/Developer/Xcode/DerivedData/Cloudyyy_App-givuluqnjhnfsleknoohwwvjeazc/SourcePackages/checkouts/supabase-swift
    /Applications/Xcode.app/Contents/Developer/Toolchains/XcodeDefault.xctoolchain/usr/bin/clang -Xlinker -reproducible -target arm64-apple-ios13.0-simulator -r -isysroot /Applications/Xcode.app/Contents/Developer/Platforms/iPhoneSimulator.platform/Developer/SDKs/iPhoneSimulator26.2.sdk -O0 -w -L/Users/admin15/Library/Developer/Xcode/DerivedData/Cloudyyy_App-givuluqnjhnfsleknoohwwvjeazc/Build/Intermediates.noindex/EagerLinkingTBDs/Debug-iphonesimulator -L/Users/admin15/Library/Developer/Xcode/DerivedData/Cloudyyy_App-givuluqnjhnfsleknoohwwvjeazc/Build/Products/Debug-iphonesimulator -L/Applications/Xcode.app/Contents/Developer/Platforms/iPhoneSimulator.platform/Developer/usr/lib -F/Users/admin15/Library/Developer/Xcode/DerivedData/Cloudyyy_App-givuluqnjhnfsleknoohwwvjeazc/Build/Intermediates.noindex/EagerLinkingTBDs/Debug-iphonesimulator -F/Users/admin15/Library/Developer/Xcode/DerivedData/Cloudyyy_App-givuluqnjhnfsleknoohwwvjeazc/Build/Products/Debug-iphonesimulator/PackageFrameworks -F/Users/admin15/Library/Developer/Xcode/DerivedData/Cloudyyy_App-givuluqnjhnfsleknoohwwvjeazc/Build/Products/Debug-iphonesimulator/PackageFrameworks -F/Users/admin15/Library/Developer/Xcode/DerivedData/Cloudyyy_App-givuluqnjhnfsleknoohwwvjeazc/Build/Products/Debug-iphonesimulator/PackageFrameworks -F/Users/admin15/Library/Developer/Xcode/DerivedData/Cloudyyy_App-givuluqnjhnfsleknoohwwvjeazc/Build/Products/Debug-iphonesimulator/PackageFrameworks -F/Users/admin15/Library/Developer/Xcode/DerivedData/Cloudyyy_App-givuluqnjhnfsleknoohwwvjeazc/Build/Products/Debug-iphonesimulator/PackageFrameworks -F/Users/admin15/Library/Developer/Xcode/DerivedData/Cloudyyy_App-givuluqnjhnfsleknoohwwvjeazc/Build/Products/Debug-iphonesimulator/PackageFrameworks -F/Users/admin15/Library/Developer/Xcode/DerivedData/Cloudyyy_App-givuluqnjhnfsleknoohwwvjeazc/Build/Products/Debug-iphonesimulator -iframework /Applications/Xcode.app/Contents/Developer/Platforms/iPhoneSimulator.platform/Developer/Library/Frameworks -iframework /Applications/Xcode.app/Contents/Developer/Platforms/iPhoneSimulator.platform/Developer/SDKs/iPhoneSimulator26.2.sdk/Developer/Library/Frameworks -filelist /Users/admin15/Library/Developer/Xcode/DerivedData/Cloudyyy_App-givuluqnjhnfsleknoohwwvjeazc/Build/Intermediates.noindex/Supabase.build/Debug-iphonesimulator/Helpers.build/Objects-normal/arm64/Helpers.LinkFileList -nostdlib -Xlinker -object_path_lto -Xlinker /Users/admin15/Library/Developer/Xcode/DerivedData/Cloudyyy_App-givuluqnjhnfsleknoohwwvjeazc/Build/Intermediates.noindex/Supabase.build/Debug-iphonesimulator/Helpers.build/Objects-normal/arm64/Helpers_lto.o -rdynamic -Xlinker -no_deduplicate -Xlinker -objc_abi_version -Xlinker 2 -Xlinker -debug_variant -Xlinker -dependency_info -Xlinker /Users/admin15/Library/Developer/Xcode/DerivedData/Cloudyyy_App-givuluqnjhnfsleknoohwwvjeazc/Build/Intermediates.noindex/Supabase.build/Debug-iphonesimulator/Helpers.build/Objects-normal/arm64/Helpers_dependency_info.dat -fobjc-link-runtime -L/Applications/Xcode.app/Contents/Developer/Toolchains/XcodeDefault.xctoolchain/usr/lib/swift/iphonesimulator -L/usr/lib/swift -Xlinker -add_ast_path -Xlinker /Users/admin15/Library/Developer/Xcode/DerivedData/Cloudyyy_App-givuluqnjhnfsleknoohwwvjeazc/Build/Intermediates.noindex/Supabase.build/Debug-iphonesimulator/Helpers.build/Objects-normal/arm64/Helpers.swiftmodule @/Users/admin15/Library/Developer/Xcode/DerivedData/Cloudyyy_App-givuluqnjhnfsleknoohwwvjeazc/Build/Intermediates.noindex/Supabase.build/Debug-iphonesimulator/Helpers.build/Objects-normal/arm64/Helpers-linker-args.resp -o /Users/admin15/Library/Developer/Xcode/DerivedData/Cloudyyy_App-givuluqnjhnfsleknoohwwvjeazc/Build/Products/Debug-iphonesimulator/Helpers.o

ExtractAppIntentsMetadata (in target 'Helpers' from project 'Supabase')
    cd /Users/admin15/Library/Developer/Xcode/DerivedData/Cloudyyy_App-givuluqnjhnfsleknoohwwvjeazc/SourcePackages/checkouts/supabase-swift
    /Applications/Xcode.app/Contents/Developer/Toolchains/XcodeDefault.xctoolchain/usr/bin/appintentsmetadataprocessor --toolchain-dir /var/run/com.apple.security.cryptexd/mnt/com.apple.MobileAsset.MetalToolchain-v17.3.48.0.3JfHBy/Metal.xctoolchain --module-name Helpers --sdk-root /Applications/Xcode.app/Contents/Developer/Platforms/iPhoneSimulator.platform/Developer/SDKs/iPhoneSimulator26.2.sdk --xcode-version 17C52 --platform-family iOS --deployment-target 13.0 --bundle-identifier supabase-swift.Helpers --output /Users/admin15/Library/Developer/Xcode/DerivedData/Cloudyyy_App-givuluqnjhnfsleknoohwwvjeazc/Build/Products/Debug-iphonesimulator/Helpers.appintents --target-triple arm64-apple-ios13.0-simulator --binary-file /Users/admin15/Library/Developer/Xcode/DerivedData/Cloudyyy_App-givuluqnjhnfsleknoohwwvjeazc/Build/Products/Debug-iphonesimulator/Helpers.o --dependency-file /Users/admin15/Library/Developer/Xcode/DerivedData/Cloudyyy_App-givuluqnjhnfsleknoohwwvjeazc/Build/Intermediates.noindex/Supabase.build/Debug-iphonesimulator/Helpers.build/Objects-normal/arm64/Helpers_dependency_info.dat --stringsdata-file /Users/admin15/Library/Developer/Xcode/DerivedData/Cloudyyy_App-givuluqnjhnfsleknoohwwvjeazc/Build/Intermediates.noindex/Supabase.build/Debug-iphonesimulator/Helpers.build/Objects-normal/arm64/ExtractedAppShortcutsMetadata.stringsdata --source-file-list /Users/admin15/Library/Developer/Xcode/DerivedData/Cloudyyy_App-givuluqnjhnfsleknoohwwvjeazc/Build/Intermediates.noindex/Supabase.build/Debug-iphonesimulator/Helpers.build/Objects-normal/arm64/Helpers.SwiftFileList --metadata-file-list /Users/admin15/Library/Developer/Xcode/DerivedData/Cloudyyy_App-givuluqnjhnfsleknoohwwvjeazc/Build/Intermediates.noindex/Supabase.build/Debug-iphonesimulator/Helpers.build/Helpers.DependencyMetadataFileList --static-metadata-file-list /Users/admin15/Library/Developer/Xcode/DerivedData/Cloudyyy_App-givuluqnjhnfsleknoohwwvjeazc/Build/Intermediates.noindex/Supabase.build/Debug-iphonesimulator/Helpers.build/Helpers.DependencyStaticMetadataFileList --swift-const-vals-list /Users/admin15/Library/Developer/Xcode/DerivedData/Cloudyyy_App-givuluqnjhnfsleknoohwwvjeazc/Build/Intermediates.noindex/Supabase.build/Debug-iphonesimulator/Helpers.build/Objects-normal/arm64/Helpers.SwiftConstValuesFileList --force --compile-time-extraction --deployment-aware-processing --validate-assistant-intents --no-app-shortcuts-localization
2026-03-30 13:44:03.795 appintentsmetadataprocessor[65790:48036865] Starting appintentsmetadataprocessor export
2026-03-30 13:44:03.976 appintentsmetadataprocessor[65790:48036865] Extracted no relevant App Intents symbols, skipping writing output

RegisterExecutionPolicyException /Users/admin15/Library/Developer/Xcode/DerivedData/Cloudyyy_App-givuluqnjhnfsleknoohwwvjeazc/Build/Products/Debug-iphonesimulator/Helpers.o (in target 'Helpers' from project 'Supabase')
    cd /Users/admin15/Library/Developer/Xcode/DerivedData/Cloudyyy_App-givuluqnjhnfsleknoohwwvjeazc/SourcePackages/checkouts/supabase-swift
    builtin-RegisterExecutionPolicyException /Users/admin15/Library/Developer/Xcode/DerivedData/Cloudyyy_App-givuluqnjhnfsleknoohwwvjeazc/Build/Products/Debug-iphonesimulator/Helpers.o

Ld /Users/admin15/Library/Developer/Xcode/DerivedData/Cloudyyy_App-givuluqnjhnfsleknoohwwvjeazc/Build/Products/Debug-iphonesimulator/Storage.o normal (in target 'Storage' from project 'Supabase')
    cd /Users/admin15/Library/Developer/Xcode/DerivedData/Cloudyyy_App-givuluqnjhnfsleknoohwwvjeazc/SourcePackages/checkouts/supabase-swift
    /Applications/Xcode.app/Contents/Developer/Toolchains/XcodeDefault.xctoolchain/usr/bin/clang -Xlinker -reproducible -target arm64-apple-ios13.0-simulator -r -isysroot /Applications/Xcode.app/Contents/Developer/Platforms/iPhoneSimulator.platform/Developer/SDKs/iPhoneSimulator26.2.sdk -O0 -w -L/Users/admin15/Library/Developer/Xcode/DerivedData/Cloudyyy_App-givuluqnjhnfsleknoohwwvjeazc/Build/Intermediates.noindex/EagerLinkingTBDs/Debug-iphonesimulator -L/Users/admin15/Library/Developer/Xcode/DerivedData/Cloudyyy_App-givuluqnjhnfsleknoohwwvjeazc/Build/Products/Debug-iphonesimulator -L/Applications/Xcode.app/Contents/Developer/Platforms/iPhoneSimulator.platform/Developer/usr/lib -F/Users/admin15/Library/Developer/Xcode/DerivedData/Cloudyyy_App-givuluqnjhnfsleknoohwwvjeazc/Build/Intermediates.noindex/EagerLinkingTBDs/Debug-iphonesimulator -F/Users/admin15/Library/Developer/Xcode/DerivedData/Cloudyyy_App-givuluqnjhnfsleknoohwwvjeazc/Build/Products/Debug-iphonesimulator/PackageFrameworks -F/Users/admin15/Library/Developer/Xcode/DerivedData/Cloudyyy_App-givuluqnjhnfsleknoohwwvjeazc/Build/Products/Debug-iphonesimulator/PackageFrameworks -F/Users/admin15/Library/Developer/Xcode/DerivedData/Cloudyyy_App-givuluqnjhnfsleknoohwwvjeazc/Build/Products/Debug-iphonesimulator/PackageFrameworks -F/Users/admin15/Library/Developer/Xcode/DerivedData/Cloudyyy_App-givuluqnjhnfsleknoohwwvjeazc/Build/Products/Debug-iphonesimulator/PackageFrameworks -F/Users/admin15/Library/Developer/Xcode/DerivedData/Cloudyyy_App-givuluqnjhnfsleknoohwwvjeazc/Build/Products/Debug-iphonesimulator/PackageFrameworks -F/Users/admin15/Library/Developer/Xcode/DerivedData/Cloudyyy_App-givuluqnjhnfsleknoohwwvjeazc/Build/Products/Debug-iphonesimulator/PackageFrameworks -F/Users/admin15/Library/Developer/Xcode/DerivedData/Cloudyyy_App-givuluqnjhnfsleknoohwwvjeazc/Build/Products/Debug-iphonesimulator/PackageFrameworks -F/Users/admin15/Library/Developer/Xcode/DerivedData/Cloudyyy_App-givuluqnjhnfsleknoohwwvjeazc/Build/Products/Debug-iphonesimulator -iframework /Applications/Xcode.app/Contents/Developer/Platforms/iPhoneSimulator.platform/Developer/Library/Frameworks -iframework /Applications/Xcode.app/Contents/Developer/Platforms/iPhoneSimulator.platform/Developer/SDKs/iPhoneSimulator26.2.sdk/Developer/Library/Frameworks -filelist /Users/admin15/Library/Developer/Xcode/DerivedData/Cloudyyy_App-givuluqnjhnfsleknoohwwvjeazc/Build/Intermediates.noindex/Supabase.build/Debug-iphonesimulator/Storage.build/Objects-normal/arm64/Storage.LinkFileList -nostdlib -Xlinker -object_path_lto -Xlinker /Users/admin15/Library/Developer/Xcode/DerivedData/Cloudyyy_App-givuluqnjhnfsleknoohwwvjeazc/Build/Intermediates.noindex/Supabase.build/Debug-iphonesimulator/Storage.build/Objects-normal/arm64/Storage_lto.o -rdynamic -Xlinker -no_deduplicate -Xlinker -objc_abi_version -Xlinker 2 -Xlinker -debug_variant -Xlinker -dependency_info -Xlinker /Users/admin15/Library/Developer/Xcode/DerivedData/Cloudyyy_App-givuluqnjhnfsleknoohwwvjeazc/Build/Intermediates.noindex/Supabase.build/Debug-iphonesimulator/Storage.build/Objects-normal/arm64/Storage_dependency_info.dat -fobjc-link-runtime -L/Applications/Xcode.app/Contents/Developer/Toolchains/XcodeDefault.xctoolchain/usr/lib/swift/iphonesimulator -L/usr/lib/swift -Xlinker -add_ast_path -Xlinker /Users/admin15/Library/Developer/Xcode/DerivedData/Cloudyyy_App-givuluqnjhnfsleknoohwwvjeazc/Build/Intermediates.noindex/Supabase.build/Debug-iphonesimulator/Storage.build/Objects-normal/arm64/Storage.swiftmodule @/Users/admin15/Library/Developer/Xcode/DerivedData/Cloudyyy_App-givuluqnjhnfsleknoohwwvjeazc/Build/Intermediates.noindex/Supabase.build/Debug-iphonesimulator/Storage.build/Objects-normal/arm64/Storage-linker-args.resp -o /Users/admin15/Library/Developer/Xcode/DerivedData/Cloudyyy_App-givuluqnjhnfsleknoohwwvjeazc/Build/Products/Debug-iphonesimulator/Storage.o

Ld /Users/admin15/Library/Developer/Xcode/DerivedData/Cloudyyy_App-givuluqnjhnfsleknoohwwvjeazc/Build/Products/Debug-iphonesimulator/Functions.o normal (in target 'Functions' from project 'Supabase')
    cd /Users/admin15/Library/Developer/Xcode/DerivedData/Cloudyyy_App-givuluqnjhnfsleknoohwwvjeazc/SourcePackages/checkouts/supabase-swift
    /Applications/Xcode.app/Contents/Developer/Toolchains/XcodeDefault.xctoolchain/usr/bin/clang -Xlinker -reproducible -target arm64-apple-ios13.0-simulator -r -isysroot /Applications/Xcode.app/Contents/Developer/Platforms/iPhoneSimulator.platform/Developer/SDKs/iPhoneSimulator26.2.sdk -O0 -w -L/Users/admin15/Library/Developer/Xcode/DerivedData/Cloudyyy_App-givuluqnjhnfsleknoohwwvjeazc/Build/Intermediates.noindex/EagerLinkingTBDs/Debug-iphonesimulator -L/Users/admin15/Library/Developer/Xcode/DerivedData/Cloudyyy_App-givuluqnjhnfsleknoohwwvjeazc/Build/Products/Debug-iphonesimulator -L/Applications/Xcode.app/Contents/Developer/Platforms/iPhoneSimulator.platform/Developer/usr/lib -F/Users/admin15/Library/Developer/Xcode/DerivedData/Cloudyyy_App-givuluqnjhnfsleknoohwwvjeazc/Build/Intermediates.noindex/EagerLinkingTBDs/Debug-iphonesimulator -F/Users/admin15/Library/Developer/Xcode/DerivedData/Cloudyyy_App-givuluqnjhnfsleknoohwwvjeazc/Build/Products/Debug-iphonesimulator/PackageFrameworks -F/Users/admin15/Library/Developer/Xcode/DerivedData/Cloudyyy_App-givuluqnjhnfsleknoohwwvjeazc/Build/Products/Debug-iphonesimulator/PackageFrameworks -F/Users/admin15/Library/Developer/Xcode/DerivedData/Cloudyyy_App-givuluqnjhnfsleknoohwwvjeazc/Build/Products/Debug-iphonesimulator/PackageFrameworks -F/Users/admin15/Library/Developer/Xcode/DerivedData/Cloudyyy_App-givuluqnjhnfsleknoohwwvjeazc/Build/Products/Debug-iphonesimulator/PackageFrameworks -F/Users/admin15/Library/Developer/Xcode/DerivedData/Cloudyyy_App-givuluqnjhnfsleknoohwwvjeazc/Build/Products/Debug-iphonesimulator/PackageFrameworks -F/Users/admin15/Library/Developer/Xcode/DerivedData/Cloudyyy_App-givuluqnjhnfsleknoohwwvjeazc/Build/Products/Debug-iphonesimulator/PackageFrameworks -F/Users/admin15/Library/Developer/Xcode/DerivedData/Cloudyyy_App-givuluqnjhnfsleknoohwwvjeazc/Build/Products/Debug-iphonesimulator/PackageFrameworks -F/Users/admin15/Library/Developer/Xcode/DerivedData/Cloudyyy_App-givuluqnjhnfsleknoohwwvjeazc/Build/Products/Debug-iphonesimulator -iframework /Applications/Xcode.app/Contents/Developer/Platforms/iPhoneSimulator.platform/Developer/Library/Frameworks -iframework /Applications/Xcode.app/Contents/Developer/Platforms/iPhoneSimulator.platform/Developer/SDKs/iPhoneSimulator26.2.sdk/Developer/Library/Frameworks -filelist /Users/admin15/Library/Developer/Xcode/DerivedData/Cloudyyy_App-givuluqnjhnfsleknoohwwvjeazc/Build/Intermediates.noindex/Supabase.build/Debug-iphonesimulator/Functions.build/Objects-normal/arm64/Functions.LinkFileList -nostdlib -Xlinker -object_path_lto -Xlinker /Users/admin15/Library/Developer/Xcode/DerivedData/Cloudyyy_App-givuluqnjhnfsleknoohwwvjeazc/Build/Intermediates.noindex/Supabase.build/Debug-iphonesimulator/Functions.build/Objects-normal/arm64/Functions_lto.o -rdynamic -Xlinker -no_deduplicate -Xlinker -objc_abi_version -Xlinker 2 -Xlinker -debug_variant -Xlinker -dependency_info -Xlinker /Users/admin15/Library/Developer/Xcode/DerivedData/Cloudyyy_App-givuluqnjhnfsleknoohwwvjeazc/Build/Intermediates.noindex/Supabase.build/Debug-iphonesimulator/Functions.build/Objects-normal/arm64/Functions_dependency_info.dat -fobjc-link-runtime -L/Applications/Xcode.app/Contents/Developer/Toolchains/XcodeDefault.xctoolchain/usr/lib/swift/iphonesimulator -L/usr/lib/swift -Xlinker -add_ast_path -Xlinker /Users/admin15/Library/Developer/Xcode/DerivedData/Cloudyyy_App-givuluqnjhnfsleknoohwwvjeazc/Build/Intermediates.noindex/Supabase.build/Debug-iphonesimulator/Functions.build/Objects-normal/arm64/Functions.swiftmodule @/Users/admin15/Library/Developer/Xcode/DerivedData/Cloudyyy_App-givuluqnjhnfsleknoohwwvjeazc/Build/Intermediates.noindex/Supabase.build/Debug-iphonesimulator/Functions.build/Objects-normal/arm64/Functions-linker-args.resp -o /Users/admin15/Library/Developer/Xcode/DerivedData/Cloudyyy_App-givuluqnjhnfsleknoohwwvjeazc/Build/Products/Debug-iphonesimulator/Functions.o

Ld /Users/admin15/Library/Developer/Xcode/DerivedData/Cloudyyy_App-givuluqnjhnfsleknoohwwvjeazc/Build/Products/Debug-iphonesimulator/PostgREST.o normal (in target 'PostgREST' from project 'Supabase')
    cd /Users/admin15/Library/Developer/Xcode/DerivedData/Cloudyyy_App-givuluqnjhnfsleknoohwwvjeazc/SourcePackages/checkouts/supabase-swift
    /Applications/Xcode.app/Contents/Developer/Toolchains/XcodeDefault.xctoolchain/usr/bin/clang -Xlinker -reproducible -target arm64-apple-ios13.0-simulator -r -isysroot /Applications/Xcode.app/Contents/Developer/Platforms/iPhoneSimulator.platform/Developer/SDKs/iPhoneSimulator26.2.sdk -O0 -w -L/Users/admin15/Library/Developer/Xcode/DerivedData/Cloudyyy_App-givuluqnjhnfsleknoohwwvjeazc/Build/Intermediates.noindex/EagerLinkingTBDs/Debug-iphonesimulator -L/Users/admin15/Library/Developer/Xcode/DerivedData/Cloudyyy_App-givuluqnjhnfsleknoohwwvjeazc/Build/Products/Debug-iphonesimulator -L/Applications/Xcode.app/Contents/Developer/Platforms/iPhoneSimulator.platform/Developer/usr/lib -F/Users/admin15/Library/Developer/Xcode/DerivedData/Cloudyyy_App-givuluqnjhnfsleknoohwwvjeazc/Build/Intermediates.noindex/EagerLinkingTBDs/Debug-iphonesimulator -F/Users/admin15/Library/Developer/Xcode/DerivedData/Cloudyyy_App-givuluqnjhnfsleknoohwwvjeazc/Build/Products/Debug-iphonesimulator/PackageFrameworks -F/Users/admin15/Library/Developer/Xcode/DerivedData/Cloudyyy_App-givuluqnjhnfsleknoohwwvjeazc/Build/Products/Debug-iphonesimulator/PackageFrameworks -F/Users/admin15/Library/Developer/Xcode/DerivedData/Cloudyyy_App-givuluqnjhnfsleknoohwwvjeazc/Build/Products/Debug-iphonesimulator/PackageFrameworks -F/Users/admin15/Library/Developer/Xcode/DerivedData/Cloudyyy_App-givuluqnjhnfsleknoohwwvjeazc/Build/Products/Debug-iphonesimulator/PackageFrameworks -F/Users/admin15/Library/Developer/Xcode/DerivedData/Cloudyyy_App-givuluqnjhnfsleknoohwwvjeazc/Build/Products/Debug-iphonesimulator/PackageFrameworks -F/Users/admin15/Library/Developer/Xcode/DerivedData/Cloudyyy_App-givuluqnjhnfsleknoohwwvjeazc/Build/Products/Debug-iphonesimulator/PackageFrameworks -F/Users/admin15/Library/Developer/Xcode/DerivedData/Cloudyyy_App-givuluqnjhnfsleknoohwwvjeazc/Build/Products/Debug-iphonesimulator/PackageFrameworks -F/Users/admin15/Library/Developer/Xcode/DerivedData/Cloudyyy_App-givuluqnjhnfsleknoohwwvjeazc/Build/Products/Debug-iphonesimulator -iframework /Applications/Xcode.app/Contents/Developer/Platforms/iPhoneSimulator.platform/Developer/Library/Frameworks -iframework /Applications/Xcode.app/Contents/Developer/Platforms/iPhoneSimulator.platform/Developer/SDKs/iPhoneSimulator26.2.sdk/Developer/Library/Frameworks -filelist /Users/admin15/Library/Developer/Xcode/DerivedData/Cloudyyy_App-givuluqnjhnfsleknoohwwvjeazc/Build/Intermediates.noindex/Supabase.build/Debug-iphonesimulator/PostgREST.build/Objects-normal/arm64/PostgREST.LinkFileList -nostdlib -Xlinker -object_path_lto -Xlinker /Users/admin15/Library/Developer/Xcode/DerivedData/Cloudyyy_App-givuluqnjhnfsleknoohwwvjeazc/Build/Intermediates.noindex/Supabase.build/Debug-iphonesimulator/PostgREST.build/Objects-normal/arm64/PostgREST_lto.o -rdynamic -Xlinker -no_deduplicate -Xlinker -objc_abi_version -Xlinker 2 -Xlinker -debug_variant -Xlinker -dependency_info -Xlinker /Users/admin15/Library/Developer/Xcode/DerivedData/Cloudyyy_App-givuluqnjhnfsleknoohwwvjeazc/Build/Intermediates.noindex/Supabase.build/Debug-iphonesimulator/PostgREST.build/Objects-normal/arm64/PostgREST_dependency_info.dat -fobjc-link-runtime -L/Applications/Xcode.app/Contents/Developer/Toolchains/XcodeDefault.xctoolchain/usr/lib/swift/iphonesimulator -L/usr/lib/swift -Xlinker -add_ast_path -Xlinker /Users/admin15/Library/Developer/Xcode/DerivedData/Cloudyyy_App-givuluqnjhnfsleknoohwwvjeazc/Build/Intermediates.noindex/Supabase.build/Debug-iphonesimulator/PostgREST.build/Objects-normal/arm64/PostgREST.swiftmodule @/Users/admin15/Library/Developer/Xcode/DerivedData/Cloudyyy_App-givuluqnjhnfsleknoohwwvjeazc/Build/Intermediates.noindex/Supabase.build/Debug-iphonesimulator/PostgREST.build/Objects-normal/arm64/PostgREST-linker-args.resp -o /Users/admin15/Library/Developer/Xcode/DerivedData/Cloudyyy_App-givuluqnjhnfsleknoohwwvjeazc/Build/Products/Debug-iphonesimulator/PostgREST.o

Ld /Users/admin15/Library/Developer/Xcode/DerivedData/Cloudyyy_App-givuluqnjhnfsleknoohwwvjeazc/Build/Products/Debug-iphonesimulator/Realtime.o normal (in target 'Realtime' from project 'Supabase')
    cd /Users/admin15/Library/Developer/Xcode/DerivedData/Cloudyyy_App-givuluqnjhnfsleknoohwwvjeazc/SourcePackages/checkouts/supabase-swift
    /Applications/Xcode.app/Contents/Developer/Toolchains/XcodeDefault.xctoolchain/usr/bin/clang -Xlinker -reproducible -target arm64-apple-ios13.0-simulator -r -isysroot /Applications/Xcode.app/Contents/Developer/Platforms/iPhoneSimulator.platform/Developer/SDKs/iPhoneSimulator26.2.sdk -O0 -w -L/Users/admin15/Library/Developer/Xcode/DerivedData/Cloudyyy_App-givuluqnjhnfsleknoohwwvjeazc/Build/Intermediates.noindex/EagerLinkingTBDs/Debug-iphonesimulator -L/Users/admin15/Library/Developer/Xcode/DerivedData/Cloudyyy_App-givuluqnjhnfsleknoohwwvjeazc/Build/Products/Debug-iphonesimulator -L/Applications/Xcode.app/Contents/Developer/Platforms/iPhoneSimulator.platform/Developer/usr/lib -F/Users/admin15/Library/Developer/Xcode/DerivedData/Cloudyyy_App-givuluqnjhnfsleknoohwwvjeazc/Build/Intermediates.noindex/EagerLinkingTBDs/Debug-iphonesimulator -F/Users/admin15/Library/Developer/Xcode/DerivedData/Cloudyyy_App-givuluqnjhnfsleknoohwwvjeazc/Build/Products/Debug-iphonesimulator/PackageFrameworks -F/Users/admin15/Library/Developer/Xcode/DerivedData/Cloudyyy_App-givuluqnjhnfsleknoohwwvjeazc/Build/Products/Debug-iphonesimulator/PackageFrameworks -F/Users/admin15/Library/Developer/Xcode/DerivedData/Cloudyyy_App-givuluqnjhnfsleknoohwwvjeazc/Build/Products/Debug-iphonesimulator/PackageFrameworks -F/Users/admin15/Library/Developer/Xcode/DerivedData/Cloudyyy_App-givuluqnjhnfsleknoohwwvjeazc/Build/Products/Debug-iphonesimulator/PackageFrameworks -F/Users/admin15/Library/Developer/Xcode/DerivedData/Cloudyyy_App-givuluqnjhnfsleknoohwwvjeazc/Build/Products/Debug-iphonesimulator/PackageFrameworks -F/Users/admin15/Library/Developer/Xcode/DerivedData/Cloudyyy_App-givuluqnjhnfsleknoohwwvjeazc/Build/Products/Debug-iphonesimulator/PackageFrameworks -F/Users/admin15/Library/Developer/Xcode/DerivedData/Cloudyyy_App-givuluqnjhnfsleknoohwwvjeazc/Build/Products/Debug-iphonesimulator/PackageFrameworks -F/Users/admin15/Library/Developer/Xcode/DerivedData/Cloudyyy_App-givuluqnjhnfsleknoohwwvjeazc/Build/Products/Debug-iphonesimulator -iframework /Applications/Xcode.app/Contents/Developer/Platforms/iPhoneSimulator.platform/Developer/Library/Frameworks -iframework /Applications/Xcode.app/Contents/Developer/Platforms/iPhoneSimulator.platform/Developer/SDKs/iPhoneSimulator26.2.sdk/Developer/Library/Frameworks -filelist /Users/admin15/Library/Developer/Xcode/DerivedData/Cloudyyy_App-givuluqnjhnfsleknoohwwvjeazc/Build/Intermediates.noindex/Supabase.build/Debug-iphonesimulator/Realtime.build/Objects-normal/arm64/Realtime.LinkFileList -nostdlib -Xlinker -object_path_lto -Xlinker /Users/admin15/Library/Developer/Xcode/DerivedData/Cloudyyy_App-givuluqnjhnfsleknoohwwvjeazc/Build/Intermediates.noindex/Supabase.build/Debug-iphonesimulator/Realtime.build/Objects-normal/arm64/Realtime_lto.o -rdynamic -Xlinker -no_deduplicate -Xlinker -objc_abi_version -Xlinker 2 -Xlinker -debug_variant -Xlinker -dependency_info -Xlinker /Users/admin15/Library/Developer/Xcode/DerivedData/Cloudyyy_App-givuluqnjhnfsleknoohwwvjeazc/Build/Intermediates.noindex/Supabase.build/Debug-iphonesimulator/Realtime.build/Objects-normal/arm64/Realtime_dependency_info.dat -fobjc-link-runtime -L/Applications/Xcode.app/Contents/Developer/Toolchains/XcodeDefault.xctoolchain/usr/lib/swift/iphonesimulator -L/usr/lib/swift -Xlinker -add_ast_path -Xlinker /Users/admin15/Library/Developer/Xcode/DerivedData/Cloudyyy_App-givuluqnjhnfsleknoohwwvjeazc/Build/Intermediates.noindex/Supabase.build/Debug-iphonesimulator/Realtime.build/Objects-normal/arm64/Realtime.swiftmodule @/Users/admin15/Library/Developer/Xcode/DerivedData/Cloudyyy_App-givuluqnjhnfsleknoohwwvjeazc/Build/Intermediates.noindex/Supabase.build/Debug-iphonesimulator/Realtime.build/Objects-normal/arm64/Realtime-linker-args.resp -o /Users/admin15/Library/Developer/Xcode/DerivedData/Cloudyyy_App-givuluqnjhnfsleknoohwwvjeazc/Build/Products/Debug-iphonesimulator/Realtime.o

ExtractAppIntentsMetadata (in target 'Crypto' from project 'swift-crypto')
    cd /Users/admin15/Library/Developer/Xcode/DerivedData/Cloudyyy_App-givuluqnjhnfsleknoohwwvjeazc/SourcePackages/checkouts/swift-crypto
    /Applications/Xcode.app/Contents/Developer/Toolchains/XcodeDefault.xctoolchain/usr/bin/appintentsmetadataprocessor --toolchain-dir /var/run/com.apple.security.cryptexd/mnt/com.apple.MobileAsset.MetalToolchain-v17.3.48.0.3JfHBy/Metal.xctoolchain --module-name Crypto --sdk-root /Applications/Xcode.app/Contents/Developer/Platforms/iPhoneSimulator.platform/Developer/SDKs/iPhoneSimulator26.2.sdk --xcode-version 17C52 --platform-family iOS --deployment-target 12.0 --bundle-identifier swift-crypto.Crypto --output /Users/admin15/Library/Developer/Xcode/DerivedData/Cloudyyy_App-givuluqnjhnfsleknoohwwvjeazc/Build/Products/Debug-iphonesimulator/Crypto.appintents --target-triple arm64-apple-ios12.0-simulator --binary-file /Users/admin15/Library/Developer/Xcode/DerivedData/Cloudyyy_App-givuluqnjhnfsleknoohwwvjeazc/Build/Products/Debug-iphonesimulator/Crypto.o --dependency-file /Users/admin15/Library/Developer/Xcode/DerivedData/Cloudyyy_App-givuluqnjhnfsleknoohwwvjeazc/Build/Intermediates.noindex/swift-crypto.build/Debug-iphonesimulator/Crypto.build/Objects-normal/arm64/Crypto_dependency_info.dat --stringsdata-file /Users/admin15/Library/Developer/Xcode/DerivedData/Cloudyyy_App-givuluqnjhnfsleknoohwwvjeazc/Build/Intermediates.noindex/swift-crypto.build/Debug-iphonesimulator/Crypto.build/Objects-normal/arm64/ExtractedAppShortcutsMetadata.stringsdata --source-file-list /Users/admin15/Library/Developer/Xcode/DerivedData/Cloudyyy_App-givuluqnjhnfsleknoohwwvjeazc/Build/Intermediates.noindex/swift-crypto.build/Debug-iphonesimulator/Crypto.build/Objects-normal/arm64/Crypto.SwiftFileList --metadata-file-list /Users/admin15/Library/Developer/Xcode/DerivedData/Cloudyyy_App-givuluqnjhnfsleknoohwwvjeazc/Build/Intermediates.noindex/swift-crypto.build/Debug-iphonesimulator/Crypto.build/Crypto.DependencyMetadataFileList --static-metadata-file-list /Users/admin15/Library/Developer/Xcode/DerivedData/Cloudyyy_App-givuluqnjhnfsleknoohwwvjeazc/Build/Intermediates.noindex/swift-crypto.build/Debug-iphonesimulator/Crypto.build/Crypto.DependencyStaticMetadataFileList --swift-const-vals-list /Users/admin15/Library/Developer/Xcode/DerivedData/Cloudyyy_App-givuluqnjhnfsleknoohwwvjeazc/Build/Intermediates.noindex/swift-crypto.build/Debug-iphonesimulator/Crypto.build/Objects-normal/arm64/Crypto.SwiftConstValuesFileList --force --compile-time-extraction --deployment-aware-processing --validate-assistant-intents --no-app-shortcuts-localization
2026-03-30 13:44:04.040 appintentsmetadataprocessor[65800:48036906] Starting appintentsmetadataprocessor export
2026-03-30 13:44:04.139 appintentsmetadataprocessor[65800:48036906] Extracted no relevant App Intents symbols, skipping writing output

RegisterExecutionPolicyException /Users/admin15/Library/Developer/Xcode/DerivedData/Cloudyyy_App-givuluqnjhnfsleknoohwwvjeazc/Build/Products/Debug-iphonesimulator/Crypto.o (in target 'Crypto' from project 'swift-crypto')
    cd /Users/admin15/Library/Developer/Xcode/DerivedData/Cloudyyy_App-givuluqnjhnfsleknoohwwvjeazc/SourcePackages/checkouts/swift-crypto
    builtin-RegisterExecutionPolicyException /Users/admin15/Library/Developer/Xcode/DerivedData/Cloudyyy_App-givuluqnjhnfsleknoohwwvjeazc/Build/Products/Debug-iphonesimulator/Crypto.o

Ld /Users/admin15/Library/Developer/Xcode/DerivedData/Cloudyyy_App-givuluqnjhnfsleknoohwwvjeazc/Build/Products/Debug-iphonesimulator/Auth.o normal (in target 'Auth' from project 'Supabase')
    cd /Users/admin15/Library/Developer/Xcode/DerivedData/Cloudyyy_App-givuluqnjhnfsleknoohwwvjeazc/SourcePackages/checkouts/supabase-swift
    /Applications/Xcode.app/Contents/Developer/Toolchains/XcodeDefault.xctoolchain/usr/bin/clang -Xlinker -reproducible -target arm64-apple-ios13.0-simulator -r -isysroot /Applications/Xcode.app/Contents/Developer/Platforms/iPhoneSimulator.platform/Developer/SDKs/iPhoneSimulator26.2.sdk -O0 -w -L/Users/admin15/Library/Developer/Xcode/DerivedData/Cloudyyy_App-givuluqnjhnfsleknoohwwvjeazc/Build/Intermediates.noindex/EagerLinkingTBDs/Debug-iphonesimulator -L/Users/admin15/Library/Developer/Xcode/DerivedData/Cloudyyy_App-givuluqnjhnfsleknoohwwvjeazc/Build/Products/Debug-iphonesimulator -L/Applications/Xcode.app/Contents/Developer/Platforms/iPhoneSimulator.platform/Developer/usr/lib -F/Users/admin15/Library/Developer/Xcode/DerivedData/Cloudyyy_App-givuluqnjhnfsleknoohwwvjeazc/Build/Intermediates.noindex/EagerLinkingTBDs/Debug-iphonesimulator -F/Users/admin15/Library/Developer/Xcode/DerivedData/Cloudyyy_App-givuluqnjhnfsleknoohwwvjeazc/Build/Products/Debug-iphonesimulator/PackageFrameworks -F/Users/admin15/Library/Developer/Xcode/DerivedData/Cloudyyy_App-givuluqnjhnfsleknoohwwvjeazc/Build/Products/Debug-iphonesimulator/PackageFrameworks -F/Users/admin15/Library/Developer/Xcode/DerivedData/Cloudyyy_App-givuluqnjhnfsleknoohwwvjeazc/Build/Products/Debug-iphonesimulator/PackageFrameworks -F/Users/admin15/Library/Developer/Xcode/DerivedData/Cloudyyy_App-givuluqnjhnfsleknoohwwvjeazc/Build/Products/Debug-iphonesimulator/PackageFrameworks -F/Users/admin15/Library/Developer/Xcode/DerivedData/Cloudyyy_App-givuluqnjhnfsleknoohwwvjeazc/Build/Products/Debug-iphonesimulator/PackageFrameworks -F/Users/admin15/Library/Developer/Xcode/DerivedData/Cloudyyy_App-givuluqnjhnfsleknoohwwvjeazc/Build/Products/Debug-iphonesimulator/PackageFrameworks -F/Users/admin15/Library/Developer/Xcode/DerivedData/Cloudyyy_App-givuluqnjhnfsleknoohwwvjeazc/Build/Products/Debug-iphonesimulator/PackageFrameworks -F/Users/admin15/Library/Developer/Xcode/DerivedData/Cloudyyy_App-givuluqnjhnfsleknoohwwvjeazc/Build/Products/Debug-iphonesimulator/PackageFrameworks -F/Users/admin15/Library/Developer/Xcode/DerivedData/Cloudyyy_App-givuluqnjhnfsleknoohwwvjeazc/Build/Products/Debug-iphonesimulator -iframework /Applications/Xcode.app/Contents/Developer/Platforms/iPhoneSimulator.platform/Developer/Library/Frameworks -iframework /Applications/Xcode.app/Contents/Developer/Platforms/iPhoneSimulator.platform/Developer/SDKs/iPhoneSimulator26.2.sdk/Developer/Library/Frameworks -filelist /Users/admin15/Library/Developer/Xcode/DerivedData/Cloudyyy_App-givuluqnjhnfsleknoohwwvjeazc/Build/Intermediates.noindex/Supabase.build/Debug-iphonesimulator/Auth.build/Objects-normal/arm64/Auth.LinkFileList -nostdlib -Xlinker -object_path_lto -Xlinker /Users/admin15/Library/Developer/Xcode/DerivedData/Cloudyyy_App-givuluqnjhnfsleknoohwwvjeazc/Build/Intermediates.noindex/Supabase.build/Debug-iphonesimulator/Auth.build/Objects-normal/arm64/Auth_lto.o -rdynamic -Xlinker -no_deduplicate -Xlinker -objc_abi_version -Xlinker 2 -Xlinker -debug_variant -Xlinker -dependency_info -Xlinker /Users/admin15/Library/Developer/Xcode/DerivedData/Cloudyyy_App-givuluqnjhnfsleknoohwwvjeazc/Build/Intermediates.noindex/Supabase.build/Debug-iphonesimulator/Auth.build/Objects-normal/arm64/Auth_dependency_info.dat -fobjc-link-runtime -L/Applications/Xcode.app/Contents/Developer/Toolchains/XcodeDefault.xctoolchain/usr/lib/swift/iphonesimulator -L/usr/lib/swift -Xlinker -add_ast_path -Xlinker /Users/admin15/Library/Developer/Xcode/DerivedData/Cloudyyy_App-givuluqnjhnfsleknoohwwvjeazc/Build/Intermediates.noindex/Supabase.build/Debug-iphonesimulator/Auth.build/Objects-normal/arm64/Auth.swiftmodule @/Users/admin15/Library/Developer/Xcode/DerivedData/Cloudyyy_App-givuluqnjhnfsleknoohwwvjeazc/Build/Intermediates.noindex/Supabase.build/Debug-iphonesimulator/Auth.build/Objects-normal/arm64/Auth-linker-args.resp -o /Users/admin15/Library/Developer/Xcode/DerivedData/Cloudyyy_App-givuluqnjhnfsleknoohwwvjeazc/Build/Products/Debug-iphonesimulator/Auth.o

ExtractAppIntentsMetadata (in target 'Auth' from project 'Supabase')
    cd /Users/admin15/Library/Developer/Xcode/DerivedData/Cloudyyy_App-givuluqnjhnfsleknoohwwvjeazc/SourcePackages/checkouts/supabase-swift
    /Applications/Xcode.app/Contents/Developer/Toolchains/XcodeDefault.xctoolchain/usr/bin/appintentsmetadataprocessor --toolchain-dir /var/run/com.apple.security.cryptexd/mnt/com.apple.MobileAsset.MetalToolchain-v17.3.48.0.3JfHBy/Metal.xctoolchain --module-name Auth --sdk-root /Applications/Xcode.app/Contents/Developer/Platforms/iPhoneSimulator.platform/Developer/SDKs/iPhoneSimulator26.2.sdk --xcode-version 17C52 --platform-family iOS --deployment-target 13.0 --bundle-identifier supabase-swift.Auth --output /Users/admin15/Library/Developer/Xcode/DerivedData/Cloudyyy_App-givuluqnjhnfsleknoohwwvjeazc/Build/Products/Debug-iphonesimulator/Auth.appintents --target-triple arm64-apple-ios13.0-simulator --binary-file /Users/admin15/Library/Developer/Xcode/DerivedData/Cloudyyy_App-givuluqnjhnfsleknoohwwvjeazc/Build/Products/Debug-iphonesimulator/Auth.o --dependency-file /Users/admin15/Library/Developer/Xcode/DerivedData/Cloudyyy_App-givuluqnjhnfsleknoohwwvjeazc/Build/Intermediates.noindex/Supabase.build/Debug-iphonesimulator/Auth.build/Objects-normal/arm64/Auth_dependency_info.dat --stringsdata-file /Users/admin15/Library/Developer/Xcode/DerivedData/Cloudyyy_App-givuluqnjhnfsleknoohwwvjeazc/Build/Intermediates.noindex/Supabase.build/Debug-iphonesimulator/Auth.build/Objects-normal/arm64/ExtractedAppShortcutsMetadata.stringsdata --source-file-list /Users/admin15/Library/Developer/Xcode/DerivedData/Cloudyyy_App-givuluqnjhnfsleknoohwwvjeazc/Build/Intermediates.noindex/Supabase.build/Debug-iphonesimulator/Auth.build/Objects-normal/arm64/Auth.SwiftFileList --metadata-file-list /Users/admin15/Library/Developer/Xcode/DerivedData/Cloudyyy_App-givuluqnjhnfsleknoohwwvjeazc/Build/Intermediates.noindex/Supabase.build/Debug-iphonesimulator/Auth.build/Auth.DependencyMetadataFileList --static-metadata-file-list /Users/admin15/Library/Developer/Xcode/DerivedData/Cloudyyy_App-givuluqnjhnfsleknoohwwvjeazc/Build/Intermediates.noindex/Supabase.build/Debug-iphonesimulator/Auth.build/Auth.DependencyStaticMetadataFileList --swift-const-vals-list /Users/admin15/Library/Developer/Xcode/DerivedData/Cloudyyy_App-givuluqnjhnfsleknoohwwvjeazc/Build/Intermediates.noindex/Supabase.build/Debug-iphonesimulator/Auth.build/Objects-normal/arm64/Auth.SwiftConstValuesFileList --force --compile-time-extraction --deployment-aware-processing --validate-assistant-intents --no-app-shortcuts-localization
2026-03-30 13:44:04.215 appintentsmetadataprocessor[65806:48036949] Starting appintentsmetadataprocessor export
2026-03-30 13:44:04.314 appintentsmetadataprocessor[65806:48036949] Extracted no relevant App Intents symbols, skipping writing output

SwiftEmitModule normal arm64 Emitting\ module\ for\ Cloudyyy_App (in target 'Cloudyyy_App' from project 'Cloudyyy_App')
EmitSwiftModule normal arm64 (in target 'Cloudyyy_App' from project 'Cloudyyy_App')
    cd /Users/admin15/Documents/cloudy_23march
    
/Users/admin15/Documents/cloudy_23march/Cloudyyy_App/Parent Profile 3/ProfileService.swift:54:41: warning: 'database' is deprecated: Direct access to database is deprecated, please use one of the available methods such as, SupabaseClient.from(_:), SupabaseClient.rpc(_:params:), or SupabaseClient.schema(_:).
        let response = try await client.database
                                        ^
/Users/admin15/Documents/cloudy_23march/Cloudyyy_App/Programmatic 2/Child Profile/childmemebrsView.swift:61:50: warning: 'database' is deprecated: Direct access to database is deprecated, please use one of the available methods such as, SupabaseClient.from(_:), SupabaseClient.rpc(_:params:), or SupabaseClient.schema(_:).
                let memberRes = try await client.database
                                                 ^
/Users/admin15/Documents/cloudy_23march/Cloudyyy_App/Programmatic 2/Child Profile/childmemebrsView.swift:80:47: warning: 'database' is deprecated: Direct access to database is deprecated, please use one of the available methods such as, SupabaseClient.from(_:), SupabaseClient.rpc(_:params:), or SupabaseClient.schema(_:).
                let famRes = try await client.database
                                              ^
/Users/admin15/Documents/cloudy_23march/Cloudyyy_App/Programmatic 2/Child Profile/childmemebrsView.swift:102:50: warning: 'database' is deprecated: Direct access to database is deprecated, please use one of the available methods such as, SupabaseClient.from(_:), SupabaseClient.rpc(_:params:), or SupabaseClient.schema(_:).
                let parentRes = try await client.database
                                                 ^
/Users/admin15/Documents/cloudy_23march/Cloudyyy_App/Programmatic 2/Child Profile/childmemebrsView.swift:134:49: warning: 'database' is deprecated: Direct access to database is deprecated, please use one of the available methods such as, SupabaseClient.from(_:), SupabaseClient.rpc(_:params:), or SupabaseClient.schema(_:).
                let childRes = try await client.database
                                                ^
/Users/admin15/Documents/cloudy_23march/Cloudyyy_App/Programmatic 2/FamilyService.swift:90:50: warning: 'database' is deprecated: Direct access to database is deprecated, please use one of the available methods such as, SupabaseClient.from(_:), SupabaseClient.rpc(_:params:), or SupabaseClient.schema(_:).
        let member: MemberRow = try await client.database
                                                 ^
/Users/admin15/Documents/cloudy_23march/Cloudyyy_App/Programmatic 2/FamilyService.swift:98:51: warning: 'database' is deprecated: Direct access to database is deprecated, please use one of the available methods such as, SupabaseClient.from(_:), SupabaseClient.rpc(_:params:), or SupabaseClient.schema(_:).
        let family: FamilyInfo = try await client.database
                                                  ^
/Users/admin15/Documents/cloudy_23march/Cloudyyy_App/Programmatic 2/FamilyService.swift:84:22: warning: property access can throw but is not marked with 'try'; this is an error in the Swift 6 language mode
        let userId = client.auth.session.user.id
                     ^
/Users/admin15/Documents/cloudy_23march/Cloudyyy_App/Programmatic 2/FamilyService.swift:84:22: note: did you mean to use 'try'?
        let userId = client.auth.session.user.id
                     ^
/Users/admin15/Documents/cloudy_23march/Cloudyyy_App/Programmatic 2/FamilyService.swift:84:22: note: did you mean to handle error as optional value?
        let userId = client.auth.session.user.id
                     ^
/Users/admin15/Documents/cloudy_23march/Cloudyyy_App/Programmatic 2/FamilyService.swift:84:22: note: did you mean to disable error propagation?
        let userId = client.auth.session.user.id
                     ^
/Users/admin15/Documents/cloudy_23march/Cloudyyy_App/Programmatic 2/FamilyService.swift:84:34: warning: actor-isolated property 'session' cannot be accessed from outside of the actor; this is an error in the Swift 6 language mode
        let userId = client.auth.session.user.id
                     ~~~~~~~~~~~~^~~~~~~~~~~~~~~
                     await 
/Users/admin15/Documents/cloudy_23march/Cloudyyy_App/Programmatic 2/FamilyService.swift:125:64: warning: 'database' is deprecated: Direct access to database is deprecated, please use one of the available methods such as, SupabaseClient.from(_:), SupabaseClient.rpc(_:params:), or SupabaseClient.schema(_:).
                let parentRows: [ParentRow] = try await client.database
                                                               ^
/Users/admin15/Documents/cloudy_23march/Cloudyyy_App/Programmatic 2/FamilyService.swift:141:46: warning: left side of nil coalescing operator '??' has non-optional type 'String', so the right side is never used
                            role: (user.role ?? "Parent").capitalized,
                                   ~~~~~~~~~~^~~~~~~~~~~
                                            
/Users/admin15/Documents/cloudy_23march/Cloudyyy_App/Programmatic 2/FamilyService.swift:166:62: warning: 'database' is deprecated: Direct access to database is deprecated, please use one of the available methods such as, SupabaseClient.from(_:), SupabaseClient.rpc(_:params:), or SupabaseClient.schema(_:).
                let childRows: [ChildRow] = try await client.database
                                                             ^
/Users/admin15/Documents/cloudy_23march/Cloudyyy_App/Programmatic 2/Login.swift:80:11: warning: 'contentEdgeInsets' was deprecated in iOS 15.0: This property is ignored when using UIButtonConfiguration
        b.contentEdgeInsets = UIEdgeInsets(top: 12, left: 12, bottom: 12, right: 12)
          ^
/Users/admin15/Documents/cloudy_23march/Cloudyyy_App/Programmatic 2/Signup.swift:148:11: warning: 'contentEdgeInsets' was deprecated in iOS 15.0: This property is ignored when using UIButtonConfiguration
        b.contentEdgeInsets = UIEdgeInsets(top: 12, left: 12, bottom: 12, right: 12)
          ^

SwiftCompile normal arm64 Compiling\ Signup.swift /Users/admin15/Documents/cloudy_23march/Cloudyyy_App/Programmatic\ 2/Signup.swift (in target 'Cloudyyy_App' from project 'Cloudyyy_App')

SwiftCompile normal arm64 /Users/admin15/Documents/cloudy_23march/Cloudyyy_App/Programmatic\ 2/Signup.swift (in target 'Cloudyyy_App' from project 'Cloudyyy_App')
    cd /Users/admin15/Documents/cloudy_23march
    
/Users/admin15/Documents/cloudy_23march/Cloudyyy_App/Programmatic 2/Signup.swift:148:11: warning: 'contentEdgeInsets' was deprecated in iOS 15.0: This property is ignored when using UIButtonConfiguration
        b.contentEdgeInsets = UIEdgeInsets(top: 12, left: 12, bottom: 12, right: 12)
          ^
/Users/admin15/Documents/cloudy_23march/Cloudyyy_App/Programmatic 2/Signup.swift:413:13: warning: immutable value 'dobISO' was never used; consider replacing with '_' or removing it
        let dobISO: String? = nil
            ^~~~~~
            _
/Users/admin15/Documents/cloudy_23march/Cloudyyy_App/Programmatic 2/Signup.swift:420:21: warning: initialization of immutable value 'result' was never used; consider replacing with assignment to '_' or removing it
                let result = try await SupabaseManager.shared.client.auth.signUp(
                ~~~~^~~~~~
                _

RegisterExecutionPolicyException /Users/admin15/Library/Developer/Xcode/DerivedData/Cloudyyy_App-givuluqnjhnfsleknoohwwvjeazc/Build/Products/Debug-iphonesimulator/Auth.o (in target 'Auth' from project 'Supabase')
    cd /Users/admin15/Library/Developer/Xcode/DerivedData/Cloudyyy_App-givuluqnjhnfsleknoohwwvjeazc/SourcePackages/checkouts/supabase-swift
    builtin-RegisterExecutionPolicyException /Users/admin15/Library/Developer/Xcode/DerivedData/Cloudyyy_App-givuluqnjhnfsleknoohwwvjeazc/Build/Products/Debug-iphonesimulator/Auth.o

ExtractAppIntentsMetadata (in target 'Functions' from project 'Supabase')
    cd /Users/admin15/Library/Developer/Xcode/DerivedData/Cloudyyy_App-givuluqnjhnfsleknoohwwvjeazc/SourcePackages/checkouts/supabase-swift
    /Applications/Xcode.app/Contents/Developer/Toolchains/XcodeDefault.xctoolchain/usr/bin/appintentsmetadataprocessor --toolchain-dir /var/run/com.apple.security.cryptexd/mnt/com.apple.MobileAsset.MetalToolchain-v17.3.48.0.3JfHBy/Metal.xctoolchain --module-name Functions --sdk-root /Applications/Xcode.app/Contents/Developer/Platforms/iPhoneSimulator.platform/Developer/SDKs/iPhoneSimulator26.2.sdk --xcode-version 17C52 --platform-family iOS --deployment-target 13.0 --bundle-identifier supabase-swift.Functions --output /Users/admin15/Library/Developer/Xcode/DerivedData/Cloudyyy_App-givuluqnjhnfsleknoohwwvjeazc/Build/Products/Debug-iphonesimulator/Functions.appintents --target-triple arm64-apple-ios13.0-simulator --binary-file /Users/admin15/Library/Developer/Xcode/DerivedData/Cloudyyy_App-givuluqnjhnfsleknoohwwvjeazc/Build/Products/Debug-iphonesimulator/Functions.o --dependency-file /Users/admin15/Library/Developer/Xcode/DerivedData/Cloudyyy_App-givuluqnjhnfsleknoohwwvjeazc/Build/Intermediates.noindex/Supabase.build/Debug-iphonesimulator/Functions.build/Objects-normal/arm64/Functions_dependency_info.dat --stringsdata-file /Users/admin15/Library/Developer/Xcode/DerivedData/Cloudyyy_App-givuluqnjhnfsleknoohwwvjeazc/Build/Intermediates.noindex/Supabase.build/Debug-iphonesimulator/Functions.build/Objects-normal/arm64/ExtractedAppShortcutsMetadata.stringsdata --source-file-list /Users/admin15/Library/Developer/Xcode/DerivedData/Cloudyyy_App-givuluqnjhnfsleknoohwwvjeazc/Build/Intermediates.noindex/Supabase.build/Debug-iphonesimulator/Functions.build/Objects-normal/arm64/Functions.SwiftFileList --metadata-file-list /Users/admin15/Library/Developer/Xcode/DerivedData/Cloudyyy_App-givuluqnjhnfsleknoohwwvjeazc/Build/Intermediates.noindex/Supabase.build/Debug-iphonesimulator/Functions.build/Functions.DependencyMetadataFileList --static-metadata-file-list /Users/admin15/Library/Developer/Xcode/DerivedData/Cloudyyy_App-givuluqnjhnfsleknoohwwvjeazc/Build/Intermediates.noindex/Supabase.build/Debug-iphonesimulator/Functions.build/Functions.DependencyStaticMetadataFileList --swift-const-vals-list /Users/admin15/Library/Developer/Xcode/DerivedData/Cloudyyy_App-givuluqnjhnfsleknoohwwvjeazc/Build/Intermediates.noindex/Supabase.build/Debug-iphonesimulator/Functions.build/Objects-normal/arm64/Functions.SwiftConstValuesFileList --force --compile-time-extraction --deployment-aware-processing --validate-assistant-intents --no-app-shortcuts-localization
2026-03-30 13:44:04.349 appintentsmetadataprocessor[65811:48036962] Starting appintentsmetadataprocessor export
2026-03-30 13:44:04.456 appintentsmetadataprocessor[65811:48036962] Extracted no relevant App Intents symbols, skipping writing output

RegisterExecutionPolicyException /Users/admin15/Library/Developer/Xcode/DerivedData/Cloudyyy_App-givuluqnjhnfsleknoohwwvjeazc/Build/Products/Debug-iphonesimulator/Functions.o (in target 'Functions' from project 'Supabase')
    cd /Users/admin15/Library/Developer/Xcode/DerivedData/Cloudyyy_App-givuluqnjhnfsleknoohwwvjeazc/SourcePackages/checkouts/supabase-swift
    builtin-RegisterExecutionPolicyException /Users/admin15/Library/Developer/Xcode/DerivedData/Cloudyyy_App-givuluqnjhnfsleknoohwwvjeazc/Build/Products/Debug-iphonesimulator/Functions.o

ExtractAppIntentsMetadata (in target 'PostgREST' from project 'Supabase')
    cd /Users/admin15/Library/Developer/Xcode/DerivedData/Cloudyyy_App-givuluqnjhnfsleknoohwwvjeazc/SourcePackages/checkouts/supabase-swift
    /Applications/Xcode.app/Contents/Developer/Toolchains/XcodeDefault.xctoolchain/usr/bin/appintentsmetadataprocessor --toolchain-dir /var/run/com.apple.security.cryptexd/mnt/com.apple.MobileAsset.MetalToolchain-v17.3.48.0.3JfHBy/Metal.xctoolchain --module-name PostgREST --sdk-root /Applications/Xcode.app/Contents/Developer/Platforms/iPhoneSimulator.platform/Developer/SDKs/iPhoneSimulator26.2.sdk --xcode-version 17C52 --platform-family iOS --deployment-target 13.0 --bundle-identifier supabase-swift.PostgREST --output /Users/admin15/Library/Developer/Xcode/DerivedData/Cloudyyy_App-givuluqnjhnfsleknoohwwvjeazc/Build/Products/Debug-iphonesimulator/PostgREST.appintents --target-triple arm64-apple-ios13.0-simulator --binary-file /Users/admin15/Library/Developer/Xcode/DerivedData/Cloudyyy_App-givuluqnjhnfsleknoohwwvjeazc/Build/Products/Debug-iphonesimulator/PostgREST.o --dependency-file /Users/admin15/Library/Developer/Xcode/DerivedData/Cloudyyy_App-givuluqnjhnfsleknoohwwvjeazc/Build/Intermediates.noindex/Supabase.build/Debug-iphonesimulator/PostgREST.build/Objects-normal/arm64/PostgREST_dependency_info.dat --stringsdata-file /Users/admin15/Library/Developer/Xcode/DerivedData/Cloudyyy_App-givuluqnjhnfsleknoohwwvjeazc/Build/Intermediates.noindex/Supabase.build/Debug-iphonesimulator/PostgREST.build/Objects-normal/arm64/ExtractedAppShortcutsMetadata.stringsdata --source-file-list /Users/admin15/Library/Developer/Xcode/DerivedData/Cloudyyy_App-givuluqnjhnfsleknoohwwvjeazc/Build/Intermediates.noindex/Supabase.build/Debug-iphonesimulator/PostgREST.build/Objects-normal/arm64/PostgREST.SwiftFileList --metadata-file-list /Users/admin15/Library/Developer/Xcode/DerivedData/Cloudyyy_App-givuluqnjhnfsleknoohwwvjeazc/Build/Intermediates.noindex/Supabase.build/Debug-iphonesimulator/PostgREST.build/PostgREST.DependencyMetadataFileList --static-metadata-file-list /Users/admin15/Library/Developer/Xcode/DerivedData/Cloudyyy_App-givuluqnjhnfsleknoohwwvjeazc/Build/Intermediates.noindex/Supabase.build/Debug-iphonesimulator/PostgREST.build/PostgREST.DependencyStaticMetadataFileList --swift-const-vals-list /Users/admin15/Library/Developer/Xcode/DerivedData/Cloudyyy_App-givuluqnjhnfsleknoohwwvjeazc/Build/Intermediates.noindex/Supabase.build/Debug-iphonesimulator/PostgREST.build/Objects-normal/arm64/PostgREST.SwiftConstValuesFileList --force --compile-time-extraction --deployment-aware-processing --validate-assistant-intents --no-app-shortcuts-localization
2026-03-30 13:44:04.490 appintentsmetadataprocessor[65813:48036978] Starting appintentsmetadataprocessor export
2026-03-30 13:44:04.600 appintentsmetadataprocessor[65813:48036978] Extracted no relevant App Intents symbols, skipping writing output

RegisterExecutionPolicyException /Users/admin15/Library/Developer/Xcode/DerivedData/Cloudyyy_App-givuluqnjhnfsleknoohwwvjeazc/Build/Products/Debug-iphonesimulator/PostgREST.o (in target 'PostgREST' from project 'Supabase')
    cd /Users/admin15/Library/Developer/Xcode/DerivedData/Cloudyyy_App-givuluqnjhnfsleknoohwwvjeazc/SourcePackages/checkouts/supabase-swift
    builtin-RegisterExecutionPolicyException /Users/admin15/Library/Developer/Xcode/DerivedData/Cloudyyy_App-givuluqnjhnfsleknoohwwvjeazc/Build/Products/Debug-iphonesimulator/PostgREST.o

ExtractAppIntentsMetadata (in target 'Realtime' from project 'Supabase')
    cd /Users/admin15/Library/Developer/Xcode/DerivedData/Cloudyyy_App-givuluqnjhnfsleknoohwwvjeazc/SourcePackages/checkouts/supabase-swift
    /Applications/Xcode.app/Contents/Developer/Toolchains/XcodeDefault.xctoolchain/usr/bin/appintentsmetadataprocessor --toolchain-dir /var/run/com.apple.security.cryptexd/mnt/com.apple.MobileAsset.MetalToolchain-v17.3.48.0.3JfHBy/Metal.xctoolchain --module-name Realtime --sdk-root /Applications/Xcode.app/Contents/Developer/Platforms/iPhoneSimulator.platform/Developer/SDKs/iPhoneSimulator26.2.sdk --xcode-version 17C52 --platform-family iOS --deployment-target 13.0 --bundle-identifier supabase-swift.Realtime --output /Users/admin15/Library/Developer/Xcode/DerivedData/Cloudyyy_App-givuluqnjhnfsleknoohwwvjeazc/Build/Products/Debug-iphonesimulator/Realtime.appintents --target-triple arm64-apple-ios13.0-simulator --binary-file /Users/admin15/Library/Developer/Xcode/DerivedData/Cloudyyy_App-givuluqnjhnfsleknoohwwvjeazc/Build/Products/Debug-iphonesimulator/Realtime.o --dependency-file /Users/admin15/Library/Developer/Xcode/DerivedData/Cloudyyy_App-givuluqnjhnfsleknoohwwvjeazc/Build/Intermediates.noindex/Supabase.build/Debug-iphonesimulator/Realtime.build/Objects-normal/arm64/Realtime_dependency_info.dat --stringsdata-file /Users/admin15/Library/Developer/Xcode/DerivedData/Cloudyyy_App-givuluqnjhnfsleknoohwwvjeazc/Build/Intermediates.noindex/Supabase.build/Debug-iphonesimulator/Realtime.build/Objects-normal/arm64/ExtractedAppShortcutsMetadata.stringsdata --source-file-list /Users/admin15/Library/Developer/Xcode/DerivedData/Cloudyyy_App-givuluqnjhnfsleknoohwwvjeazc/Build/Intermediates.noindex/Supabase.build/Debug-iphonesimulator/Realtime.build/Objects-normal/arm64/Realtime.SwiftFileList --metadata-file-list /Users/admin15/Library/Developer/Xcode/DerivedData/Cloudyyy_App-givuluqnjhnfsleknoohwwvjeazc/Build/Intermediates.noindex/Supabase.build/Debug-iphonesimulator/Realtime.build/Realtime.DependencyMetadataFileList --static-metadata-file-list /Users/admin15/Library/Developer/Xcode/DerivedData/Cloudyyy_App-givuluqnjhnfsleknoohwwvjeazc/Build/Intermediates.noindex/Supabase.build/Debug-iphonesimulator/Realtime.build/Realtime.DependencyStaticMetadataFileList --swift-const-vals-list /Users/admin15/Library/Developer/Xcode/DerivedData/Cloudyyy_App-givuluqnjhnfsleknoohwwvjeazc/Build/Intermediates.noindex/Supabase.build/Debug-iphonesimulator/Realtime.build/Objects-normal/arm64/Realtime.SwiftConstValuesFileList --force --compile-time-extraction --deployment-aware-processing --validate-assistant-intents --no-app-shortcuts-localization
2026-03-30 13:44:04.636 appintentsmetadataprocessor[65816:48036992] Starting appintentsmetadataprocessor export
2026-03-30 13:44:04.770 appintentsmetadataprocessor[65816:48036992] Extracted no relevant App Intents symbols, skipping writing output

RegisterExecutionPolicyException /Users/admin15/Library/Developer/Xcode/DerivedData/Cloudyyy_App-givuluqnjhnfsleknoohwwvjeazc/Build/Products/Debug-iphonesimulator/Realtime.o (in target 'Realtime' from project 'Supabase')
    cd /Users/admin15/Library/Developer/Xcode/DerivedData/Cloudyyy_App-givuluqnjhnfsleknoohwwvjeazc/SourcePackages/checkouts/supabase-swift
    builtin-RegisterExecutionPolicyException /Users/admin15/Library/Developer/Xcode/DerivedData/Cloudyyy_App-givuluqnjhnfsleknoohwwvjeazc/Build/Products/Debug-iphonesimulator/Realtime.o

ExtractAppIntentsMetadata (in target 'Storage' from project 'Supabase')
    cd /Users/admin15/Library/Developer/Xcode/DerivedData/Cloudyyy_App-givuluqnjhnfsleknoohwwvjeazc/SourcePackages/checkouts/supabase-swift
    /Applications/Xcode.app/Contents/Developer/Toolchains/XcodeDefault.xctoolchain/usr/bin/appintentsmetadataprocessor --toolchain-dir /var/run/com.apple.security.cryptexd/mnt/com.apple.MobileAsset.MetalToolchain-v17.3.48.0.3JfHBy/Metal.xctoolchain --module-name Storage --sdk-root /Applications/Xcode.app/Contents/Developer/Platforms/iPhoneSimulator.platform/Developer/SDKs/iPhoneSimulator26.2.sdk --xcode-version 17C52 --platform-family iOS --deployment-target 13.0 --bundle-identifier supabase-swift.Storage --output /Users/admin15/Library/Developer/Xcode/DerivedData/Cloudyyy_App-givuluqnjhnfsleknoohwwvjeazc/Build/Products/Debug-iphonesimulator/Storage.appintents --target-triple arm64-apple-ios13.0-simulator --binary-file /Users/admin15/Library/Developer/Xcode/DerivedData/Cloudyyy_App-givuluqnjhnfsleknoohwwvjeazc/Build/Products/Debug-iphonesimulator/Storage.o --dependency-file /Users/admin15/Library/Developer/Xcode/DerivedData/Cloudyyy_App-givuluqnjhnfsleknoohwwvjeazc/Build/Intermediates.noindex/Supabase.build/Debug-iphonesimulator/Storage.build/Objects-normal/arm64/Storage_dependency_info.dat --stringsdata-file /Users/admin15/Library/Developer/Xcode/DerivedData/Cloudyyy_App-givuluqnjhnfsleknoohwwvjeazc/Build/Intermediates.noindex/Supabase.build/Debug-iphonesimulator/Storage.build/Objects-normal/arm64/ExtractedAppShortcutsMetadata.stringsdata --source-file-list /Users/admin15/Library/Developer/Xcode/DerivedData/Cloudyyy_App-givuluqnjhnfsleknoohwwvjeazc/Build/Intermediates.noindex/Supabase.build/Debug-iphonesimulator/Storage.build/Objects-normal/arm64/Storage.SwiftFileList --metadata-file-list /Users/admin15/Library/Developer/Xcode/DerivedData/Cloudyyy_App-givuluqnjhnfsleknoohwwvjeazc/Build/Intermediates.noindex/Supabase.build/Debug-iphonesimulator/Storage.build/Storage.DependencyMetadataFileList --static-metadata-file-list /Users/admin15/Library/Developer/Xcode/DerivedData/Cloudyyy_App-givuluqnjhnfsleknoohwwvjeazc/Build/Intermediates.noindex/Supabase.build/Debug-iphonesimulator/Storage.build/Storage.DependencyStaticMetadataFileList --swift-const-vals-list /Users/admin15/Library/Developer/Xcode/DerivedData/Cloudyyy_App-givuluqnjhnfsleknoohwwvjeazc/Build/Intermediates.noindex/Supabase.build/Debug-iphonesimulator/Storage.build/Objects-normal/arm64/Storage.SwiftConstValuesFileList --force --compile-time-extraction --deployment-aware-processing --validate-assistant-intents --no-app-shortcuts-localization
2026-03-30 13:44:04.808 appintentsmetadataprocessor[65817:48037002] Starting appintentsmetadataprocessor export
2026-03-30 13:44:04.927 appintentsmetadataprocessor[65817:48037002] Extracted no relevant App Intents symbols, skipping writing output

RegisterExecutionPolicyException /Users/admin15/Library/Developer/Xcode/DerivedData/Cloudyyy_App-givuluqnjhnfsleknoohwwvjeazc/Build/Products/Debug-iphonesimulator/Storage.o (in target 'Storage' from project 'Supabase')
    cd /Users/admin15/Library/Developer/Xcode/DerivedData/Cloudyyy_App-givuluqnjhnfsleknoohwwvjeazc/SourcePackages/checkouts/supabase-swift
    builtin-RegisterExecutionPolicyException /Users/admin15/Library/Developer/Xcode/DerivedData/Cloudyyy_App-givuluqnjhnfsleknoohwwvjeazc/Build/Products/Debug-iphonesimulator/Storage.o

Ld /Users/admin15/Library/Developer/Xcode/DerivedData/Cloudyyy_App-givuluqnjhnfsleknoohwwvjeazc/Build/Products/Debug-iphonesimulator/Supabase.o normal (in target 'Supabase' from project 'Supabase')
    cd /Users/admin15/Library/Developer/Xcode/DerivedData/Cloudyyy_App-givuluqnjhnfsleknoohwwvjeazc/SourcePackages/checkouts/supabase-swift
    /Applications/Xcode.app/Contents/Developer/Toolchains/XcodeDefault.xctoolchain/usr/bin/clang -Xlinker -reproducible -target arm64-apple-ios13.0-simulator -r -isysroot /Applications/Xcode.app/Contents/Developer/Platforms/iPhoneSimulator.platform/Developer/SDKs/iPhoneSimulator26.2.sdk -O0 -w -L/Users/admin15/Library/Developer/Xcode/DerivedData/Cloudyyy_App-givuluqnjhnfsleknoohwwvjeazc/Build/Intermediates.noindex/EagerLinkingTBDs/Debug-iphonesimulator -L/Users/admin15/Library/Developer/Xcode/DerivedData/Cloudyyy_App-givuluqnjhnfsleknoohwwvjeazc/Build/Products/Debug-iphonesimulator -L/Applications/Xcode.app/Contents/Developer/Platforms/iPhoneSimulator.platform/Developer/usr/lib -F/Users/admin15/Library/Developer/Xcode/DerivedData/Cloudyyy_App-givuluqnjhnfsleknoohwwvjeazc/Build/Intermediates.noindex/EagerLinkingTBDs/Debug-iphonesimulator -F/Users/admin15/Library/Developer/Xcode/DerivedData/Cloudyyy_App-givuluqnjhnfsleknoohwwvjeazc/Build/Products/Debug-iphonesimulator/PackageFrameworks -F/Users/admin15/Library/Developer/Xcode/DerivedData/Cloudyyy_App-givuluqnjhnfsleknoohwwvjeazc/Build/Products/Debug-iphonesimulator/PackageFrameworks -F/Users/admin15/Library/Developer/Xcode/DerivedData/Cloudyyy_App-givuluqnjhnfsleknoohwwvjeazc/Build/Products/Debug-iphonesimulator/PackageFrameworks -F/Users/admin15/Library/Developer/Xcode/DerivedData/Cloudyyy_App-givuluqnjhnfsleknoohwwvjeazc/Build/Products/Debug-iphonesimulator/PackageFrameworks -F/Users/admin15/Library/Developer/Xcode/DerivedData/Cloudyyy_App-givuluqnjhnfsleknoohwwvjeazc/Build/Products/Debug-iphonesimulator/PackageFrameworks -F/Users/admin15/Library/Developer/Xcode/DerivedData/Cloudyyy_App-givuluqnjhnfsleknoohwwvjeazc/Build/Products/Debug-iphonesimulator/PackageFrameworks -F/Users/admin15/Library/Developer/Xcode/DerivedData/Cloudyyy_App-givuluqnjhnfsleknoohwwvjeazc/Build/Products/Debug-iphonesimulator/PackageFrameworks -F/Users/admin15/Library/Developer/Xcode/DerivedData/Cloudyyy_App-givuluqnjhnfsleknoohwwvjeazc/Build/Products/Debug-iphonesimulator/PackageFrameworks -F/Users/admin15/Library/Developer/Xcode/DerivedData/Cloudyyy_App-givuluqnjhnfsleknoohwwvjeazc/Build/Products/Debug-iphonesimulator/PackageFrameworks -F/Users/admin15/Library/Developer/Xcode/DerivedData/Cloudyyy_App-givuluqnjhnfsleknoohwwvjeazc/Build/Products/Debug-iphonesimulator/PackageFrameworks -F/Users/admin15/Library/Developer/Xcode/DerivedData/Cloudyyy_App-givuluqnjhnfsleknoohwwvjeazc/Build/Products/Debug-iphonesimulator/PackageFrameworks -F/Users/admin15/Library/Developer/Xcode/DerivedData/Cloudyyy_App-givuluqnjhnfsleknoohwwvjeazc/Build/Products/Debug-iphonesimulator/PackageFrameworks -F/Users/admin15/Library/Developer/Xcode/DerivedData/Cloudyyy_App-givuluqnjhnfsleknoohwwvjeazc/Build/Products/Debug-iphonesimulator/PackageFrameworks -F/Users/admin15/Library/Developer/Xcode/DerivedData/Cloudyyy_App-givuluqnjhnfsleknoohwwvjeazc/Build/Products/Debug-iphonesimulator -iframework /Applications/Xcode.app/Contents/Developer/Platforms/iPhoneSimulator.platform/Developer/Library/Frameworks -iframework /Applications/Xcode.app/Contents/Developer/Platforms/iPhoneSimulator.platform/Developer/SDKs/iPhoneSimulator26.2.sdk/Developer/Library/Frameworks -filelist /Users/admin15/Library/Developer/Xcode/DerivedData/Cloudyyy_App-givuluqnjhnfsleknoohwwvjeazc/Build/Intermediates.noindex/Supabase.build/Debug-iphonesimulator/Supabase.build/Objects-normal/arm64/Supabase.LinkFileList -nostdlib -Xlinker -object_path_lto -Xlinker /Users/admin15/Library/Developer/Xcode/DerivedData/Cloudyyy_App-givuluqnjhnfsleknoohwwvjeazc/Build/Intermediates.noindex/Supabase.build/Debug-iphonesimulator/Supabase.build/Objects-normal/arm64/Supabase_lto.o -rdynamic -Xlinker -no_deduplicate -Xlinker -objc_abi_version -Xlinker 2 -Xlinker -debug_variant -Xlinker -dependency_info -Xlinker /Users/admin15/Library/Developer/Xcode/DerivedData/Cloudyyy_App-givuluqnjhnfsleknoohwwvjeazc/Build/Intermediates.noindex/Supabase.build/Debug-iphonesimulator/Supabase.build/Objects-normal/arm64/Supabase_dependency_info.dat -fobjc-link-runtime -L/Applications/Xcode.app/Contents/Developer/Toolchains/XcodeDefault.xctoolchain/usr/lib/swift/iphonesimulator -L/usr/lib/swift -Xlinker -add_ast_path -Xlinker /Users/admin15/Library/Developer/Xcode/DerivedData/Cloudyyy_App-givuluqnjhnfsleknoohwwvjeazc/Build/Intermediates.noindex/Supabase.build/Debug-iphonesimulator/Supabase.build/Objects-normal/arm64/Supabase.swiftmodule @/Users/admin15/Library/Developer/Xcode/DerivedData/Cloudyyy_App-givuluqnjhnfsleknoohwwvjeazc/Build/Intermediates.noindex/Supabase.build/Debug-iphonesimulator/Supabase.build/Objects-normal/arm64/Supabase-linker-args.resp -o /Users/admin15/Library/Developer/Xcode/DerivedData/Cloudyyy_App-givuluqnjhnfsleknoohwwvjeazc/Build/Products/Debug-iphonesimulator/Supabase.o

ExtractAppIntentsMetadata (in target 'Supabase' from project 'Supabase')
    cd /Users/admin15/Library/Developer/Xcode/DerivedData/Cloudyyy_App-givuluqnjhnfsleknoohwwvjeazc/SourcePackages/checkouts/supabase-swift
    /Applications/Xcode.app/Contents/Developer/Toolchains/XcodeDefault.xctoolchain/usr/bin/appintentsmetadataprocessor --toolchain-dir /var/run/com.apple.security.cryptexd/mnt/com.apple.MobileAsset.MetalToolchain-v17.3.48.0.3JfHBy/Metal.xctoolchain --module-name Supabase --sdk-root /Applications/Xcode.app/Contents/Developer/Platforms/iPhoneSimulator.platform/Developer/SDKs/iPhoneSimulator26.2.sdk --xcode-version 17C52 --platform-family iOS --deployment-target 13.0 --bundle-identifier supabase-swift.Supabase --output /Users/admin15/Library/Developer/Xcode/DerivedData/Cloudyyy_App-givuluqnjhnfsleknoohwwvjeazc/Build/Products/Debug-iphonesimulator/Supabase.appintents --target-triple arm64-apple-ios13.0-simulator --binary-file /Users/admin15/Library/Developer/Xcode/DerivedData/Cloudyyy_App-givuluqnjhnfsleknoohwwvjeazc/Build/Products/Debug-iphonesimulator/Supabase.o --dependency-file /Users/admin15/Library/Developer/Xcode/DerivedData/Cloudyyy_App-givuluqnjhnfsleknoohwwvjeazc/Build/Intermediates.noindex/Supabase.build/Debug-iphonesimulator/Supabase.build/Objects-normal/arm64/Supabase_dependency_info.dat --stringsdata-file /Users/admin15/Library/Developer/Xcode/DerivedData/Cloudyyy_App-givuluqnjhnfsleknoohwwvjeazc/Build/Intermediates.noindex/Supabase.build/Debug-iphonesimulator/Supabase.build/Objects-normal/arm64/ExtractedAppShortcutsMetadata.stringsdata --source-file-list /Users/admin15/Library/Developer/Xcode/DerivedData/Cloudyyy_App-givuluqnjhnfsleknoohwwvjeazc/Build/Intermediates.noindex/Supabase.build/Debug-iphonesimulator/Supabase.build/Objects-normal/arm64/Supabase.SwiftFileList --metadata-file-list /Users/admin15/Library/Developer/Xcode/DerivedData/Cloudyyy_App-givuluqnjhnfsleknoohwwvjeazc/Build/Intermediates.noindex/Supabase.build/Debug-iphonesimulator/Supabase.build/Supabase.DependencyMetadataFileList --static-metadata-file-list /Users/admin15/Library/Developer/Xcode/DerivedData/Cloudyyy_App-givuluqnjhnfsleknoohwwvjeazc/Build/Intermediates.noindex/Supabase.build/Debug-iphonesimulator/Supabase.build/Supabase.DependencyStaticMetadataFileList --swift-const-vals-list /Users/admin15/Library/Developer/Xcode/DerivedData/Cloudyyy_App-givuluqnjhnfsleknoohwwvjeazc/Build/Intermediates.noindex/Supabase.build/Debug-iphonesimulator/Supabase.build/Objects-normal/arm64/Supabase.SwiftConstValuesFileList --force --compile-time-extraction --deployment-aware-processing --validate-assistant-intents --no-app-shortcuts-localization
2026-03-30 13:44:04.992 appintentsmetadataprocessor[65820:48037018] Starting appintentsmetadataprocessor export
2026-03-30 13:44:05.100 appintentsmetadataprocessor[65820:48037018] Extracted no relevant App Intents symbols, skipping writing output

RegisterExecutionPolicyException /Users/admin15/Library/Developer/Xcode/DerivedData/Cloudyyy_App-givuluqnjhnfsleknoohwwvjeazc/Build/Products/Debug-iphonesimulator/Supabase.o (in target 'Supabase' from project 'Supabase')
    cd /Users/admin15/Library/Developer/Xcode/DerivedData/Cloudyyy_App-givuluqnjhnfsleknoohwwvjeazc/SourcePackages/checkouts/supabase-swift
    builtin-RegisterExecutionPolicyException /Users/admin15/Library/Developer/Xcode/DerivedData/Cloudyyy_App-givuluqnjhnfsleknoohwwvjeazc/Build/Products/Debug-iphonesimulator/Supabase.o

ExtractAppIntentsMetadata (in target 'Lottie' from project 'Lottie')
    cd /Users/admin15/Library/Developer/Xcode/DerivedData/Cloudyyy_App-givuluqnjhnfsleknoohwwvjeazc/SourcePackages/checkouts/lottie-ios
    /Applications/Xcode.app/Contents/Developer/Toolchains/XcodeDefault.xctoolchain/usr/bin/appintentsmetadataprocessor --toolchain-dir /var/run/com.apple.security.cryptexd/mnt/com.apple.MobileAsset.MetalToolchain-v17.3.48.0.3JfHBy/Metal.xctoolchain --module-name Lottie --sdk-root /Applications/Xcode.app/Contents/Developer/Platforms/iPhoneSimulator.platform/Developer/SDKs/iPhoneSimulator26.2.sdk --xcode-version 17C52 --platform-family iOS --deployment-target 13.0 --bundle-identifier lottie-ios.Lottie --output /Users/admin15/Library/Developer/Xcode/DerivedData/Cloudyyy_App-givuluqnjhnfsleknoohwwvjeazc/Build/Products/Debug-iphonesimulator/Lottie.appintents --target-triple arm64-apple-ios13.0-simulator --binary-file /Users/admin15/Library/Developer/Xcode/DerivedData/Cloudyyy_App-givuluqnjhnfsleknoohwwvjeazc/Build/Products/Debug-iphonesimulator/Lottie.o --dependency-file /Users/admin15/Library/Developer/Xcode/DerivedData/Cloudyyy_App-givuluqnjhnfsleknoohwwvjeazc/Build/Intermediates.noindex/Lottie.build/Debug-iphonesimulator/Lottie.build/Objects-normal/arm64/Lottie_dependency_info.dat --stringsdata-file /Users/admin15/Library/Developer/Xcode/DerivedData/Cloudyyy_App-givuluqnjhnfsleknoohwwvjeazc/Build/Intermediates.noindex/Lottie.build/Debug-iphonesimulator/Lottie.build/Objects-normal/arm64/ExtractedAppShortcutsMetadata.stringsdata --source-file-list /Users/admin15/Library/Developer/Xcode/DerivedData/Cloudyyy_App-givuluqnjhnfsleknoohwwvjeazc/Build/Intermediates.noindex/Lottie.build/Debug-iphonesimulator/Lottie.build/Objects-normal/arm64/Lottie.SwiftFileList --metadata-file-list /Users/admin15/Library/Developer/Xcode/DerivedData/Cloudyyy_App-givuluqnjhnfsleknoohwwvjeazc/Build/Intermediates.noindex/Lottie.build/Debug-iphonesimulator/Lottie.build/Lottie.DependencyMetadataFileList --static-metadata-file-list /Users/admin15/Library/Developer/Xcode/DerivedData/Cloudyyy_App-givuluqnjhnfsleknoohwwvjeazc/Build/Intermediates.noindex/Lottie.build/Debug-iphonesimulator/Lottie.build/Lottie.DependencyStaticMetadataFileList --swift-const-vals-list /Users/admin15/Library/Developer/Xcode/DerivedData/Cloudyyy_App-givuluqnjhnfsleknoohwwvjeazc/Build/Intermediates.noindex/Lottie.build/Debug-iphonesimulator/Lottie.build/Objects-normal/arm64/Lottie.SwiftConstValuesFileList --force --compile-time-extraction --deployment-aware-processing --validate-assistant-intents --no-app-shortcuts-localization
2026-03-30 13:44:05.140 appintentsmetadataprocessor[65821:48037024] Starting appintentsmetadataprocessor export
2026-03-30 13:44:05.276 appintentsmetadataprocessor[65821:48037024] Extracted no relevant App Intents symbols, skipping writing output

SwiftDriverJobDiscovery normal arm64 Compiling Signup.swift (in target 'Cloudyyy_App' from project 'Cloudyyy_App')

RegisterExecutionPolicyException /Users/admin15/Library/Developer/Xcode/DerivedData/Cloudyyy_App-givuluqnjhnfsleknoohwwvjeazc/Build/Products/Debug-iphonesimulator/Lottie.o (in target 'Lottie' from project 'Lottie')
    cd /Users/admin15/Library/Developer/Xcode/DerivedData/Cloudyyy_App-givuluqnjhnfsleknoohwwvjeazc/SourcePackages/checkouts/lottie-ios
    builtin-RegisterExecutionPolicyException /Users/admin15/Library/Developer/Xcode/DerivedData/Cloudyyy_App-givuluqnjhnfsleknoohwwvjeazc/Build/Products/Debug-iphonesimulator/Lottie.o

Ld /Users/admin15/Library/Developer/Xcode/DerivedData/Cloudyyy_App-givuluqnjhnfsleknoohwwvjeazc/Build/Products/Debug-iphonesimulator/Cloudyyy_App.app/__preview.dylib normal (in target 'Cloudyyy_App' from project 'Cloudyyy_App')
    cd /Users/admin15/Documents/cloudy_23march
    /Applications/Xcode.app/Contents/Developer/Toolchains/XcodeDefault.xctoolchain/usr/bin/clang -Xlinker -reproducible -target arm64-apple-ios26.0-simulator -dynamiclib -isysroot /Applications/Xcode.app/Contents/Developer/Platforms/iPhoneSimulator.platform/Developer/SDKs/iPhoneSimulator26.2.sdk -O0 -L/Users/admin15/Library/Developer/Xcode/DerivedData/Cloudyyy_App-givuluqnjhnfsleknoohwwvjeazc/Build/Products/Debug-iphonesimulator -F/Users/admin15/Library/Developer/Xcode/DerivedData/Cloudyyy_App-givuluqnjhnfsleknoohwwvjeazc/Build/Products/Debug-iphonesimulator/PackageFrameworks -F/Users/admin15/Library/Developer/Xcode/DerivedData/Cloudyyy_App-givuluqnjhnfsleknoohwwvjeazc/Build/Products/Debug-iphonesimulator/PackageFrameworks -F/Users/admin15/Library/Developer/Xcode/DerivedData/Cloudyyy_App-givuluqnjhnfsleknoohwwvjeazc/Build/Products/Debug-iphonesimulator/PackageFrameworks -F/Users/admin15/Library/Developer/Xcode/DerivedData/Cloudyyy_App-givuluqnjhnfsleknoohwwvjeazc/Build/Products/Debug-iphonesimulator/PackageFrameworks -F/Users/admin15/Library/Developer/Xcode/DerivedData/Cloudyyy_App-givuluqnjhnfsleknoohwwvjeazc/Build/Products/Debug-iphonesimulator/PackageFrameworks -F/Users/admin15/Library/Developer/Xcode/DerivedData/Cloudyyy_App-givuluqnjhnfsleknoohwwvjeazc/Build/Products/Debug-iphonesimulator/PackageFrameworks -F/Users/admin15/Library/Developer/Xcode/DerivedData/Cloudyyy_App-givuluqnjhnfsleknoohwwvjeazc/Build/Products/Debug-iphonesimulator/PackageFrameworks -F/Users/admin15/Library/Developer/Xcode/DerivedData/Cloudyyy_App-givuluqnjhnfsleknoohwwvjeazc/Build/Products/Debug-iphonesimulator/PackageFrameworks -F/Users/admin15/Library/Developer/Xcode/DerivedData/Cloudyyy_App-givuluqnjhnfsleknoohwwvjeazc/Build/Products/Debug-iphonesimulator/PackageFrameworks -F/Users/admin15/Library/Developer/Xcode/DerivedData/Cloudyyy_App-givuluqnjhnfsleknoohwwvjeazc/Build/Products/Debug-iphonesimulator/PackageFrameworks -F/Users/admin15/Library/Developer/Xcode/DerivedData/Cloudyyy_App-givuluqnjhnfsleknoohwwvjeazc/Build/Products/Debug-iphonesimulator/PackageFrameworks -F/Users/admin15/Library/Developer/Xcode/DerivedData/Cloudyyy_App-givuluqnjhnfsleknoohwwvjeazc/Build/Products/Debug-iphonesimulator/PackageFrameworks -F/Users/admin15/Library/Developer/Xcode/DerivedData/Cloudyyy_App-givuluqnjhnfsleknoohwwvjeazc/Build/Products/Debug-iphonesimulator/PackageFrameworks -F/Users/admin15/Library/Developer/Xcode/DerivedData/Cloudyyy_App-givuluqnjhnfsleknoohwwvjeazc/Build/Products/Debug-iphonesimulator/PackageFrameworks -F/Users/admin15/Library/Developer/Xcode/DerivedData/Cloudyyy_App-givuluqnjhnfsleknoohwwvjeazc/Build/Products/Debug-iphonesimulator/PackageFrameworks -F/Users/admin15/Library/Developer/Xcode/DerivedData/Cloudyyy_App-givuluqnjhnfsleknoohwwvjeazc/Build/Products/Debug-iphonesimulator -install_name @rpath/Cloudyyy_App.debug.dylib -dead_strip -rdynamic -Xlinker -no_deduplicate -Xlinker -objc_abi_version -Xlinker 2 -Xlinker -debug_variant -Xlinker -dependency_info -Xlinker /Users/admin15/Library/Developer/Xcode/DerivedData/Cloudyyy_App-givuluqnjhnfsleknoohwwvjeazc/Build/Intermediates.noindex/Cloudyyy_App.build/Debug-iphonesimulator/Cloudyyy_App.build/Objects-normal/arm64/Cloudyyy_App_dependency_info.dat -Xlinker -sectcreate -Xlinker __TEXT -Xlinker __entitlements -Xlinker /Users/admin15/Library/Developer/Xcode/DerivedData/Cloudyyy_App-givuluqnjhnfsleknoohwwvjeazc/Build/Intermediates.noindex/Cloudyyy_App.build/Debug-iphonesimulator/Cloudyyy_App.build/Cloudyyy_App.app-Simulated.xcent -Xlinker -sectcreate -Xlinker __TEXT -Xlinker __ents_der -Xlinker /Users/admin15/Library/Developer/Xcode/DerivedData/Cloudyyy_App-givuluqnjhnfsleknoohwwvjeazc/Build/Intermediates.noindex/Cloudyyy_App.build/Debug-iphonesimulator/Cloudyyy_App.build/Cloudyyy_App.app-Simulated.xcent.der -Xlinker -no_adhoc_codesign -o /Users/admin15/Library/Developer/Xcode/DerivedData/Cloudyyy_App-givuluqnjhnfsleknoohwwvjeazc/Build/Products/Debug-iphonesimulator/Cloudyyy_App.app/__preview.dylib

SwiftDriverJobDiscovery normal arm64 Emitting module for Cloudyyy_App (in target 'Cloudyyy_App' from project 'Cloudyyy_App')

SwiftDriver\ Compilation\ Requirements Cloudyyy_App normal arm64 com.apple.xcode.tools.swift.compiler (in target 'Cloudyyy_App' from project 'Cloudyyy_App')
    cd /Users/admin15/Documents/cloudy_23march
    builtin-Swift-Compilation-Requirements -- /Applications/Xcode.app/Contents/Developer/Toolchains/XcodeDefault.xctoolchain/usr/bin/swiftc -module-name Cloudyyy_App -Onone -enforce-exclusivity\=checked @/Users/admin15/Library/Developer/Xcode/DerivedData/Cloudyyy_App-givuluqnjhnfsleknoohwwvjeazc/Build/Intermediates.noindex/Cloudyyy_App.build/Debug-iphonesimulator/Cloudyyy_App.build/Objects-normal/arm64/Cloudyyy_App.SwiftFileList -DDEBUG -default-isolation\=MainActor -enable-bare-slash-regex -enable-upcoming-feature DisableOutwardActorInference -enable-upcoming-feature InferSendableFromCaptures -enable-upcoming-feature GlobalActorIsolatedTypesUsability -enable-upcoming-feature MemberImportVisibility -enable-upcoming-feature InferIsolatedConformances -enable-upcoming-feature NonisolatedNonsendingByDefault -enable-experimental-feature DebugDescriptionMacro -sdk /Applications/Xcode.app/Contents/Developer/Platforms/iPhoneSimulator.platform/Developer/SDKs/iPhoneSimulator26.2.sdk -target arm64-apple-ios26.0-simulator -g -module-cache-path /Users/admin15/Library/Developer/Xcode/DerivedData/ModuleCache.noindex -Xfrontend -serialize-debugging-options -profile-coverage-mapping -profile-generate -enable-testing -index-store-path /Users/admin15/Library/Developer/Xcode/DerivedData/Cloudyyy_App-givuluqnjhnfsleknoohwwvjeazc/Index.noindex/DataStore -Xcc -D_LIBCPP_HARDENING_MODE\=_LIBCPP_HARDENING_MODE_DEBUG -swift-version 5 -I /Users/admin15/Library/Developer/Xcode/DerivedData/Cloudyyy_App-givuluqnjhnfsleknoohwwvjeazc/Build/Products/Debug-iphonesimulator -F /Users/admin15/Library/Developer/Xcode/DerivedData/Cloudyyy_App-givuluqnjhnfsleknoohwwvjeazc/Build/Products/Debug-iphonesimulator/PackageFrameworks -F /Users/admin15/Library/Developer/Xcode/DerivedData/Cloudyyy_App-givuluqnjhnfsleknoohwwvjeazc/Build/Products/Debug-iphonesimulator/PackageFrameworks -F /Users/admin15/Library/Developer/Xcode/DerivedData/Cloudyyy_App-givuluqnjhnfsleknoohwwvjeazc/Build/Products/Debug-iphonesimulator/PackageFrameworks -F /Users/admin15/Library/Developer/Xcode/DerivedData/Cloudyyy_App-givuluqnjhnfsleknoohwwvjeazc/Build/Products/Debug-iphonesimulator/PackageFrameworks -F /Users/admin15/Library/Developer/Xcode/DerivedData/Cloudyyy_App-givuluqnjhnfsleknoohwwvjeazc/Build/Products/Debug-iphonesimulator/PackageFrameworks -F /Users/admin15/Library/Developer/Xcode/DerivedData/Cloudyyy_App-givuluqnjhnfsleknoohwwvjeazc/Build/Products/Debug-iphonesimulator/PackageFrameworks -F /Users/admin15/Library/Developer/Xcode/DerivedData/Cloudyyy_App-givuluqnjhnfsleknoohwwvjeazc/Build/Products/Debug-iphonesimulator/PackageFrameworks -F /Users/admin15/Library/Developer/Xcode/DerivedData/Cloudyyy_App-givuluqnjhnfsleknoohwwvjeazc/Build/Products/Debug-iphonesimulator/PackageFrameworks -F /Users/admin15/Library/Developer/Xcode/DerivedData/Cloudyyy_App-givuluqnjhnfsleknoohwwvjeazc/Build/Products/Debug-iphonesimulator/PackageFrameworks -F /Users/admin15/Library/Developer/Xcode/DerivedData/Cloudyyy_App-givuluqnjhnfsleknoohwwvjeazc/Build/Products/Debug-iphonesimulator/PackageFrameworks -F /Users/admin15/Library/Developer/Xcode/DerivedData/Cloudyyy_App-givuluqnjhnfsleknoohwwvjeazc/Build/Products/Debug-iphonesimulator/PackageFrameworks -F /Users/admin15/Library/Developer/Xcode/DerivedData/Cloudyyy_App-givuluqnjhnfsleknoohwwvjeazc/Build/Products/Debug-iphonesimulator/PackageFrameworks -F /Users/admin15/Library/Developer/Xcode/DerivedData/Cloudyyy_App-givuluqnjhnfsleknoohwwvjeazc/Build/Products/Debug-iphonesimulator/PackageFrameworks -F /Users/admin15/Library/Developer/Xcode/DerivedData/Cloudyyy_App-givuluqnjhnfsleknoohwwvjeazc/Build/Products/Debug-iphonesimulator/PackageFrameworks -F /Users/admin15/Library/Developer/Xcode/DerivedData/Cloudyyy_App-givuluqnjhnfsleknoohwwvjeazc/Build/Products/Debug-iphonesimulator/PackageFrameworks -F /Users/admin15/Library/Developer/Xcode/DerivedData/Cloudyyy_App-givuluqnjhnfsleknoohwwvjeazc/Build/Products/Debug-iphonesimulator -emit-localized-strings -emit-localized-strings-path /Users/admin15/Library/Developer/Xcode/DerivedData/Cloudyyy_App-givuluqnjhnfsleknoohwwvjeazc/Build/Intermediates.noindex/Cloudyyy_App.build/Debug-iphonesimulator/Cloudyyy_App.build/Objects-normal/arm64 -c -j8 -enable-batch-mode -incremental -Xcc -ivfsstatcache -Xcc /Users/admin15/Library/Developer/Xcode/DerivedData/SDKStatCaches.noindex/iphonesimulator26.2-23C53-3885c01c3e6b6a337905948deab2002e7d00a8b37fbd7999ea79df8ebc024bf0.sdkstatcache -output-file-map /Users/admin15/Library/Developer/Xcode/DerivedData/Cloudyyy_App-givuluqnjhnfsleknoohwwvjeazc/Build/Intermediates.noindex/Cloudyyy_App.build/Debug-iphonesimulator/Cloudyyy_App.build/Objects-normal/arm64/Cloudyyy_App-OutputFileMap.json -use-frontend-parseable-output -save-temps -no-color-diagnostics -explicit-module-build -module-cache-path /Users/admin15/Library/Developer/Xcode/DerivedData/Cloudyyy_App-givuluqnjhnfsleknoohwwvjeazc/Build/Intermediates.noindex/SwiftExplicitPrecompiledModules -clang-scanner-module-cache-path /Users/admin15/Library/Developer/Xcode/DerivedData/ModuleCache.noindex -sdk-module-cache-path /Users/admin15/Library/Developer/Xcode/DerivedData/ModuleCache.noindex -serialize-diagnostics -emit-dependencies -emit-module -emit-module-path /Users/admin15/Library/Developer/Xcode/DerivedData/Cloudyyy_App-givuluqnjhnfsleknoohwwvjeazc/Build/Intermediates.noindex/Cloudyyy_App.build/Debug-iphonesimulator/Cloudyyy_App.build/Objects-normal/arm64/Cloudyyy_App.swiftmodule -validate-clang-modules-once -clang-build-session-file /Users/admin15/Library/Developer/Xcode/DerivedData/ModuleCache.noindex/Session.modulevalidation -Xcc -I/Users/admin15/Library/Developer/Xcode/DerivedData/Cloudyyy_App-givuluqnjhnfsleknoohwwvjeazc/Build/Intermediates.noindex/Cloudyyy_App.build/Debug-iphonesimulator/Cloudyyy_App.build/swift-overrides.hmap -emit-const-values -Xfrontend -const-gather-protocols-file -Xfrontend /Users/admin15/Library/Developer/Xcode/DerivedData/Cloudyyy_App-givuluqnjhnfsleknoohwwvjeazc/Build/Intermediates.noindex/Cloudyyy_App.build/Debug-iphonesimulator/Cloudyyy_App.build/Objects-normal/arm64/Cloudyyy_App_const_extract_protocols.json -Xcc -iquote -Xcc /Users/admin15/Library/Developer/Xcode/DerivedData/Cloudyyy_App-givuluqnjhnfsleknoohwwvjeazc/Build/Intermediates.noindex/Cloudyyy_App.build/Debug-iphonesimulator/Cloudyyy_App.build/Cloudyyy_App-generated-files.hmap -Xcc -I/Users/admin15/Library/Developer/Xcode/DerivedData/Cloudyyy_App-givuluqnjhnfsleknoohwwvjeazc/Build/Intermediates.noindex/Cloudyyy_App.build/Debug-iphonesimulator/Cloudyyy_App.build/Cloudyyy_App-own-target-headers.hmap -Xcc -I/Users/admin15/Library/Developer/Xcode/DerivedData/Cloudyyy_App-givuluqnjhnfsleknoohwwvjeazc/Build/Intermediates.noindex/Cloudyyy_App.build/Debug-iphonesimulator/Cloudyyy_App.build/Cloudyyy_App-all-non-framework-target-headers.hmap -Xcc -ivfsoverlay -Xcc /Users/admin15/Library/Developer/Xcode/DerivedData/Cloudyyy_App-givuluqnjhnfsleknoohwwvjeazc/Build/Intermediates.noindex/Cloudyyy_App.build/Debug-iphonesimulator/Cloudyyy_App-67242467e636ec5d3f8977d9e0886eb3-VFS-iphonesimulator/all-product-headers.yaml -Xcc -iquote -Xcc /Users/admin15/Library/Developer/Xcode/DerivedData/Cloudyyy_App-givuluqnjhnfsleknoohwwvjeazc/Build/Intermediates.noindex/Cloudyyy_App.build/Debug-iphonesimulator/Cloudyyy_App.build/Cloudyyy_App-project-headers.hmap -Xcc -I/Users/admin15/Library/Developer/Xcode/DerivedData/Cloudyyy_App-givuluqnjhnfsleknoohwwvjeazc/Build/Products/Debug-iphonesimulator/include -Xcc -I/Users/admin15/Library/Developer/Xcode/DerivedData/Cloudyyy_App-givuluqnjhnfsleknoohwwvjeazc/Build/Intermediates.noindex/Cloudyyy_App.build/Debug-iphonesimulator/Cloudyyy_App.build/DerivedSources-normal/arm64 -Xcc -I/Users/admin15/Library/Developer/Xcode/DerivedData/Cloudyyy_App-givuluqnjhnfsleknoohwwvjeazc/Build/Intermediates.noindex/Cloudyyy_App.build/Debug-iphonesimulator/Cloudyyy_App.build/DerivedSources/arm64 -Xcc -I/Users/admin15/Library/Developer/Xcode/DerivedData/Cloudyyy_App-givuluqnjhnfsleknoohwwvjeazc/Build/Intermediates.noindex/Cloudyyy_App.build/Debug-iphonesimulator/Cloudyyy_App.build/DerivedSources -Xcc -DDEBUG\=1 -emit-objc-header -emit-objc-header-path /Users/admin15/Library/Developer/Xcode/DerivedData/Cloudyyy_App-givuluqnjhnfsleknoohwwvjeazc/Build/Intermediates.noindex/Cloudyyy_App.build/Debug-iphonesimulator/Cloudyyy_App.build/Objects-normal/arm64/Cloudyyy_App-Swift.h -working-directory /Users/admin15/Documents/cloudy_23march -experimental-emit-module-separately -disable-cmo

SwiftDriver\ Compilation Cloudyyy_App normal arm64 com.apple.xcode.tools.swift.compiler (in target 'Cloudyyy_App' from project 'Cloudyyy_App')
    cd /Users/admin15/Documents/cloudy_23march
    builtin-Swift-Compilation -- /Applications/Xcode.app/Contents/Developer/Toolchains/XcodeDefault.xctoolchain/usr/bin/swiftc -module-name Cloudyyy_App -Onone -enforce-exclusivity\=checked @/Users/admin15/Library/Developer/Xcode/DerivedData/Cloudyyy_App-givuluqnjhnfsleknoohwwvjeazc/Build/Intermediates.noindex/Cloudyyy_App.build/Debug-iphonesimulator/Cloudyyy_App.build/Objects-normal/arm64/Cloudyyy_App.SwiftFileList -DDEBUG -default-isolation\=MainActor -enable-bare-slash-regex -enable-upcoming-feature DisableOutwardActorInference -enable-upcoming-feature InferSendableFromCaptures -enable-upcoming-feature GlobalActorIsolatedTypesUsability -enable-upcoming-feature MemberImportVisibility -enable-upcoming-feature InferIsolatedConformances -enable-upcoming-feature NonisolatedNonsendingByDefault -enable-experimental-feature DebugDescriptionMacro -sdk /Applications/Xcode.app/Contents/Developer/Platforms/iPhoneSimulator.platform/Developer/SDKs/iPhoneSimulator26.2.sdk -target arm64-apple-ios26.0-simulator -g -module-cache-path /Users/admin15/Library/Developer/Xcode/DerivedData/ModuleCache.noindex -Xfrontend -serialize-debugging-options -profile-coverage-mapping -profile-generate -enable-testing -index-store-path /Users/admin15/Library/Developer/Xcode/DerivedData/Cloudyyy_App-givuluqnjhnfsleknoohwwvjeazc/Index.noindex/DataStore -Xcc -D_LIBCPP_HARDENING_MODE\=_LIBCPP_HARDENING_MODE_DEBUG -swift-version 5 -I /Users/admin15/Library/Developer/Xcode/DerivedData/Cloudyyy_App-givuluqnjhnfsleknoohwwvjeazc/Build/Products/Debug-iphonesimulator -F /Users/admin15/Library/Developer/Xcode/DerivedData/Cloudyyy_App-givuluqnjhnfsleknoohwwvjeazc/Build/Products/Debug-iphonesimulator/PackageFrameworks -F /Users/admin15/Library/Developer/Xcode/DerivedData/Cloudyyy_App-givuluqnjhnfsleknoohwwvjeazc/Build/Products/Debug-iphonesimulator/PackageFrameworks -F /Users/admin15/Library/Developer/Xcode/DerivedData/Cloudyyy_App-givuluqnjhnfsleknoohwwvjeazc/Build/Products/Debug-iphonesimulator/PackageFrameworks -F /Users/admin15/Library/Developer/Xcode/DerivedData/Cloudyyy_App-givuluqnjhnfsleknoohwwvjeazc/Build/Products/Debug-iphonesimulator/PackageFrameworks -F /Users/admin15/Library/Developer/Xcode/DerivedData/Cloudyyy_App-givuluqnjhnfsleknoohwwvjeazc/Build/Products/Debug-iphonesimulator/PackageFrameworks -F /Users/admin15/Library/Developer/Xcode/DerivedData/Cloudyyy_App-givuluqnjhnfsleknoohwwvjeazc/Build/Products/Debug-iphonesimulator/PackageFrameworks -F /Users/admin15/Library/Developer/Xcode/DerivedData/Cloudyyy_App-givuluqnjhnfsleknoohwwvjeazc/Build/Products/Debug-iphonesimulator/PackageFrameworks -F /Users/admin15/Library/Developer/Xcode/DerivedData/Cloudyyy_App-givuluqnjhnfsleknoohwwvjeazc/Build/Products/Debug-iphonesimulator/PackageFrameworks -F /Users/admin15/Library/Developer/Xcode/DerivedData/Cloudyyy_App-givuluqnjhnfsleknoohwwvjeazc/Build/Products/Debug-iphonesimulator/PackageFrameworks -F /Users/admin15/Library/Developer/Xcode/DerivedData/Cloudyyy_App-givuluqnjhnfsleknoohwwvjeazc/Build/Products/Debug-iphonesimulator/PackageFrameworks -F /Users/admin15/Library/Developer/Xcode/DerivedData/Cloudyyy_App-givuluqnjhnfsleknoohwwvjeazc/Build/Products/Debug-iphonesimulator/PackageFrameworks -F /Users/admin15/Library/Developer/Xcode/DerivedData/Cloudyyy_App-givuluqnjhnfsleknoohwwvjeazc/Build/Products/Debug-iphonesimulator/PackageFrameworks -F /Users/admin15/Library/Developer/Xcode/DerivedData/Cloudyyy_App-givuluqnjhnfsleknoohwwvjeazc/Build/Products/Debug-iphonesimulator/PackageFrameworks -F /Users/admin15/Library/Developer/Xcode/DerivedData/Cloudyyy_App-givuluqnjhnfsleknoohwwvjeazc/Build/Products/Debug-iphonesimulator/PackageFrameworks -F /Users/admin15/Library/Developer/Xcode/DerivedData/Cloudyyy_App-givuluqnjhnfsleknoohwwvjeazc/Build/Products/Debug-iphonesimulator/PackageFrameworks -F /Users/admin15/Library/Developer/Xcode/DerivedData/Cloudyyy_App-givuluqnjhnfsleknoohwwvjeazc/Build/Products/Debug-iphonesimulator -emit-localized-strings -emit-localized-strings-path /Users/admin15/Library/Developer/Xcode/DerivedData/Cloudyyy_App-givuluqnjhnfsleknoohwwvjeazc/Build/Intermediates.noindex/Cloudyyy_App.build/Debug-iphonesimulator/Cloudyyy_App.build/Objects-normal/arm64 -c -j8 -enable-batch-mode -incremental -Xcc -ivfsstatcache -Xcc /Users/admin15/Library/Developer/Xcode/DerivedData/SDKStatCaches.noindex/iphonesimulator26.2-23C53-3885c01c3e6b6a337905948deab2002e7d00a8b37fbd7999ea79df8ebc024bf0.sdkstatcache -output-file-map /Users/admin15/Library/Developer/Xcode/DerivedData/Cloudyyy_App-givuluqnjhnfsleknoohwwvjeazc/Build/Intermediates.noindex/Cloudyyy_App.build/Debug-iphonesimulator/Cloudyyy_App.build/Objects-normal/arm64/Cloudyyy_App-OutputFileMap.json -use-frontend-parseable-output -save-temps -no-color-diagnostics -explicit-module-build -module-cache-path /Users/admin15/Library/Developer/Xcode/DerivedData/Cloudyyy_App-givuluqnjhnfsleknoohwwvjeazc/Build/Intermediates.noindex/SwiftExplicitPrecompiledModules -clang-scanner-module-cache-path /Users/admin15/Library/Developer/Xcode/DerivedData/ModuleCache.noindex -sdk-module-cache-path /Users/admin15/Library/Developer/Xcode/DerivedData/ModuleCache.noindex -serialize-diagnostics -emit-dependencies -emit-module -emit-module-path /Users/admin15/Library/Developer/Xcode/DerivedData/Cloudyyy_App-givuluqnjhnfsleknoohwwvjeazc/Build/Intermediates.noindex/Cloudyyy_App.build/Debug-iphonesimulator/Cloudyyy_App.build/Objects-normal/arm64/Cloudyyy_App.swiftmodule -validate-clang-modules-once -clang-build-session-file /Users/admin15/Library/Developer/Xcode/DerivedData/ModuleCache.noindex/Session.modulevalidation -Xcc -I/Users/admin15/Library/Developer/Xcode/DerivedData/Cloudyyy_App-givuluqnjhnfsleknoohwwvjeazc/Build/Intermediates.noindex/Cloudyyy_App.build/Debug-iphonesimulator/Cloudyyy_App.build/swift-overrides.hmap -emit-const-values -Xfrontend -const-gather-protocols-file -Xfrontend /Users/admin15/Library/Developer/Xcode/DerivedData/Cloudyyy_App-givuluqnjhnfsleknoohwwvjeazc/Build/Intermediates.noindex/Cloudyyy_App.build/Debug-iphonesimulator/Cloudyyy_App.build/Objects-normal/arm64/Cloudyyy_App_const_extract_protocols.json -Xcc -iquote -Xcc /Users/admin15/Library/Developer/Xcode/DerivedData/Cloudyyy_App-givuluqnjhnfsleknoohwwvjeazc/Build/Intermediates.noindex/Cloudyyy_App.build/Debug-iphonesimulator/Cloudyyy_App.build/Cloudyyy_App-generated-files.hmap -Xcc -I/Users/admin15/Library/Developer/Xcode/DerivedData/Cloudyyy_App-givuluqnjhnfsleknoohwwvjeazc/Build/Intermediates.noindex/Cloudyyy_App.build/Debug-iphonesimulator/Cloudyyy_App.build/Cloudyyy_App-own-target-headers.hmap -Xcc -I/Users/admin15/Library/Developer/Xcode/DerivedData/Cloudyyy_App-givuluqnjhnfsleknoohwwvjeazc/Build/Intermediates.noindex/Cloudyyy_App.build/Debug-iphonesimulator/Cloudyyy_App.build/Cloudyyy_App-all-non-framework-target-headers.hmap -Xcc -ivfsoverlay -Xcc /Users/admin15/Library/Developer/Xcode/DerivedData/Cloudyyy_App-givuluqnjhnfsleknoohwwvjeazc/Build/Intermediates.noindex/Cloudyyy_App.build/Debug-iphonesimulator/Cloudyyy_App-67242467e636ec5d3f8977d9e0886eb3-VFS-iphonesimulator/all-product-headers.yaml -Xcc -iquote -Xcc /Users/admin15/Library/Developer/Xcode/DerivedData/Cloudyyy_App-givuluqnjhnfsleknoohwwvjeazc/Build/Intermediates.noindex/Cloudyyy_App.build/Debug-iphonesimulator/Cloudyyy_App.build/Cloudyyy_App-project-headers.hmap -Xcc -I/Users/admin15/Library/Developer/Xcode/DerivedData/Cloudyyy_App-givuluqnjhnfsleknoohwwvjeazc/Build/Products/Debug-iphonesimulator/include -Xcc -I/Users/admin15/Library/Developer/Xcode/DerivedData/Cloudyyy_App-givuluqnjhnfsleknoohwwvjeazc/Build/Intermediates.noindex/Cloudyyy_App.build/Debug-iphonesimulator/Cloudyyy_App.build/DerivedSources-normal/arm64 -Xcc -I/Users/admin15/Library/Developer/Xcode/DerivedData/Cloudyyy_App-givuluqnjhnfsleknoohwwvjeazc/Build/Intermediates.noindex/Cloudyyy_App.build/Debug-iphonesimulator/Cloudyyy_App.build/DerivedSources/arm64 -Xcc -I/Users/admin15/Library/Developer/Xcode/DerivedData/Cloudyyy_App-givuluqnjhnfsleknoohwwvjeazc/Build/Intermediates.noindex/Cloudyyy_App.build/Debug-iphonesimulator/Cloudyyy_App.build/DerivedSources -Xcc -DDEBUG\=1 -emit-objc-header -emit-objc-header-path /Users/admin15/Library/Developer/Xcode/DerivedData/Cloudyyy_App-givuluqnjhnfsleknoohwwvjeazc/Build/Intermediates.noindex/Cloudyyy_App.build/Debug-iphonesimulator/Cloudyyy_App.build/Objects-normal/arm64/Cloudyyy_App-Swift.h -working-directory /Users/admin15/Documents/cloudy_23march -experimental-emit-module-separately -disable-cmo

Copy /Users/admin15/Library/Developer/Xcode/DerivedData/Cloudyyy_App-givuluqnjhnfsleknoohwwvjeazc/Build/Products/Debug-iphonesimulator/Cloudyyy_App.swiftmodule/arm64-apple-ios-simulator.abi.json /Users/admin15/Library/Developer/Xcode/DerivedData/Cloudyyy_App-givuluqnjhnfsleknoohwwvjeazc/Build/Intermediates.noindex/Cloudyyy_App.build/Debug-iphonesimulator/Cloudyyy_App.build/Objects-normal/arm64/Cloudyyy_App.abi.json (in target 'Cloudyyy_App' from project 'Cloudyyy_App')
    cd /Users/admin15/Documents/cloudy_23march
    builtin-copy -exclude .DS_Store -exclude CVS -exclude .svn -exclude .git -exclude .hg -resolve-src-symlinks -rename /Users/admin15/Library/Developer/Xcode/DerivedData/Cloudyyy_App-givuluqnjhnfsleknoohwwvjeazc/Build/Intermediates.noindex/Cloudyyy_App.build/Debug-iphonesimulator/Cloudyyy_App.build/Objects-normal/arm64/Cloudyyy_App.abi.json /Users/admin15/Library/Developer/Xcode/DerivedData/Cloudyyy_App-givuluqnjhnfsleknoohwwvjeazc/Build/Products/Debug-iphonesimulator/Cloudyyy_App.swiftmodule/arm64-apple-ios-simulator.abi.json

Copy /Users/admin15/Library/Developer/Xcode/DerivedData/Cloudyyy_App-givuluqnjhnfsleknoohwwvjeazc/Build/Products/Debug-iphonesimulator/Cloudyyy_App.swiftmodule/arm64-apple-ios-simulator.swiftmodule /Users/admin15/Library/Developer/Xcode/DerivedData/Cloudyyy_App-givuluqnjhnfsleknoohwwvjeazc/Build/Intermediates.noindex/Cloudyyy_App.build/Debug-iphonesimulator/Cloudyyy_App.build/Objects-normal/arm64/Cloudyyy_App.swiftmodule (in target 'Cloudyyy_App' from project 'Cloudyyy_App')
    cd /Users/admin15/Documents/cloudy_23march
    builtin-copy -exclude .DS_Store -exclude CVS -exclude .svn -exclude .git -exclude .hg -resolve-src-symlinks -rename /Users/admin15/Library/Developer/Xcode/DerivedData/Cloudyyy_App-givuluqnjhnfsleknoohwwvjeazc/Build/Intermediates.noindex/Cloudyyy_App.build/Debug-iphonesimulator/Cloudyyy_App.build/Objects-normal/arm64/Cloudyyy_App.swiftmodule /Users/admin15/Library/Developer/Xcode/DerivedData/Cloudyyy_App-givuluqnjhnfsleknoohwwvjeazc/Build/Products/Debug-iphonesimulator/Cloudyyy_App.swiftmodule/arm64-apple-ios-simulator.swiftmodule

Copy /Users/admin15/Library/Developer/Xcode/DerivedData/Cloudyyy_App-givuluqnjhnfsleknoohwwvjeazc/Build/Products/Debug-iphonesimulator/Cloudyyy_App.swiftmodule/Project/arm64-apple-ios-simulator.swiftsourceinfo /Users/admin15/Library/Developer/Xcode/DerivedData/Cloudyyy_App-givuluqnjhnfsleknoohwwvjeazc/Build/Intermediates.noindex/Cloudyyy_App.build/Debug-iphonesimulator/Cloudyyy_App.build/Objects-normal/arm64/Cloudyyy_App.swiftsourceinfo (in target 'Cloudyyy_App' from project 'Cloudyyy_App')
    cd /Users/admin15/Documents/cloudy_23march
    builtin-copy -exclude .DS_Store -exclude CVS -exclude .svn -exclude .git -exclude .hg -resolve-src-symlinks -rename /Users/admin15/Library/Developer/Xcode/DerivedData/Cloudyyy_App-givuluqnjhnfsleknoohwwvjeazc/Build/Intermediates.noindex/Cloudyyy_App.build/Debug-iphonesimulator/Cloudyyy_App.build/Objects-normal/arm64/Cloudyyy_App.swiftsourceinfo /Users/admin15/Library/Developer/Xcode/DerivedData/Cloudyyy_App-givuluqnjhnfsleknoohwwvjeazc/Build/Products/Debug-iphonesimulator/Cloudyyy_App.swiftmodule/Project/arm64-apple-ios-simulator.swiftsourceinfo

Ld /Users/admin15/Library/Developer/Xcode/DerivedData/Cloudyyy_App-givuluqnjhnfsleknoohwwvjeazc/Build/Products/Debug-iphonesimulator/Cloudyyy_App.app/Cloudyyy_App.debug.dylib normal (in target 'Cloudyyy_App' from project 'Cloudyyy_App')
    cd /Users/admin15/Documents/cloudy_23march
    /Applications/Xcode.app/Contents/Developer/Toolchains/XcodeDefault.xctoolchain/usr/bin/clang -Xlinker -reproducible -target arm64-apple-ios26.0-simulator -dynamiclib -isysroot /Applications/Xcode.app/Contents/Developer/Platforms/iPhoneSimulator.platform/Developer/SDKs/iPhoneSimulator26.2.sdk -O0 -L/Users/admin15/Library/Developer/Xcode/DerivedData/Cloudyyy_App-givuluqnjhnfsleknoohwwvjeazc/Build/Intermediates.noindex/EagerLinkingTBDs/Debug-iphonesimulator -L/Users/admin15/Library/Developer/Xcode/DerivedData/Cloudyyy_App-givuluqnjhnfsleknoohwwvjeazc/Build/Products/Debug-iphonesimulator -F/Users/admin15/Library/Developer/Xcode/DerivedData/Cloudyyy_App-givuluqnjhnfsleknoohwwvjeazc/Build/Intermediates.noindex/EagerLinkingTBDs/Debug-iphonesimulator -F/Users/admin15/Library/Developer/Xcode/DerivedData/Cloudyyy_App-givuluqnjhnfsleknoohwwvjeazc/Build/Products/Debug-iphonesimulator/PackageFrameworks -F/Users/admin15/Library/Developer/Xcode/DerivedData/Cloudyyy_App-givuluqnjhnfsleknoohwwvjeazc/Build/Products/Debug-iphonesimulator/PackageFrameworks -F/Users/admin15/Library/Developer/Xcode/DerivedData/Cloudyyy_App-givuluqnjhnfsleknoohwwvjeazc/Build/Products/Debug-iphonesimulator/PackageFrameworks -F/Users/admin15/Library/Developer/Xcode/DerivedData/Cloudyyy_App-givuluqnjhnfsleknoohwwvjeazc/Build/Products/Debug-iphonesimulator/PackageFrameworks -F/Users/admin15/Library/Developer/Xcode/DerivedData/Cloudyyy_App-givuluqnjhnfsleknoohwwvjeazc/Build/Products/Debug-iphonesimulator/PackageFrameworks -F/Users/admin15/Library/Developer/Xcode/DerivedData/Cloudyyy_App-givuluqnjhnfsleknoohwwvjeazc/Build/Products/Debug-iphonesimulator/PackageFrameworks -F/Users/admin15/Library/Developer/Xcode/DerivedData/Cloudyyy_App-givuluqnjhnfsleknoohwwvjeazc/Build/Products/Debug-iphonesimulator/PackageFrameworks -F/Users/admin15/Library/Developer/Xcode/DerivedData/Cloudyyy_App-givuluqnjhnfsleknoohwwvjeazc/Build/Products/Debug-iphonesimulator/PackageFrameworks -F/Users/admin15/Library/Developer/Xcode/DerivedData/Cloudyyy_App-givuluqnjhnfsleknoohwwvjeazc/Build/Products/Debug-iphonesimulator/PackageFrameworks -F/Users/admin15/Library/Developer/Xcode/DerivedData/Cloudyyy_App-givuluqnjhnfsleknoohwwvjeazc/Build/Products/Debug-iphonesimulator/PackageFrameworks -F/Users/admin15/Library/Developer/Xcode/DerivedData/Cloudyyy_App-givuluqnjhnfsleknoohwwvjeazc/Build/Products/Debug-iphonesimulator/PackageFrameworks -F/Users/admin15/Library/Developer/Xcode/DerivedData/Cloudyyy_App-givuluqnjhnfsleknoohwwvjeazc/Build/Products/Debug-iphonesimulator/PackageFrameworks -F/Users/admin15/Library/Developer/Xcode/DerivedData/Cloudyyy_App-givuluqnjhnfsleknoohwwvjeazc/Build/Products/Debug-iphonesimulator/PackageFrameworks -F/Users/admin15/Library/Developer/Xcode/DerivedData/Cloudyyy_App-givuluqnjhnfsleknoohwwvjeazc/Build/Products/Debug-iphonesimulator/PackageFrameworks -F/Users/admin15/Library/Developer/Xcode/DerivedData/Cloudyyy_App-givuluqnjhnfsleknoohwwvjeazc/Build/Products/Debug-iphonesimulator/PackageFrameworks -F/Users/admin15/Library/Developer/Xcode/DerivedData/Cloudyyy_App-givuluqnjhnfsleknoohwwvjeazc/Build/Products/Debug-iphonesimulator -filelist /Users/admin15/Library/Developer/Xcode/DerivedData/Cloudyyy_App-givuluqnjhnfsleknoohwwvjeazc/Build/Intermediates.noindex/Cloudyyy_App.build/Debug-iphonesimulator/Cloudyyy_App.build/Objects-normal/arm64/Cloudyyy_App.LinkFileList -install_name @rpath/Cloudyyy_App.debug.dylib -Xlinker -rpath -Xlinker /Users/admin15/Library/Developer/Xcode/DerivedData/Cloudyyy_App-givuluqnjhnfsleknoohwwvjeazc/Build/Products/Debug-iphonesimulator/PackageFrameworks -Xlinker -rpath -Xlinker @executable_path/Frameworks -dead_strip -Xlinker -object_path_lto -Xlinker /Users/admin15/Library/Developer/Xcode/DerivedData/Cloudyyy_App-givuluqnjhnfsleknoohwwvjeazc/Build/Intermediates.noindex/Cloudyyy_App.build/Debug-iphonesimulator/Cloudyyy_App.build/Objects-normal/arm64/Cloudyyy_App_lto.o -rdynamic -Xlinker -no_deduplicate -Xlinker -objc_abi_version -Xlinker 2 -Xlinker -debug_variant -Xlinker -dependency_info -Xlinker /Users/admin15/Library/Developer/Xcode/DerivedData/Cloudyyy_App-givuluqnjhnfsleknoohwwvjeazc/Build/Intermediates.noindex/Cloudyyy_App.build/Debug-iphonesimulator/Cloudyyy_App.build/Objects-normal/arm64/Cloudyyy_App_dependency_info.dat -fobjc-link-runtime -fprofile-instr-generate -L/Applications/Xcode.app/Contents/Developer/Toolchains/XcodeDefault.xctoolchain/usr/lib/swift/iphonesimulator -L/usr/lib/swift -Xlinker -add_ast_path -Xlinker /Users/admin15/Library/Developer/Xcode/DerivedData/Cloudyyy_App-givuluqnjhnfsleknoohwwvjeazc/Build/Intermediates.noindex/Cloudyyy_App.build/Debug-iphonesimulator/Cloudyyy_App.build/Objects-normal/arm64/Cloudyyy_App.swiftmodule @/Users/admin15/Library/Developer/Xcode/DerivedData/Cloudyyy_App-givuluqnjhnfsleknoohwwvjeazc/Build/Intermediates.noindex/Cloudyyy_App.build/Debug-iphonesimulator/Cloudyyy_App.build/Objects-normal/arm64/Cloudyyy_App-linker-args.resp -Wl,-no_warn_duplicate_libraries -Wl,-no_warn_duplicate_libraries -Wl,-no_warn_duplicate_libraries -Wl,-no_warn_duplicate_libraries -Wl,-no_warn_duplicate_libraries -Wl,-no_warn_duplicate_libraries -Wl,-no_warn_duplicate_libraries -Wl,-no_warn_duplicate_libraries -Wl,-no_warn_duplicate_libraries -Wl,-no_warn_duplicate_libraries -Wl,-no_warn_duplicate_libraries -Wl,-no_warn_duplicate_libraries -Wl,-no_warn_duplicate_libraries -Wl,-no_warn_duplicate_libraries -Wl,-no_warn_duplicate_libraries -Xlinker -alias -Xlinker _main -Xlinker ___debug_main_executable_dylib_entry_point -Xlinker -no_adhoc_codesign -o /Users/admin15/Library/Developer/Xcode/DerivedData/Cloudyyy_App-givuluqnjhnfsleknoohwwvjeazc/Build/Products/Debug-iphonesimulator/Cloudyyy_App.app/Cloudyyy_App.debug.dylib -Xlinker -add_ast_path -Xlinker /Users/admin15/Library/Developer/Xcode/DerivedData/Cloudyyy_App-givuluqnjhnfsleknoohwwvjeazc/Build/Intermediates.noindex/Supabase.build/Debug-iphonesimulator/Supabase.build/Objects-normal/arm64/Supabase.swiftmodule @/Users/admin15/Library/Developer/Xcode/DerivedData/Cloudyyy_App-givuluqnjhnfsleknoohwwvjeazc/Build/Intermediates.noindex/Supabase.build/Debug-iphonesimulator/Supabase.build/Objects-normal/arm64/Supabase-linker-args.resp -Xlinker -add_ast_path -Xlinker /Users/admin15/Library/Developer/Xcode/DerivedData/Cloudyyy_App-givuluqnjhnfsleknoohwwvjeazc/Build/Intermediates.noindex/Supabase.build/Debug-iphonesimulator/Functions.build/Objects-normal/arm64/Functions.swiftmodule @/Users/admin15/Library/Developer/Xcode/DerivedData/Cloudyyy_App-givuluqnjhnfsleknoohwwvjeazc/Build/Intermediates.noindex/Supabase.build/Debug-iphonesimulator/Functions.build/Objects-normal/arm64/Functions-linker-args.resp -Xlinker -add_ast_path -Xlinker /Users/admin15/Library/Developer/Xcode/DerivedData/Cloudyyy_App-givuluqnjhnfsleknoohwwvjeazc/Build/Intermediates.noindex/Supabase.build/Debug-iphonesimulator/PostgREST.build/Objects-normal/arm64/PostgREST.swiftmodule @/Users/admin15/Library/Developer/Xcode/DerivedData/Cloudyyy_App-givuluqnjhnfsleknoohwwvjeazc/Build/Intermediates.noindex/Supabase.build/Debug-iphonesimulator/PostgREST.build/Objects-normal/arm64/PostgREST-linker-args.resp -Xlinker -add_ast_path -Xlinker /Users/admin15/Library/Developer/Xcode/DerivedData/Cloudyyy_App-givuluqnjhnfsleknoohwwvjeazc/Build/Intermediates.noindex/Supabase.build/Debug-iphonesimulator/Auth.build/Objects-normal/arm64/Auth.swiftmodule @/Users/admin15/Library/Developer/Xcode/DerivedData/Cloudyyy_App-givuluqnjhnfsleknoohwwvjeazc/Build/Intermediates.noindex/Supabase.build/Debug-iphonesimulator/Auth.build/Objects-normal/arm64/Auth-linker-args.resp -Xlinker -add_ast_path -Xlinker /Users/admin15/Library/Developer/Xcode/DerivedData/Cloudyyy_App-givuluqnjhnfsleknoohwwvjeazc/Build/Intermediates.noindex/Supabase.build/Debug-iphonesimulator/Realtime.build/Objects-normal/arm64/Realtime.swiftmodule @/Users/admin15/Library/Developer/Xcode/DerivedData/Cloudyyy_App-givuluqnjhnfsleknoohwwvjeazc/Build/Intermediates.noindex/Supabase.build/Debug-iphonesimulator/Realtime.build/Objects-normal/arm64/Realtime-linker-args.resp -Xlinker -add_ast_path -Xlinker /Users/admin15/Library/Developer/Xcode/DerivedData/Cloudyyy_App-givuluqnjhnfsleknoohwwvjeazc/Build/Intermediates.noindex/Supabase.build/Debug-iphonesimulator/Storage.build/Objects-normal/arm64/Storage.swiftmodule @/Users/admin15/Library/Developer/Xcode/DerivedData/Cloudyyy_App-givuluqnjhnfsleknoohwwvjeazc/Build/Intermediates.noindex/Supabase.build/Debug-iphonesimulator/Storage.build/Objects-normal/arm64/Storage-linker-args.resp -Xlinker -add_ast_path -Xlinker /Users/admin15/Library/Developer/Xcode/DerivedData/Cloudyyy_App-givuluqnjhnfsleknoohwwvjeazc/Build/Intermediates.noindex/swift-concurrency-extras.build/Debug-iphonesimulator/ConcurrencyExtras.build/Objects-normal/arm64/ConcurrencyExtras.swiftmodule @/Users/admin15/Library/Developer/Xcode/DerivedData/Cloudyyy_App-givuluqnjhnfsleknoohwwvjeazc/Build/Intermediates.noindex/swift-concurrency-extras.build/Debug-iphonesimulator/ConcurrencyExtras.build/Objects-normal/arm64/ConcurrencyExtras-linker-args.resp -Xlinker -add_ast_path -Xlinker /Users/admin15/Library/Developer/Xcode/DerivedData/Cloudyyy_App-givuluqnjhnfsleknoohwwvjeazc/Build/Intermediates.noindex/swift-http-types.build/Debug-iphonesimulator/HTTPTypes.build/Objects-normal/arm64/HTTPTypes.swiftmodule @/Users/admin15/Library/Developer/Xcode/DerivedData/Cloudyyy_App-givuluqnjhnfsleknoohwwvjeazc/Build/Intermediates.noindex/swift-http-types.build/Debug-iphonesimulator/HTTPTypes.build/Objects-normal/arm64/HTTPTypes-linker-args.resp -Xlinker -add_ast_path -Xlinker /Users/admin15/Library/Developer/Xcode/DerivedData/Cloudyyy_App-givuluqnjhnfsleknoohwwvjeazc/Build/Intermediates.noindex/swift-clocks.build/Debug-iphonesimulator/Clocks.build/Objects-normal/arm64/Clocks.swiftmodule @/Users/admin15/Library/Developer/Xcode/DerivedData/Cloudyyy_App-givuluqnjhnfsleknoohwwvjeazc/Build/Intermediates.noindex/swift-clocks.build/Debug-iphonesimulator/Clocks.build/Objects-normal/arm64/Clocks-linker-args.resp -Xlinker -add_ast_path -Xlinker /Users/admin15/Library/Developer/Xcode/DerivedData/Cloudyyy_App-givuluqnjhnfsleknoohwwvjeazc/Build/Intermediates.noindex/xctest-dynamic-overlay.build/Debug-iphonesimulator/IssueReporting.build/Objects-normal/arm64/IssueReporting.swiftmodule @/Users/admin15/Library/Developer/Xcode/DerivedData/Cloudyyy_App-givuluqnjhnfsleknoohwwvjeazc/Build/Intermediates.noindex/xctest-dynamic-overlay.build/Debug-iphonesimulator/IssueReporting.build/Objects-normal/arm64/IssueReporting-linker-args.resp -Xlinker -add_ast_path -Xlinker /Users/admin15/Library/Developer/Xcode/DerivedData/Cloudyyy_App-givuluqnjhnfsleknoohwwvjeazc/Build/Intermediates.noindex/xctest-dynamic-overlay.build/Debug-iphonesimulator/IssueReportingPackageSupport.build/Objects-normal/arm64/IssueReportingPackageSupport.swiftmodule @/Users/admin15/Library/Developer/Xcode/DerivedData/Cloudyyy_App-givuluqnjhnfsleknoohwwvjeazc/Build/Intermediates.noindex/xctest-dynamic-overlay.build/Debug-iphonesimulator/IssueReportingPackageSupport.build/Objects-normal/arm64/IssueReportingPackageSupport-linker-args.resp -Xlinker -add_ast_path -Xlinker /Users/admin15/Library/Developer/Xcode/DerivedData/Cloudyyy_App-givuluqnjhnfsleknoohwwvjeazc/Build/Intermediates.noindex/xctest-dynamic-overlay.build/Debug-iphonesimulator/XCTestDynamicOverlay.build/Objects-normal/arm64/XCTestDynamicOverlay.swiftmodule @/Users/admin15/Library/Developer/Xcode/DerivedData/Cloudyyy_App-givuluqnjhnfsleknoohwwvjeazc/Build/Intermediates.noindex/xctest-dynamic-overlay.build/Debug-iphonesimulator/XCTestDynamicOverlay.build/Objects-normal/arm64/XCTestDynamicOverlay-linker-args.resp -Xlinker -add_ast_path -Xlinker /Users/admin15/Library/Developer/Xcode/DerivedData/Cloudyyy_App-givuluqnjhnfsleknoohwwvjeazc/Build/Intermediates.noindex/Supabase.build/Debug-iphonesimulator/Helpers.build/Objects-normal/arm64/Helpers.swiftmodule @/Users/admin15/Library/Developer/Xcode/DerivedData/Cloudyyy_App-givuluqnjhnfsleknoohwwvjeazc/Build/Intermediates.noindex/Supabase.build/Debug-iphonesimulator/Helpers.build/Objects-normal/arm64/Helpers-linker-args.resp -Xlinker -add_ast_path -Xlinker /Users/admin15/Library/Developer/Xcode/DerivedData/Cloudyyy_App-givuluqnjhnfsleknoohwwvjeazc/Build/Intermediates.noindex/swift-crypto.build/Debug-iphonesimulator/Crypto.build/Objects-normal/arm64/Crypto.swiftmodule @/Users/admin15/Library/Developer/Xcode/DerivedData/Cloudyyy_App-givuluqnjhnfsleknoohwwvjeazc/Build/Intermediates.noindex/swift-crypto.build/Debug-iphonesimulator/Crypto.build/Objects-normal/arm64/Crypto-linker-args.resp -Xlinker -add_ast_path -Xlinker /Users/admin15/Library/Developer/Xcode/DerivedData/Cloudyyy_App-givuluqnjhnfsleknoohwwvjeazc/Build/Intermediates.noindex/Lottie.build/Debug-iphonesimulator/Lottie.build/Objects-normal/arm64/Lottie.swiftmodule @/Users/admin15/Library/Developer/Xcode/DerivedData/Cloudyyy_App-givuluqnjhnfsleknoohwwvjeazc/Build/Intermediates.noindex/Lottie.build/Debug-iphonesimulator/Lottie.build/Objects-normal/arm64/Lottie-linker-args.resp

ConstructStubExecutorLinkFileList /Users/admin15/Library/Developer/Xcode/DerivedData/Cloudyyy_App-givuluqnjhnfsleknoohwwvjeazc/Build/Intermediates.noindex/Cloudyyy_App.build/Debug-iphonesimulator/Cloudyyy_App.build/Cloudyyy_App-ExecutorLinkFileList-normal-arm64.txt (in target 'Cloudyyy_App' from project 'Cloudyyy_App')
    cd /Users/admin15/Documents/cloudy_23march
    construct-stub-executor-link-file-list /Users/admin15/Library/Developer/Xcode/DerivedData/Cloudyyy_App-givuluqnjhnfsleknoohwwvjeazc/Build/Products/Debug-iphonesimulator/Cloudyyy_App.app/Cloudyyy_App.debug.dylib /Applications/Xcode.app/Contents/Developer/Platforms/iPhoneSimulator.platform/Developer/usr/lib/libPreviewsJITStubExecutor_no_swift_entry_point.a /Applications/Xcode.app/Contents/Developer/Platforms/iPhoneSimulator.platform/Developer/usr/lib/libPreviewsJITStubExecutor.a --output /Users/admin15/Library/Developer/Xcode/DerivedData/Cloudyyy_App-givuluqnjhnfsleknoohwwvjeazc/Build/Intermediates.noindex/Cloudyyy_App.build/Debug-iphonesimulator/Cloudyyy_App.build/Cloudyyy_App-ExecutorLinkFileList-normal-arm64.txt
note: Using stub executor library with Swift entry point. (in target 'Cloudyyy_App' from project 'Cloudyyy_App')

Ld /Users/admin15/Library/Developer/Xcode/DerivedData/Cloudyyy_App-givuluqnjhnfsleknoohwwvjeazc/Build/Products/Debug-iphonesimulator/Cloudyyy_App.app/Cloudyyy_App normal (in target 'Cloudyyy_App' from project 'Cloudyyy_App')
    cd /Users/admin15/Documents/cloudy_23march
    /Applications/Xcode.app/Contents/Developer/Toolchains/XcodeDefault.xctoolchain/usr/bin/clang -Xlinker -reproducible -target arm64-apple-ios26.0-simulator -isysroot /Applications/Xcode.app/Contents/Developer/Platforms/iPhoneSimulator.platform/Developer/SDKs/iPhoneSimulator26.2.sdk -O0 -L/Users/admin15/Library/Developer/Xcode/DerivedData/Cloudyyy_App-givuluqnjhnfsleknoohwwvjeazc/Build/Products/Debug-iphonesimulator -F/Users/admin15/Library/Developer/Xcode/DerivedData/Cloudyyy_App-givuluqnjhnfsleknoohwwvjeazc/Build/Products/Debug-iphonesimulator/PackageFrameworks -F/Users/admin15/Library/Developer/Xcode/DerivedData/Cloudyyy_App-givuluqnjhnfsleknoohwwvjeazc/Build/Products/Debug-iphonesimulator/PackageFrameworks -F/Users/admin15/Library/Developer/Xcode/DerivedData/Cloudyyy_App-givuluqnjhnfsleknoohwwvjeazc/Build/Products/Debug-iphonesimulator/PackageFrameworks -F/Users/admin15/Library/Developer/Xcode/DerivedData/Cloudyyy_App-givuluqnjhnfsleknoohwwvjeazc/Build/Products/Debug-iphonesimulator/PackageFrameworks -F/Users/admin15/Library/Developer/Xcode/DerivedData/Cloudyyy_App-givuluqnjhnfsleknoohwwvjeazc/Build/Products/Debug-iphonesimulator/PackageFrameworks -F/Users/admin15/Library/Developer/Xcode/DerivedData/Cloudyyy_App-givuluqnjhnfsleknoohwwvjeazc/Build/Products/Debug-iphonesimulator/PackageFrameworks -F/Users/admin15/Library/Developer/Xcode/DerivedData/Cloudyyy_App-givuluqnjhnfsleknoohwwvjeazc/Build/Products/Debug-iphonesimulator/PackageFrameworks -F/Users/admin15/Library/Developer/Xcode/DerivedData/Cloudyyy_App-givuluqnjhnfsleknoohwwvjeazc/Build/Products/Debug-iphonesimulator/PackageFrameworks -F/Users/admin15/Library/Developer/Xcode/DerivedData/Cloudyyy_App-givuluqnjhnfsleknoohwwvjeazc/Build/Products/Debug-iphonesimulator/PackageFrameworks -F/Users/admin15/Library/Developer/Xcode/DerivedData/Cloudyyy_App-givuluqnjhnfsleknoohwwvjeazc/Build/Products/Debug-iphonesimulator/PackageFrameworks -F/Users/admin15/Library/Developer/Xcode/DerivedData/Cloudyyy_App-givuluqnjhnfsleknoohwwvjeazc/Build/Products/Debug-iphonesimulator/PackageFrameworks -F/Users/admin15/Library/Developer/Xcode/DerivedData/Cloudyyy_App-givuluqnjhnfsleknoohwwvjeazc/Build/Products/Debug-iphonesimulator/PackageFrameworks -F/Users/admin15/Library/Developer/Xcode/DerivedData/Cloudyyy_App-givuluqnjhnfsleknoohwwvjeazc/Build/Products/Debug-iphonesimulator/PackageFrameworks -F/Users/admin15/Library/Developer/Xcode/DerivedData/Cloudyyy_App-givuluqnjhnfsleknoohwwvjeazc/Build/Products/Debug-iphonesimulator/PackageFrameworks -F/Users/admin15/Library/Developer/Xcode/DerivedData/Cloudyyy_App-givuluqnjhnfsleknoohwwvjeazc/Build/Products/Debug-iphonesimulator/PackageFrameworks -F/Users/admin15/Library/Developer/Xcode/DerivedData/Cloudyyy_App-givuluqnjhnfsleknoohwwvjeazc/Build/Products/Debug-iphonesimulator -Xlinker -rpath -Xlinker @executable_path -Xlinker -rpath -Xlinker /Users/admin15/Library/Developer/Xcode/DerivedData/Cloudyyy_App-givuluqnjhnfsleknoohwwvjeazc/Build/Products/Debug-iphonesimulator/PackageFrameworks -Xlinker -rpath -Xlinker @executable_path/Frameworks -rdynamic -Xlinker -no_deduplicate -Xlinker -objc_abi_version -Xlinker 2 -Xlinker -debug_variant -e ___debug_blank_executor_main -Xlinker -sectcreate -Xlinker __TEXT -Xlinker __debug_dylib -Xlinker /Users/admin15/Library/Developer/Xcode/DerivedData/Cloudyyy_App-givuluqnjhnfsleknoohwwvjeazc/Build/Intermediates.noindex/Cloudyyy_App.build/Debug-iphonesimulator/Cloudyyy_App.build/Cloudyyy_App-DebugDylibPath-normal-arm64.txt -Xlinker -sectcreate -Xlinker __TEXT -Xlinker __debug_instlnm -Xlinker /Users/admin15/Library/Developer/Xcode/DerivedData/Cloudyyy_App-givuluqnjhnfsleknoohwwvjeazc/Build/Intermediates.noindex/Cloudyyy_App.build/Debug-iphonesimulator/Cloudyyy_App.build/Cloudyyy_App-DebugDylibInstallName-normal-arm64.txt -Xlinker -filelist -Xlinker /Users/admin15/Library/Developer/Xcode/DerivedData/Cloudyyy_App-givuluqnjhnfsleknoohwwvjeazc/Build/Intermediates.noindex/Cloudyyy_App.build/Debug-iphonesimulator/Cloudyyy_App.build/Cloudyyy_App-ExecutorLinkFileList-normal-arm64.txt -Xlinker -sectcreate -Xlinker __TEXT -Xlinker __entitlements -Xlinker /Users/admin15/Library/Developer/Xcode/DerivedData/Cloudyyy_App-givuluqnjhnfsleknoohwwvjeazc/Build/Intermediates.noindex/Cloudyyy_App.build/Debug-iphonesimulator/Cloudyyy_App.build/Cloudyyy_App.app-Simulated.xcent -Xlinker -sectcreate -Xlinker __TEXT -Xlinker __ents_der -Xlinker /Users/admin15/Library/Developer/Xcode/DerivedData/Cloudyyy_App-givuluqnjhnfsleknoohwwvjeazc/Build/Intermediates.noindex/Cloudyyy_App.build/Debug-iphonesimulator/Cloudyyy_App.build/Cloudyyy_App.app-Simulated.xcent.der /Users/admin15/Library/Developer/Xcode/DerivedData/Cloudyyy_App-givuluqnjhnfsleknoohwwvjeazc/Build/Products/Debug-iphonesimulator/Cloudyyy_App.app/Cloudyyy_App.debug.dylib -Xlinker -no_adhoc_codesign -o /Users/admin15/Library/Developer/Xcode/DerivedData/Cloudyyy_App-givuluqnjhnfsleknoohwwvjeazc/Build/Products/Debug-iphonesimulator/Cloudyyy_App.app/Cloudyyy_App

ExtractAppIntentsMetadata (in target 'Cloudyyy_App' from project 'Cloudyyy_App')
    cd /Users/admin15/Documents/cloudy_23march
    /Applications/Xcode.app/Contents/Developer/Toolchains/XcodeDefault.xctoolchain/usr/bin/appintentsmetadataprocessor --toolchain-dir /var/run/com.apple.security.cryptexd/mnt/com.apple.MobileAsset.MetalToolchain-v17.3.48.0.3JfHBy/Metal.xctoolchain --module-name Cloudyyy_App --sdk-root /Applications/Xcode.app/Contents/Developer/Platforms/iPhoneSimulator.platform/Developer/SDKs/iPhoneSimulator26.2.sdk --xcode-version 17C52 --platform-family iOS --deployment-target 26.0 --bundle-identifier com.srmist.cloudyyy --output /Users/admin15/Library/Developer/Xcode/DerivedData/Cloudyyy_App-givuluqnjhnfsleknoohwwvjeazc/Build/Products/Debug-iphonesimulator/Cloudyyy_App.app --target-triple arm64-apple-ios26.0-simulator --binary-file /Users/admin15/Library/Developer/Xcode/DerivedData/Cloudyyy_App-givuluqnjhnfsleknoohwwvjeazc/Build/Products/Debug-iphonesimulator/Cloudyyy_App.app/Cloudyyy_App --dependency-file /Users/admin15/Library/Developer/Xcode/DerivedData/Cloudyyy_App-givuluqnjhnfsleknoohwwvjeazc/Build/Intermediates.noindex/Cloudyyy_App.build/Debug-iphonesimulator/Cloudyyy_App.build/Objects-normal/arm64/Cloudyyy_App_dependency_info.dat --stringsdata-file /Users/admin15/Library/Developer/Xcode/DerivedData/Cloudyyy_App-givuluqnjhnfsleknoohwwvjeazc/Build/Intermediates.noindex/Cloudyyy_App.build/Debug-iphonesimulator/Cloudyyy_App.build/Objects-normal/arm64/ExtractedAppShortcutsMetadata.stringsdata --source-file-list /Users/admin15/Library/Developer/Xcode/DerivedData/Cloudyyy_App-givuluqnjhnfsleknoohwwvjeazc/Build/Intermediates.noindex/Cloudyyy_App.build/Debug-iphonesimulator/Cloudyyy_App.build/Objects-normal/arm64/Cloudyyy_App.SwiftFileList --metadata-file-list /Users/admin15/Library/Developer/Xcode/DerivedData/Cloudyyy_App-givuluqnjhnfsleknoohwwvjeazc/Build/Intermediates.noindex/Cloudyyy_App.build/Debug-iphonesimulator/Cloudyyy_App.build/Cloudyyy_App.DependencyMetadataFileList --static-metadata-file-list /Users/admin15/Library/Developer/Xcode/DerivedData/Cloudyyy_App-givuluqnjhnfsleknoohwwvjeazc/Build/Intermediates.noindex/Cloudyyy_App.build/Debug-iphonesimulator/Cloudyyy_App.build/Cloudyyy_App.DependencyStaticMetadataFileList --swift-const-vals-list /Users/admin15/Library/Developer/Xcode/DerivedData/Cloudyyy_App-givuluqnjhnfsleknoohwwvjeazc/Build/Intermediates.noindex/Cloudyyy_App.build/Debug-iphonesimulator/Cloudyyy_App.build/Objects-normal/arm64/Cloudyyy_App.SwiftConstValuesFileList --compile-time-extraction --deployment-aware-processing --validate-assistant-intents --no-app-shortcuts-localization
2026-03-30 13:44:06.608 appintentsmetadataprocessor[65828:48037079] Starting appintentsmetadataprocessor export
2026-03-30 13:44:06.610 appintentsmetadataprocessor[65828:48037079] warning: Metadata extraction skipped. No AppIntents.framework dependency found.

CopySwiftLibs /Users/admin15/Library/Developer/Xcode/DerivedData/Cloudyyy_App-givuluqnjhnfsleknoohwwvjeazc/Build/Products/Debug-iphonesimulator/Cloudyyy_App.app (in target 'Cloudyyy_App' from project 'Cloudyyy_App')
    cd /Users/admin15/Documents/cloudy_23march
    builtin-swiftStdLibTool --copy --verbose --sign - --scan-executable /Users/admin15/Library/Developer/Xcode/DerivedData/Cloudyyy_App-givuluqnjhnfsleknoohwwvjeazc/Build/Products/Debug-iphonesimulator/Cloudyyy_App.app/Cloudyyy_App.debug.dylib --scan-folder /Users/admin15/Library/Developer/Xcode/DerivedData/Cloudyyy_App-givuluqnjhnfsleknoohwwvjeazc/Build/Products/Debug-iphonesimulator/Cloudyyy_App.app/Frameworks --scan-folder /Users/admin15/Library/Developer/Xcode/DerivedData/Cloudyyy_App-givuluqnjhnfsleknoohwwvjeazc/Build/Products/Debug-iphonesimulator/Cloudyyy_App.app/PlugIns --scan-folder /Users/admin15/Library/Developer/Xcode/DerivedData/Cloudyyy_App-givuluqnjhnfsleknoohwwvjeazc/Build/Products/Debug-iphonesimulator/Cloudyyy_App.app/SystemExtensions --scan-folder /Users/admin15/Library/Developer/Xcode/DerivedData/Cloudyyy_App-givuluqnjhnfsleknoohwwvjeazc/Build/Products/Debug-iphonesimulator/Cloudyyy_App.app/Extensions --platform iphonesimulator --toolchain /var/run/com.apple.security.cryptexd/mnt/com.apple.MobileAsset.MetalToolchain-v17.3.48.0.3JfHBy/Metal.xctoolchain --toolchain /Applications/Xcode.app/Contents/Developer/Toolchains/XcodeDefault.xctoolchain --destination /Users/admin15/Library/Developer/Xcode/DerivedData/Cloudyyy_App-givuluqnjhnfsleknoohwwvjeazc/Build/Products/Debug-iphonesimulator/Cloudyyy_App.app/Frameworks --strip-bitcode --strip-bitcode-tool /Applications/Xcode.app/Contents/Developer/Toolchains/XcodeDefault.xctoolchain/usr/bin/bitcode_strip --emit-dependency-info /Users/admin15/Library/Developer/Xcode/DerivedData/Cloudyyy_App-givuluqnjhnfsleknoohwwvjeazc/Build/Intermediates.noindex/Cloudyyy_App.build/Debug-iphonesimulator/Cloudyyy_App.build/SwiftStdLibToolInputDependencies.dep --filter-for-swift-os

ProcessInfoPlistFile /Users/admin15/Library/Developer/Xcode/DerivedData/Cloudyyy_App-givuluqnjhnfsleknoohwwvjeazc/Build/Products/Debug-iphonesimulator/Cloudyyy_App.app/Info.plist /Users/admin15/Documents/cloudy_23march/Cloudyyy_App/Info.plist (in target 'Cloudyyy_App' from project 'Cloudyyy_App')
    cd /Users/admin15/Documents/cloudy_23march
    builtin-infoPlistUtility /Users/admin15/Documents/cloudy_23march/Cloudyyy_App/Info.plist -producttype com.apple.product-type.application -genpkginfo /Users/admin15/Library/Developer/Xcode/DerivedData/Cloudyyy_App-givuluqnjhnfsleknoohwwvjeazc/Build/Products/Debug-iphonesimulator/Cloudyyy_App.app/PkgInfo -expandbuildsettings -format binary -platform iphonesimulator -additionalcontentfile /Users/admin15/Library/Developer/Xcode/DerivedData/Cloudyyy_App-givuluqnjhnfsleknoohwwvjeazc/Build/Intermediates.noindex/Cloudyyy_App.build/Debug-iphonesimulator/Cloudyyy_App.build/Base.lproj/LaunchScreen-SBPartialInfo.plist -additionalcontentfile /Users/admin15/Library/Developer/Xcode/DerivedData/Cloudyyy_App-givuluqnjhnfsleknoohwwvjeazc/Build/Intermediates.noindex/Cloudyyy_App.build/Debug-iphonesimulator/Cloudyyy_App.build/Base.lproj/Main-SBPartialInfo.plist -additionalcontentfile /Users/admin15/Library/Developer/Xcode/DerivedData/Cloudyyy_App-givuluqnjhnfsleknoohwwvjeazc/Build/Intermediates.noindex/Cloudyyy_App.build/Debug-iphonesimulator/Cloudyyy_App.build/assetcatalog_generated_info.plist -scanforprivacyfile /Users/admin15/Library/Developer/Xcode/DerivedData/Cloudyyy_App-givuluqnjhnfsleknoohwwvjeazc/Build/Products/Debug-iphonesimulator/Cloudyyy_App.app/Lottie_Lottie.bundle -scanforprivacyfile /Users/admin15/Library/Developer/Xcode/DerivedData/Cloudyyy_App-givuluqnjhnfsleknoohwwvjeazc/Build/Products/Debug-iphonesimulator/Cloudyyy_App.app/swift-crypto_Crypto.bundle -o /Users/admin15/Library/Developer/Xcode/DerivedData/Cloudyyy_App-givuluqnjhnfsleknoohwwvjeazc/Build/Products/Debug-iphonesimulator/Cloudyyy_App.app/Info.plist

CodeSign /Users/admin15/Library/Developer/Xcode/DerivedData/Cloudyyy_App-givuluqnjhnfsleknoohwwvjeazc/Build/Products/Debug-iphonesimulator/Cloudyyy_App.app/Cloudyyy_App.debug.dylib (in target 'Cloudyyy_App' from project 'Cloudyyy_App')
    cd /Users/admin15/Documents/cloudy_23march
    
    Signing Identity:     "Sign to Run Locally"
    
    /usr/bin/codesign --force --sign - --timestamp\=none --generate-entitlement-der /Users/admin15/Library/Developer/Xcode/DerivedData/Cloudyyy_App-givuluqnjhnfsleknoohwwvjeazc/Build/Products/Debug-iphonesimulator/Cloudyyy_App.app/Cloudyyy_App.debug.dylib

CodeSign /Users/admin15/Library/Developer/Xcode/DerivedData/Cloudyyy_App-givuluqnjhnfsleknoohwwvjeazc/Build/Products/Debug-iphonesimulator/Cloudyyy_App.app/__preview.dylib (in target 'Cloudyyy_App' from project 'Cloudyyy_App')
    cd /Users/admin15/Documents/cloudy_23march
    
    Signing Identity:     "Sign to Run Locally"
    
    /usr/bin/codesign --force --sign - --timestamp\=none --generate-entitlement-der /Users/admin15/Library/Developer/Xcode/DerivedData/Cloudyyy_App-givuluqnjhnfsleknoohwwvjeazc/Build/Products/Debug-iphonesimulator/Cloudyyy_App.app/__preview.dylib

CodeSign /Users/admin15/Library/Developer/Xcode/DerivedData/Cloudyyy_App-givuluqnjhnfsleknoohwwvjeazc/Build/Products/Debug-iphonesimulator/Cloudyyy_App.app (in target 'Cloudyyy_App' from project 'Cloudyyy_App')
    cd /Users/admin15/Documents/cloudy_23march
    
    Signing Identity:     "Sign to Run Locally"
    
    /usr/bin/codesign --force --sign - --timestamp\=none --generate-entitlement-der /Users/admin15/Library/Developer/Xcode/DerivedData/Cloudyyy_App-givuluqnjhnfsleknoohwwvjeazc/Build/Products/Debug-iphonesimulator/Cloudyyy_App.app

Validate /Users/admin15/Library/Developer/Xcode/DerivedData/Cloudyyy_App-givuluqnjhnfsleknoohwwvjeazc/Build/Products/Debug-iphonesimulator/Cloudyyy_App.app (in target 'Cloudyyy_App' from project 'Cloudyyy_App')
    cd /Users/admin15/Documents/cloudy_23march
    builtin-validationUtility /Users/admin15/Library/Developer/Xcode/DerivedData/Cloudyyy_App-givuluqnjhnfsleknoohwwvjeazc/Build/Products/Debug-iphonesimulator/Cloudyyy_App.app -shallow-bundle -infoplist-subpath Info.plist

** BUILD SUCCEEDED **

